Archive member included because of file (symbol)

/Users/davidcranor/Documents/arm/bin/../lib/gcc/arm-none-eabi/4.4.1/../../../../arm-none-eabi/lib/thumb2/libstdc++.a(atexit_arm.o)
                              build//Users/davidcranor/Documents/libmaple/libraries/Wire/Wire.o (__aeabi_atexit)
/Users/davidcranor/Documents/arm/bin/../lib/gcc/arm-none-eabi/4.4.1/thumb2/libgcc.a(_arm_addsubdf3.o)
                              build//Users/davidcranor/Documents/libmaple/wirish/Print.o (__aeabi_dsub)
/Users/davidcranor/Documents/arm/bin/../lib/gcc/arm-none-eabi/4.4.1/thumb2/libgcc.a(_arm_muldivdf3.o)
                              build//Users/davidcranor/Documents/libmaple/wirish/Print.o (__aeabi_dmul)
/Users/davidcranor/Documents/arm/bin/../lib/gcc/arm-none-eabi/4.4.1/thumb2/libgcc.a(_arm_cmpdf2.o)
                              build//Users/davidcranor/Documents/libmaple/wirish/Print.o (__aeabi_dcmplt)
/Users/davidcranor/Documents/arm/bin/../lib/gcc/arm-none-eabi/4.4.1/thumb2/libgcc.a(_arm_fixdfsi.o)
                              build//Users/davidcranor/Documents/libmaple/wirish/Print.o (__aeabi_d2iz)
/Users/davidcranor/Documents/arm/bin/../lib/gcc/arm-none-eabi/4.4.1/thumb2/libgcc.a(_arm_cmpsf2.o)
                              build//Users/davidcranor/Documents/libmaple/libraries/PlotSender/plotSender.o (__aeabi_fcmpge)
/Users/davidcranor/Documents/arm/bin/../lib/gcc/arm-none-eabi/4.4.1/thumb2/libgcc.a(_aeabi_uldivmod.o)
                              build//Users/davidcranor/Documents/libmaple/wirish/Print.o (__aeabi_uldivmod)
/Users/davidcranor/Documents/arm/bin/../lib/gcc/arm-none-eabi/4.4.1/thumb2/libgcc.a(_fixdfdi.o)
                              build//Users/davidcranor/Documents/libmaple/wirish/Print.o (__aeabi_d2lz)
/Users/davidcranor/Documents/arm/bin/../lib/gcc/arm-none-eabi/4.4.1/thumb2/libgcc.a(_fixunsdfdi.o)
                              /Users/davidcranor/Documents/arm/bin/../lib/gcc/arm-none-eabi/4.4.1/thumb2/libgcc.a(_fixdfdi.o) (__aeabi_d2ulz)
/Users/davidcranor/Documents/arm/bin/../lib/gcc/arm-none-eabi/4.4.1/thumb2/libgcc.a(bpabi.o)
                              /Users/davidcranor/Documents/arm/bin/../lib/gcc/arm-none-eabi/4.4.1/thumb2/libgcc.a(_aeabi_uldivmod.o) (__gnu_uldivmod_helper)
/Users/davidcranor/Documents/arm/bin/../lib/gcc/arm-none-eabi/4.4.1/thumb2/libgcc.a(_dvmd_tls.o)
                              /Users/davidcranor/Documents/arm/bin/../lib/gcc/arm-none-eabi/4.4.1/thumb2/libgcc.a(_aeabi_uldivmod.o) (__aeabi_ldiv0)
/Users/davidcranor/Documents/arm/bin/../lib/gcc/arm-none-eabi/4.4.1/thumb2/libgcc.a(_arm_fixunsdfsi.o)
                              /Users/davidcranor/Documents/arm/bin/../lib/gcc/arm-none-eabi/4.4.1/thumb2/libgcc.a(_fixunsdfdi.o) (__aeabi_d2uiz)
/Users/davidcranor/Documents/arm/bin/../lib/gcc/arm-none-eabi/4.4.1/thumb2/libgcc.a(_divdi3.o)
                              /Users/davidcranor/Documents/arm/bin/../lib/gcc/arm-none-eabi/4.4.1/thumb2/libgcc.a(bpabi.o) (__divdi3)
/Users/davidcranor/Documents/arm/bin/../lib/gcc/arm-none-eabi/4.4.1/thumb2/libgcc.a(_udivdi3.o)
                              /Users/davidcranor/Documents/arm/bin/../lib/gcc/arm-none-eabi/4.4.1/thumb2/libgcc.a(bpabi.o) (__udivdi3)
/Users/davidcranor/Documents/arm/bin/../lib/gcc/arm-none-eabi/4.4.1/thumb2/libgcc.a(_udivsi3.o)
                              /Users/davidcranor/Documents/arm/bin/../lib/gcc/arm-none-eabi/4.4.1/thumb2/libgcc.a(_divdi3.o) (__aeabi_uidiv)
/Users/davidcranor/Documents/arm/bin/../lib/gcc/arm-none-eabi/4.4.1/../../../../arm-none-eabi/lib/thumb2/libc.a(lib_a-cxa_atexit.o)
                              /Users/davidcranor/Documents/arm/bin/../lib/gcc/arm-none-eabi/4.4.1/../../../../arm-none-eabi/lib/thumb2/libstdc++.a(atexit_arm.o) (__cxa_atexit)
/Users/davidcranor/Documents/arm/bin/../lib/gcc/arm-none-eabi/4.4.1/../../../../arm-none-eabi/lib/thumb2/libc.a(lib_a-errno.o)
                              build//Users/davidcranor/Documents/libmaple/wirish/syscalls.o (__errno)
/Users/davidcranor/Documents/arm/bin/../lib/gcc/arm-none-eabi/4.4.1/../../../../arm-none-eabi/lib/thumb2/libc.a(lib_a-impure.o)
                              /Users/davidcranor/Documents/arm/bin/../lib/gcc/arm-none-eabi/4.4.1/../../../../arm-none-eabi/lib/thumb2/libc.a(lib_a-errno.o) (_impure_ptr)
/Users/davidcranor/Documents/arm/bin/../lib/gcc/arm-none-eabi/4.4.1/../../../../arm-none-eabi/lib/thumb2/libc.a(lib_a-init.o)
                              build//Users/davidcranor/Documents/libmaple/wirish/start_c.o (__libc_init_array)
/Users/davidcranor/Documents/arm/bin/../lib/gcc/arm-none-eabi/4.4.1/../../../../arm-none-eabi/lib/thumb2/libc.a(lib_a-memcmp.o)
                              build//Users/davidcranor/Documents/libmaple/libraries/FreeRTOS/utility/tasks.o (memcmp)
/Users/davidcranor/Documents/arm/bin/../lib/gcc/arm-none-eabi/4.4.1/../../../../arm-none-eabi/lib/thumb2/libc.a(lib_a-memcpy.o)
                              build//Users/davidcranor/Documents/libmaple/libraries/FreeRTOS/utility/queue.o (memcpy)
[...]
Memory Configuration

Name             Origin             Length             Attributes
ram              0x20000c00         0x00004400         xrw
rom              0x08005000         0x0001b000         xr
*default*        0x00000000         0xffffffff

Linker script and memory map

LOAD /Users/davidcranor/Documents/arm/bin/../lib/gcc/arm-none-eabi/4.4.1/thumb2/crti.o
LOAD /Users/davidcranor/Documents/arm/bin/../lib/gcc/arm-none-eabi/4.4.1/thumb2/crtbegin.o
START GROUP
LOAD /Users/davidcranor/Documents/arm/bin/../lib/gcc/arm-none-eabi/4.4.1/thumb2/libgcc.a
LOAD /Users/davidcranor/Documents/arm/bin/../lib/gcc/arm-none-eabi/4.4.1/../../../../arm-none-eabi/lib/thumb2/libc.a
LOAD /Users/davidcranor/Documents/arm/bin/../lib/gcc/arm-none-eabi/4.4.1/../../../../arm-none-eabi/lib/thumb2/libm.a
END GROUP
                0x20005000                PROVIDE (__msp_init, 0x20005000)
                0x08007534                PROVIDE (__exc_reset, __start__)

.text           0x08005000     0x3fcc
                0x08005000                __text_start__ = .
 *(.stm32.interrupt_vector)
 .stm32.interrupt_vector
                0x08005000       0xec build//Users/davidcranor/Documents/libmaple/libmaple/stm32f1/performance/vector_table.o
                0x08005000                __stm32_vector_table
 *(.text .text.* .gnu.linkonce.t.*)
 .text          0x080050ec       0x30 /Users/davidcranor/Documents/arm/bin/../lib/gcc/arm-none-eabi/4.4.1/thumb2/crtbegin.o
 .text.adc_set_extsel
                0x0800511c       0x10 build//Users/davidcranor/Documents/libmaple/libmaple/adc.o
                0x0800511c                adc_set_extsel
 .text.adc_set_sample_rate
                0x0800512c       0x2e build//Users/davidcranor/Documents/libmaple/libmaple/adc.o
                0x0800512c                adc_set_sample_rate
 .text.adc_init
                0x0800515a       0x14 build//Users/davidcranor/Documents/libmaple/libmaple/adc.o
                0x0800515a                adc_init
 *fill*         0x0800516e        0x2 00
 .text.__irq_exti0
                0x08005170       0x20 build//Users/davidcranor/Documents/libmaple/libmaple/exti.o
                0x08005170                __irq_exti0
 .text.__irq_exti1
                0x08005190       0x20 build//Users/davidcranor/Documents/libmaple/libmaple/exti.o
                0x08005190                __irq_exti1
 .text.__irq_exti2
                0x080051b0       0x20 build//Users/davidcranor/Documents/libmaple/libmaple/exti.o
                0x080051b0                __irq_exti2
 .text.__irq_exti3
                0x080051d0       0x20 build//Users/davidcranor/Documents/libmaple/libmaple/exti.o
                0x080051d0                __irq_exti3
 .text.__irq_exti4
                0x080051f0       0x20 build//Users/davidcranor/Documents/libmaple/libmaple/exti.o
                0x080051f0                __irq_exti4
 .text.__irq_exti9_5
                0x08005210       0x40 build//Users/davidcranor/Documents/libmaple/libmaple/exti.o
                0x08005210                __irq_exti9_5
 .text.__irq_exti15_10
                0x08005250       0x40 build//Users/davidcranor/Documents/libmaple/libmaple/exti.o
                0x08005250                __irq_exti15_10
 .text.flash_set_latency
                0x08005290       0x14 build//Users/davidcranor/Documents/libmaple/libmaple/flash.o
                0x08005290                flash_set_latency
 .text.gpio_init
                0x080052a4       0x14 build//Users/davidcranor/Documents/libmaple/libmaple/gpio.o
                0x080052a4                gpio_init
 .text.nvic_irq_set_priority
                0x080052b8       0x2c build//Users/davidcranor/Documents/libmaple/libmaple/nvic.o
                0x080052b8                nvic_irq_set_priority
 .text.nvic_set_vector_table
                0x080052e4       0x14 build//Users/davidcranor/Documents/libmaple/libmaple/nvic.o
                0x080052e4                nvic_set_vector_table
 .text.nvic_init
                0x080052f8       0x24 build//Users/davidcranor/Documents/libmaple/libmaple/nvic.o
                0x080052f8                nvic_init
 .text.nvic_sys_reset
                0x0800531c       0x20 build//Users/davidcranor/Documents/libmaple/libmaple/nvic.o
                0x0800531c                nvic_sys_reset
 .text.rcc_dev_clk
                0x0800533c        0xc build//Users/davidcranor/Documents/libmaple/libmaple/rcc.o
                0x0800533c                rcc_dev_clk
 .text.rcc_switch_sysclk
                0x08005348       0x24 build//Users/davidcranor/Documents/libmaple/libmaple/rcc.o
                0x08005348                rcc_switch_sysclk
 .text.rcc_clk_reg
                0x0800536c        0xc build//Users/davidcranor/Documents/libmaple/libmaple/rcc.o
 .text.rcc_clk_on_mask
                0x08005378        0xa build//Users/davidcranor/Documents/libmaple/libmaple/rcc.o
 .text.rcc_turn_on_clk
                0x08005382       0x1a build//Users/davidcranor/Documents/libmaple/libmaple/rcc.o
                0x08005382                rcc_turn_on_clk
 .text.rcc_turn_off_clk
                0x0800539c       0x1a build//Users/davidcranor/Documents/libmaple/libmaple/rcc.o
                0x0800539c                rcc_turn_off_clk
 .text.rcc_is_clk_on
                0x080053b6       0x1a build//Users/davidcranor/Documents/libmaple/libmaple/rcc.o
                0x080053b6                rcc_is_clk_on
 .text.rcc_is_clk_ready
                0x080053d0       0x16 build//Users/davidcranor/Documents/libmaple/libmaple/rcc.o
                0x080053d0                rcc_is_clk_ready
 *fill*         0x080053e6        0x2 00
 .text.systick_enable
                0x080053e8        0xc build//Users/davidcranor/Documents/libmaple/libmaple/systick.o
                0x080053e8                systick_enable
 .text.systick_init
                0x080053f4        0xc build//Users/davidcranor/Documents/libmaple/libmaple/systick.o
                0x080053f4                systick_init
 .text.__exc_systick
                0x08005400       0x1c build//Users/davidcranor/Documents/libmaple/libmaple/systick.o
                0x08005400                __exc_systick
 .text.timer_oc_set_mode
                0x0800541c       0x38 build//Users/davidcranor/Documents/libmaple/libmaple/timer.o
 .text.timer_foreach
                0x08005454       0x30 build//Users/davidcranor/Documents/libmaple/libmaple/timer.o
                0x08005454                timer_foreach
 .text.timer_disable
                0x08005484       0x12 build//Users/davidcranor/Documents/libmaple/libmaple/timer.o
                0x08005484                timer_disable
 *fill*         0x08005496        0x2 00
 .text.timer_has_cc_channel
                0x08005498       0x50 build//Users/davidcranor/Documents/libmaple/libmaple/timer.o
                0x08005498                timer_has_cc_channel
 .text.timer_init
                0x080054e8       0x14 build//Users/davidcranor/Documents/libmaple/libmaple/timer.o
                0x080054e8                timer_init
 .text.bb_perip
                0x080054fc        0xc build//Users/davidcranor/Documents/libmaple/libmaple/timer.o
 .text.timer_disable_irq
                0x08005508       0x10 build//Users/davidcranor/Documents/libmaple/libmaple/timer.o
 .text.timer_detach_interrupt
                0x08005518       0x14 build//Users/davidcranor/Documents/libmaple/libmaple/timer.o
                0x08005518                timer_detach_interrupt
 .text.timer_cc_enable
                0x0800552c       0x14 build//Users/davidcranor/Documents/libmaple/libmaple/timer.o
 .text.timer_set_mode
                0x08005540       0x90 build//Users/davidcranor/Documents/libmaple/libmaple/timer.o
                0x08005540                timer_set_mode
 .text.usart_enable
                0x080055d0       0x10 build//Users/davidcranor/Documents/libmaple/libmaple/usart.o
                0x080055d0                usart_enable
 .text.usart_disable
                0x080055e0       0x22 build//Users/davidcranor/Documents/libmaple/libmaple/usart.o
                0x080055e0                usart_disable
 .text.usart_tx
                0x08005602       0x1c build//Users/davidcranor/Documents/libmaple/libmaple/usart.o
                0x08005602                usart_tx
 .text.usart_putudec
                0x0800561e       0x44 build//Users/davidcranor/Documents/libmaple/libmaple/usart.o
                0x0800561e                usart_putudec
 *fill*         0x08005662        0x2 00
 .text.usart_init
                0x08005664       0x44 build//Users/davidcranor/Documents/libmaple/libmaple/usart.o
                0x08005664                usart_init
 .text._usart_clock_freq
                0x080056a8       0x24 build//Users/davidcranor/Documents/libmaple/libmaple/usart_private.o
                0x080056a8                _usart_clock_freq
 .text.usart_putc
                0x080056cc       0x1a build//Users/davidcranor/Documents/libmaple/libmaple/util.o
 .text.usart_putstr
                0x080056e6       0x1a build//Users/davidcranor/Documents/libmaple/libmaple/util.o
 .text.T.10     0x08005700       0x16 build//Users/davidcranor/Documents/libmaple/libmaple/util.o
 *fill*         0x08005716        0x2 00
 .text.throb    0x08005718       0x4c build//Users/davidcranor/Documents/libmaple/libmaple/util.o
                0x08005718                throb
 .text.__error  0x08005764       0x14 build//Users/davidcranor/Documents/libmaple/libmaple/util.o
                0x08005764                __error
 .text._fail    0x08005778       0x64 build//Users/davidcranor/Documents/libmaple/libmaple/util.o
                0x08005778                _fail
 .text.i2c_start_condition
                0x080057dc       0x14 build//Users/davidcranor/Documents/libmaple/libmaple/i2c.o
 .text.i2c_stop_condition
                0x080057f0       0x1c build//Users/davidcranor/Documents/libmaple/libmaple/i2c.o
 .text.i2c_disable_irq
                0x0800580c        0xc build//Users/davidcranor/Documents/libmaple/libmaple/i2c.o
 .text.i2c_enable_ack
                0x08005818        0xc build//Users/davidcranor/Documents/libmaple/libmaple/i2c.o
 .text.i2c_disable_ack
                0x08005824        0xc build//Users/davidcranor/Documents/libmaple/libmaple/i2c.o
 .text.i2c_write
                0x08005830        0x6 build//Users/davidcranor/Documents/libmaple/libmaple/i2c.o
 .text._i2c_irq_error_handler
                0x08005836       0x6a build//Users/davidcranor/Documents/libmaple/libmaple/i2c.o
                0x08005836                _i2c_irq_error_handler
 .text.i2c_enable_irq
                0x080058a0       0x14 build//Users/davidcranor/Documents/libmaple/libmaple/i2c.o
 .text._i2c_irq_handler
                0x080058b4      0x2bc build//Users/davidcranor/Documents/libmaple/libmaple/i2c.o
                0x080058b4                _i2c_irq_handler
 .text          0x08005b70       0x60 build//Users/davidcranor/Documents/libmaple/libmaple/exc.o
                0x08005b70                __exc_nmi
                0x08005b74                __exc_hardfault
                0x08005b78                __exc_memmanage
                0x08005b7c                __exc_busfault
                0x08005b80                __exc_usagefault
 .text.usb_clear_ctr_rx
                0x08005bd0       0x18 build//Users/davidcranor/Documents/libmaple/libmaple/usb/stm32f1/usb.o
 .text.usb_clear_ctr_tx
                0x08005be8       0x18 build//Users/davidcranor/Documents/libmaple/libmaple/usb/stm32f1/usb.o
 .text.usb_resume_init
                0x08005c00       0x1c build//Users/davidcranor/Documents/libmaple/libmaple/usb/stm32f1/usb.o
 .text.usb_resume
                0x08005c1c       0xa8 build//Users/davidcranor/Documents/libmaple/libmaple/usb/stm32f1/usb.o
 .text.handle_in0
                0x08005cc4        0x4 build//Users/davidcranor/Documents/libmaple/libmaple/usb/stm32f1/usb.o
 .text.usb_init_usblib
                0x08005cc8       0x48 build//Users/davidcranor/Documents/libmaple/libmaple/usb/stm32f1/usb.o
                0x08005cc8                usb_init_usblib
 .text.set_rx_tx_status0
                0x08005d10       0x38 build//Users/davidcranor/Documents/libmaple/libmaple/usb/stm32f1/usb.o
 .text.__irq_usb_lp_can_rx0
                0x08005d48      0x19c build//Users/davidcranor/Documents/libmaple/libmaple/usb/stm32f1/usb.o
                0x08005d48                __irq_usb_lp_can_rx0
 .text.usb_pma_ptr
                0x08005ee4        0xc build//Users/davidcranor/Documents/libmaple/libmaple/usb/stm32f1/usb_reg_map.o
 .text.usb_btable_ptr
                0x08005ef0       0x10 build//Users/davidcranor/Documents/libmaple/libmaple/usb/stm32f1/usb_reg_map.o
 .text.usb_copy_to_pma
                0x08005f00       0x44 build//Users/davidcranor/Documents/libmaple/libmaple/usb/stm32f1/usb_reg_map.o
                0x08005f00                usb_copy_to_pma
 .text.usb_copy_from_pma
                0x08005f44       0x30 build//Users/davidcranor/Documents/libmaple/libmaple/usb/stm32f1/usb_reg_map.o
                0x08005f44                usb_copy_from_pma
 .text.usb_set_ep_rx_count_common
                0x08005f74       0x28 build//Users/davidcranor/Documents/libmaple/libmaple/usb/stm32f1/usb_reg_map.o
 .text.usb_set_ep_rx_count
                0x08005f9c       0x16 build//Users/davidcranor/Documents/libmaple/libmaple/usb/stm32f1/usb_reg_map.o
                0x08005f9c                usb_set_ep_rx_count
 .text.gpio_write_bit
                0x08005fb2       0x18 build//Users/davidcranor/Documents/libmaple/libmaple/usb/stm32f1/usb_cdcacm.o
 *fill*         0x08005fca        0x2 00
 .text.usb_set_ep_rx_stat
                0x08005fcc       0x24 build//Users/davidcranor/Documents/libmaple/libmaple/usb/stm32f1/usb_cdcacm.o
 .text.usb_set_ep_tx_stat
                0x08005ff0       0x24 build//Users/davidcranor/Documents/libmaple/libmaple/usb/stm32f1/usb_cdcacm.o
 .text.usb_set_ep_type
                0x08006014       0x1c build//Users/davidcranor/Documents/libmaple/libmaple/usb/stm32f1/usb_cdcacm.o
 .text.usb_btable_ptr
                0x08006030       0x18 build//Users/davidcranor/Documents/libmaple/libmaple/usb/stm32f1/usb_cdcacm.o
 .text.usb_set_ep_tx_addr
                0x08006048       0x12 build//Users/davidcranor/Documents/libmaple/libmaple/usb/stm32f1/usb_cdcacm.o
 .text.usb_set_ep_rx_addr
                0x0800605a       0x14 build//Users/davidcranor/Documents/libmaple/libmaple/usb/stm32f1/usb_cdcacm.o
 *fill*         0x0800606e        0x2 00
 .text.usb_cdcacm_set_hooks
                0x08006070       0x20 build//Users/davidcranor/Documents/libmaple/libmaple/usb/stm32f1/usb_cdcacm.o
                0x08006070                usb_cdcacm_set_hooks
 .text.usb_cdcacm_data_available
                0x08006090        0xc build//Users/davidcranor/Documents/libmaple/libmaple/usb/stm32f1/usb_cdcacm.o
                0x08006090                usb_cdcacm_data_available
 .text.usb_cdcacm_is_transmitting
                0x0800609c        0xc build//Users/davidcranor/Documents/libmaple/libmaple/usb/stm32f1/usb_cdcacm.o
                0x0800609c                usb_cdcacm_is_transmitting
 .text.usb_cdcacm_peek
                0x080060a8       0x34 build//Users/davidcranor/Documents/libmaple/libmaple/usb/stm32f1/usb_cdcacm.o
                0x080060a8                usb_cdcacm_peek
 .text.usb_cdcacm_get_dtr
                0x080060dc       0x10 build//Users/davidcranor/Documents/libmaple/libmaple/usb/stm32f1/usb_cdcacm.o
                0x080060dc                usb_cdcacm_get_dtr
 .text.vcomDataTxCb
                0x080060ec       0x14 build//Users/davidcranor/Documents/libmaple/libmaple/usb/stm32f1/usb_cdcacm.o
 .text.vcomGetSetLineCoding
                0x08006100       0x18 build//Users/davidcranor/Documents/libmaple/libmaple/usb/stm32f1/usb_cdcacm.o
 .text.usbDataSetup
                0x08006118       0x5c build//Users/davidcranor/Documents/libmaple/libmaple/usb/stm32f1/usb_cdcacm.o
 .text.usbNoDataSetup
                0x08006174       0x4c build//Users/davidcranor/Documents/libmaple/libmaple/usb/stm32f1/usb_cdcacm.o
 .text.usbGetInterfaceSetting
                0x080061c0        0xe build//Users/davidcranor/Documents/libmaple/libmaple/usb/stm32f1/usb_cdcacm.o
 *fill*         0x080061ce        0x2 00
 .text.usbSetConfiguration
                0x080061d0       0x1c build//Users/davidcranor/Documents/libmaple/libmaple/usb/stm32f1/usb_cdcacm.o
 .text.usbSetDeviceAddress
                0x080061ec       0x10 build//Users/davidcranor/Documents/libmaple/libmaple/usb/stm32f1/usb_cdcacm.o
 .text.usbGetStringDescriptor
                0x080061fc       0x20 build//Users/davidcranor/Documents/libmaple/libmaple/usb/stm32f1/usb_cdcacm.o
 .text.usbGetConfigDescriptor
                0x0800621c        0xc build//Users/davidcranor/Documents/libmaple/libmaple/usb/stm32f1/usb_cdcacm.o
 .text.usbGetDeviceDescriptor
                0x08006228        0xc build//Users/davidcranor/Documents/libmaple/libmaple/usb/stm32f1/usb_cdcacm.o
 .text.usb_cdcacm_enable
                0x08006234       0x34 build//Users/davidcranor/Documents/libmaple/libmaple/usb/stm32f1/usb_cdcacm.o
                0x08006234                usb_cdcacm_enable
 .text.usbInit  0x08006268       0x44 build//Users/davidcranor/Documents/libmaple/libmaple/usb/stm32f1/usb_cdcacm.o
 .text.vcomDataRxCb
                0x080062ac       0x64 build//Users/davidcranor/Documents/libmaple/libmaple/usb/stm32f1/usb_cdcacm.o
 .text.usbReset
                0x08006310      0x104 build//Users/davidcranor/Documents/libmaple/libmaple/usb/stm32f1/usb_cdcacm.o
 .text.usb_cdcacm_tx
                0x08006414       0x48 build//Users/davidcranor/Documents/libmaple/libmaple/usb/stm32f1/usb_cdcacm.o
                0x08006414                usb_cdcacm_tx
 .text.Standard_GetConfiguration
                0x0800645c       0x28 build//Users/davidcranor/Documents/libmaple/libmaple/usb/usb_lib/usb_core.o
                0x0800645c                Standard_GetConfiguration
 .text.Standard_SetConfiguration
                0x08006484       0x38 build//Users/davidcranor/Documents/libmaple/libmaple/usb/usb_lib/usb_core.o
                0x08006484                Standard_SetConfiguration
 .text.Standard_GetInterface
                0x080064bc       0x28 build//Users/davidcranor/Documents/libmaple/libmaple/usb/usb_lib/usb_core.o
                0x080064bc                Standard_GetInterface
 .text.Standard_SetInterface
                0x080064e4       0x48 build//Users/davidcranor/Documents/libmaple/libmaple/usb/usb_lib/usb_core.o
                0x080064e4                Standard_SetInterface
 .text.Standard_GetStatus
                0x0800652c       0xa4 build//Users/davidcranor/Documents/libmaple/libmaple/usb/usb_lib/usb_core.o
                0x0800652c                Standard_GetStatus
 .text.Standard_SetEndPointFeature
                0x080065d0       0x84 build//Users/davidcranor/Documents/libmaple/libmaple/usb/usb_lib/usb_core.o
                0x080065d0                Standard_SetEndPointFeature
 .text.Standard_SetDeviceFeature
                0x08006654       0x24 build//Users/davidcranor/Documents/libmaple/libmaple/usb/usb_lib/usb_core.o
                0x08006654                Standard_SetDeviceFeature
 .text.Standard_GetDescriptorData
                0x08006678       0x1c build//Users/davidcranor/Documents/libmaple/libmaple/usb/usb_lib/usb_core.o
                0x08006678                Standard_GetDescriptorData
 .text.SetDeviceAddress
                0x08006694       0x44 build//Users/davidcranor/Documents/libmaple/libmaple/usb/usb_lib/usb_core.o
                0x08006694                SetDeviceAddress
 .text.NOP_Process
                0x080066d8        0x2 build//Users/davidcranor/Documents/libmaple/libmaple/usb/usb_lib/usb_core.o
                0x080066d8                NOP_Process
 *fill*         0x080066da        0x2 00
 .text.Post0_Process
                0x080066dc       0x44 build//Users/davidcranor/Documents/libmaple/libmaple/usb/usb_lib/usb_core.o
                0x080066dc                Post0_Process
 .text.Out0_Process
                0x08006720       0xd4 build//Users/davidcranor/Documents/libmaple/libmaple/usb/usb_lib/usb_core.o
                0x08006720                Out0_Process
 .text.DataStageIn
                0x080067f4       0xac build//Users/davidcranor/Documents/libmaple/libmaple/usb/usb_lib/usb_core.o
 .text.In0_Process
                0x080068a0       0x60 build//Users/davidcranor/Documents/libmaple/libmaple/usb/usb_lib/usb_core.o
                0x080068a0                In0_Process
 .text.Standard_ClearFeature
                0x08006900       0xd4 build//Users/davidcranor/Documents/libmaple/libmaple/usb/usb_lib/usb_core.o
                0x08006900                Standard_ClearFeature
 .text.Setup0_Process
                0x080069d4      0x304 build//Users/davidcranor/Documents/libmaple/libmaple/usb/usb_lib/usb_core.o
                0x080069d4                Setup0_Process
 .text.UserToPMABufferCopy
                0x08006cd8       0x2e build//Users/davidcranor/Documents/libmaple/libmaple/usb/usb_lib/usb_mem.o
                0x08006cd8                UserToPMABufferCopy
 .text.PMAToUserBufferCopy
                0x08006d06       0x24 build//Users/davidcranor/Documents/libmaple/libmaple/usb/usb_lib/usb_mem.o
                0x08006d06                PMAToUserBufferCopy
 .text.SetEPTxStatus
                0x08006d2a       0x2c build//Users/davidcranor/Documents/libmaple/libmaple/usb/usb_lib/usb_regs.o
                0x08006d2a                SetEPTxStatus
 .text.ClearDTOG_RX
                0x08006d56       0x24 build//Users/davidcranor/Documents/libmaple/libmaple/usb/usb_lib/usb_regs.o
                0x08006d56                ClearDTOG_RX
 .text.ClearDTOG_TX
                0x08006d7a       0x24 build//Users/davidcranor/Documents/libmaple/libmaple/usb/usb_lib/usb_regs.o
                0x08006d7a                ClearDTOG_TX
 *fill*         0x08006d9e        0x2 00
 .text.GetEPTxAddr
                0x08006da0       0x1c build//Users/davidcranor/Documents/libmaple/libmaple/usb/usb_lib/usb_regs.o
                0x08006da0                GetEPTxAddr
 .text.GetEPRxAddr
                0x08006dbc       0x1c build//Users/davidcranor/Documents/libmaple/libmaple/usb/usb_lib/usb_regs.o
                0x08006dbc                GetEPRxAddr
 .text.SetEPTxCount
                0x08006dd8       0x1c build//Users/davidcranor/Documents/libmaple/libmaple/usb/usb_lib/usb_regs.o
                0x08006dd8                SetEPTxCount
 .text.SetEPRxCount
                0x08006df4       0x40 build//Users/davidcranor/Documents/libmaple/libmaple/usb/usb_lib/usb_regs.o
                0x08006df4                SetEPRxCount
 .text.ByteSwap
                0x08006e34        0xa build//Users/davidcranor/Documents/libmaple/libmaple/usb/usb_lib/usb_regs.o
                0x08006e34                ByteSwap
 .text          0x08006e3e        0x2 build//Users/davidcranor/Documents/libmaple/libmaple/stm32f1/performance/isrs.o
                0x08006e3e                __irq_rcc
                0x08006e3e                __exc_debug_monitor
                0x08006e3e                __irq_adc
                0x08006e3e                __irq_can_rx1
                0x08006e3e                __irq_spi2
                0x08006e3e                __irq_can_sce
                0x08006e3e                __irq_pvd
                0x08006e3e                __irq_tamper
                0x08006e3e                __default_handler
                0x08006e3e                __irq_wwdg
                0x08006e3e                __stm32reservedexception10
                0x08006e3e                __irq_flash
                0x08006e3e                __stm32reservedexception13
                0x08006e3e                __irq_rtc
                0x08006e3e                __irq_spi1
                0x08006e3e                __stm32reservedexception7
                0x08006e3e                __irq_usb_hp_can_tx
                0x08006e3e                __irq_rtcalarm
                0x08006e3e                __stm32reservedexception8
                0x08006e3e                __irq_usbwakeup
                0x08006e3e                __stm32reservedexception9
 .text.adc_foreach
                0x08006e40       0x1c build//Users/davidcranor/Documents/libmaple/libmaple/stm32f1/adc.o
                0x08006e40                adc_foreach
 .text.adc_set_prescaler
                0x08006e5c        0x8 build//Users/davidcranor/Documents/libmaple/libmaple/stm32f1/adc.o
                0x08006e5c                adc_set_prescaler
 .text.bb_perip
                0x08006e64        0xc build//Users/davidcranor/Documents/libmaple/libmaple/stm32f1/adc.o
 .text.adc_calibrate
                0x08006e70       0x2e build//Users/davidcranor/Documents/libmaple/libmaple/stm32f1/adc.o
                0x08006e70                adc_calibrate
 .text.adc_enable_single_swstart
                0x08006e9e       0x36 build//Users/davidcranor/Documents/libmaple/libmaple/stm32f1/adc.o
                0x08006e9e                adc_enable_single_swstart
 .text.dma_clear_isr_bits
                0x08006ed4       0x10 build//Users/davidcranor/Documents/libmaple/libmaple/stm32f1/dma.o
 .text.__irq_dma1_channel1
                0x08006ee4       0x20 build//Users/davidcranor/Documents/libmaple/libmaple/stm32f1/dma.o
                0x08006ee4                __irq_dma1_channel1
 .text.__irq_dma1_channel2
                0x08006f04       0x20 build//Users/davidcranor/Documents/libmaple/libmaple/stm32f1/dma.o
                0x08006f04                __irq_dma1_channel2
 .text.__irq_dma1_channel3
                0x08006f24       0x20 build//Users/davidcranor/Documents/libmaple/libmaple/stm32f1/dma.o
                0x08006f24                __irq_dma1_channel3
 .text.__irq_dma1_channel4
                0x08006f44       0x20 build//Users/davidcranor/Documents/libmaple/libmaple/stm32f1/dma.o
                0x08006f44                __irq_dma1_channel4
 .text.__irq_dma1_channel5
                0x08006f64       0x20 build//Users/davidcranor/Documents/libmaple/libmaple/stm32f1/dma.o
                0x08006f64                __irq_dma1_channel5
 .text.__irq_dma1_channel6
                0x08006f84       0x20 build//Users/davidcranor/Documents/libmaple/libmaple/stm32f1/dma.o
                0x08006f84                __irq_dma1_channel6
 .text.__irq_dma1_channel7
                0x08006fa4       0x20 build//Users/davidcranor/Documents/libmaple/libmaple/stm32f1/dma.o
                0x08006fa4                __irq_dma1_channel7
 .text.gpio_set_mode
                0x08006fc4       0x56 build//Users/davidcranor/Documents/libmaple/libmaple/stm32f1/gpio.o
                0x08006fc4                gpio_set_mode
 .text.afio_init
                0x0800701a       0x12 build//Users/davidcranor/Documents/libmaple/libmaple/stm32f1/gpio.o
                0x0800701a                afio_init
 .text.gpio_init_all
                0x0800702c       0x30 build//Users/davidcranor/Documents/libmaple/libmaple/stm32f1/gpio.o
                0x0800702c                gpio_init_all
 .text._i2c_irq_priority_fixup
                0x0800705c       0x1c build//Users/davidcranor/Documents/libmaple/libmaple/stm32f1/i2c.o
                0x0800705c                _i2c_irq_priority_fixup
 .text.__irq_i2c2_er
                0x08007078        0xc build//Users/davidcranor/Documents/libmaple/libmaple/stm32f1/i2c.o
                0x08007078                __irq_i2c2_er
 .text.__irq_i2c1_er
                0x08007084        0xc build//Users/davidcranor/Documents/libmaple/libmaple/stm32f1/i2c.o
                0x08007084                __irq_i2c1_er
 .text.__irq_i2c2_ev
                0x08007090        0xc build//Users/davidcranor/Documents/libmaple/libmaple/stm32f1/i2c.o
                0x08007090                __irq_i2c2_ev
 .text.__irq_i2c1_ev
                0x0800709c        0xc build//Users/davidcranor/Documents/libmaple/libmaple/stm32f1/i2c.o
                0x0800709c                __irq_i2c1_ev
 .text.rcc_configure_pll
                0x080070a8       0x38 build//Users/davidcranor/Documents/libmaple/libmaple/stm32f1/rcc.o
                0x080070a8                rcc_configure_pll
 .text.rcc_set_prescaler
                0x080070e0       0x20 build//Users/davidcranor/Documents/libmaple/libmaple/stm32f1/rcc.o
                0x080070e0                rcc_set_prescaler
 .text.bb_peri_set_bit
                0x08007100        0xe build//Users/davidcranor/Documents/libmaple/libmaple/stm32f1/rcc.o
 *fill*         0x0800710e        0x2 00
 .text.rcc_clk_enable
                0x08007110       0x28 build//Users/davidcranor/Documents/libmaple/libmaple/stm32f1/rcc.o
                0x08007110                rcc_clk_enable
 .text.rcc_reset_dev
                0x08007138       0x38 build//Users/davidcranor/Documents/libmaple/libmaple/stm32f1/rcc.o
                0x08007138                rcc_reset_dev
 .text.__irq_tim1_brk
                0x08007170       0x2c build//Users/davidcranor/Documents/libmaple/libmaple/stm32f1/timer.o
                0x08007170                __irq_tim1_brk
 .text.__irq_tim1_up
                0x0800719c       0x2c build//Users/davidcranor/Documents/libmaple/libmaple/stm32f1/timer.o
                0x0800719c                __irq_tim1_up
 .text.__irq_tim1_trg_com
                0x080071c8       0x40 build//Users/davidcranor/Documents/libmaple/libmaple/stm32f1/timer.o
                0x080071c8                __irq_tim1_trg_com
 .text.__irq_tim1_cc
                0x08007208       0x60 build//Users/davidcranor/Documents/libmaple/libmaple/stm32f1/timer.o
                0x08007208                __irq_tim1_cc
 .text.__irq_tim2
                0x08007268       0x8c build//Users/davidcranor/Documents/libmaple/libmaple/stm32f1/timer.o
                0x08007268                __irq_tim2
 .text.__irq_tim3
                0x080072f4       0x8c build//Users/davidcranor/Documents/libmaple/libmaple/stm32f1/timer.o
                0x080072f4                __irq_tim3
 .text.__irq_tim4
                0x08007380       0x8c build//Users/davidcranor/Documents/libmaple/libmaple/stm32f1/timer.o
                0x08007380                __irq_tim4
 .text.rb_push_insert
                0x0800740c       0x52 build//Users/davidcranor/Documents/libmaple/libmaple/stm32f1/usart.o
 *fill*         0x0800745e        0x2 00
 .text.usart_foreach
                0x08007460       0x24 build//Users/davidcranor/Documents/libmaple/libmaple/stm32f1/usart.o
                0x08007460                usart_foreach
 .text.__irq_usart1
                0x08007484       0x14 build//Users/davidcranor/Documents/libmaple/libmaple/stm32f1/usart.o
                0x08007484                __irq_usart1
 .text.__irq_usart2
                0x08007498       0x14 build//Users/davidcranor/Documents/libmaple/libmaple/stm32f1/usart.o
                0x08007498                __irq_usart2
 .text.__irq_usart3
                0x080074ac       0x14 build//Users/davidcranor/Documents/libmaple/libmaple/stm32f1/usart.o
                0x080074ac                __irq_usart3
 .text.usart_set_baud_rate
                0x080074c0       0x54 build//Users/davidcranor/Documents/libmaple/libmaple/stm32f1/usart.o
                0x080074c0                usart_set_baud_rate
 .text.usart_config_gpios_async
                0x08007514       0x20 build//Users/davidcranor/Documents/libmaple/libmaple/stm32f1/usart.o
                0x08007514                usart_config_gpios_async
 .text          0x08007534       0x10 build//Users/davidcranor/Documents/libmaple/wirish/start.o
                0x08007534                __start__
 .text.start_c  0x08007544       0x64 build//Users/davidcranor/Documents/libmaple/wirish/start_c.o
                0x08007544                start_c
 .text._sbrk    0x080075a8       0x44 build//Users/davidcranor/Documents/libmaple/wirish/syscalls.o
                0x080075a8                _sbrk
 .text.nvic_irq_enable
                0x080075ec       0x1c build//Users/davidcranor/Documents/libmaple/wirish/stm32f1/util_hooks.o
 .text.__lm_enable_error_usart
                0x08007608       0x30 build//Users/davidcranor/Documents/libmaple/wirish/stm32f1/util_hooks.o
                0x08007608                __lm_enable_error_usart
 .text.__lm_error
                0x08007638       0x44 build//Users/davidcranor/Documents/libmaple/wirish/stm32f1/util_hooks.o
                0x08007638                __lm_error
 .text.adc_disable
                0x0800767c       0x12 build//Users/davidcranor/Documents/libmaple/wirish/stm32f1/util_hooks.o
 .text._Z9boardInitv
                0x0800768e        0x2 build//Users/davidcranor/Documents/libmaple/wirish/boards.o
                0x0800768e                _Z9boardInitv
 .text._ZL18adc_default_configPK7adc_dev
                0x08007690       0x1c build//Users/davidcranor/Documents/libmaple/wirish/boards.o
 .text._Z4initv
                0x080076ac       0xc0 build//Users/davidcranor/Documents/libmaple/wirish/boards.o
                0x080076ac                _Z4initv
 .text.T.10     0x0800776c        0x8 build//Users/davidcranor/Documents/libmaple/wirish/boards.o
 .text._ZL20timer_default_configP9timer_dev
                0x08007774       0xa2 build//Users/davidcranor/Documents/libmaple/wirish/boards.o
 .text.__cxa_pure_virtual
                0x08007816        0x2 build//Users/davidcranor/Documents/libmaple/wirish/cxxabi-compat.o
                0x08007816                __cxa_pure_virtual
 .text._ZN5PrintC2Ev
                0x08007818        0xc build//Users/davidcranor/Documents/libmaple/wirish/HardwareSerial.o
                0x08007818                _ZN5PrintC2Ev
 .text._ZN14HardwareSerialC1EP9usart_devhh
                0x08007824       0x20 build//Users/davidcranor/Documents/libmaple/wirish/HardwareSerial.o
                0x08007824                _ZN14HardwareSerialC1EP9usart_devhh
 .text._ZN14HardwareSerial9availableEv
                0x08007844       0x22 build//Users/davidcranor/Documents/libmaple/wirish/HardwareSerial.o
                0x08007844                _ZN14HardwareSerial9availableEv
 .text._ZN14HardwareSerial4readEv
                0x08007866       0x2a build//Users/davidcranor/Documents/libmaple/wirish/HardwareSerial.o
                0x08007866                _ZN14HardwareSerial4readEv
 .text._ZN14HardwareSerial5writeEh
                0x08007890       0x1a build//Users/davidcranor/Documents/libmaple/wirish/HardwareSerial.o
                0x08007890                _ZN14HardwareSerial5writeEh
 *fill*         0x080078aa        0x2 00
 .text._ZN14HardwareSerial5beginEj
                0x080078ac       0x88 build//Users/davidcranor/Documents/libmaple/wirish/HardwareSerial.o
                0x080078ac                _ZN14HardwareSerial5beginEj
 .text._GLOBAL__I_Serial1
                0x08007934       0x48 build//Users/davidcranor/Documents/libmaple/wirish/HardwareSerial.o
 .text.set_this_dev
                0x0800797c       0x1c build//Users/davidcranor/Documents/libmaple/wirish/HardwareTimer.o
 .text._ZN13HardwareTimerC1Eh
                0x08007998       0x44 build//Users/davidcranor/Documents/libmaple/wirish/HardwareTimer.o
                0x08007998                _ZN13HardwareTimerC1Eh
 .text._GLOBAL__I__ZN13HardwareTimerC2Eh
                0x080079dc       0x38 build//Users/davidcranor/Documents/libmaple/wirish/HardwareTimer.o
 .text._ZN5Print5writeEPKc
                0x08007a14       0x1c build//Users/davidcranor/Documents/libmaple/wirish/Print.o
                0x08007a14                _ZN5Print5writeEPKc
 .text._ZN5Print5writeEPKvj
                0x08007a30       0x20 build//Users/davidcranor/Documents/libmaple/wirish/Print.o
                0x08007a30                _ZN5Print5writeEPKvj
 .text._ZN9USBSerialC1Ev
                0x08007a50       0x14 build//Users/davidcranor/Documents/libmaple/wirish/usb_serial.o
                0x08007a50                _ZN9USBSerialC1Ev
 .text._ZN9USBSerial5writeEh
                0x08007a64       0x14 build//Users/davidcranor/Documents/libmaple/wirish/usb_serial.o
                0x08007a64                _ZN9USBSerial5writeEh
 .text._ZN9USBSerial11isConnectedEv
                0x08007a78       0x18 build//Users/davidcranor/Documents/libmaple/wirish/usb_serial.o
                0x08007a78                _ZN9USBSerial11isConnectedEv
 .text._ZL14ifaceSetupHookjPv
                0x08007a90       0x40 build//Users/davidcranor/Documents/libmaple/wirish/usb_serial.o
 .text._ZN9USBSerial5writeEPKvj
                0x08007ad0       0x70 build//Users/davidcranor/Documents/libmaple/wirish/usb_serial.o
                0x08007ad0                _ZN9USBSerial5writeEPKvj
 .text._ZN9USBSerial5writeEPKc
                0x08007b40       0x1a build//Users/davidcranor/Documents/libmaple/wirish/usb_serial.o
                0x08007b40                _ZN9USBSerial5writeEPKc
 *fill*         0x08007b5a        0x2 00
 .text._ZN9USBSerial5beginEv
                0x08007b5c       0x2c build//Users/davidcranor/Documents/libmaple/wirish/usb_serial.o
                0x08007b5c                _ZN9USBSerial5beginEv
 .text._ZL6rxHookjPv
                0x08007b88       0x90 build//Users/davidcranor/Documents/libmaple/wirish/usb_serial.o
 .text._GLOBAL__I__ZN9USBSerialC2Ev
                0x08007c18        0xc build//Users/davidcranor/Documents/libmaple/wirish/usb_serial.o
 .text._ZL10wait_resetv
                0x08007c24       0x10 build//Users/davidcranor/Documents/libmaple/wirish/usb_serial.o
 .text._Z11digitalReadh
                0x08007c34       0x2c build//Users/davidcranor/Documents/libmaple/wirish/wirish_digital.o
                0x08007c34                _Z11digitalReadh
 .text._Z12digitalWritehh
                0x08007c60       0x30 build//Users/davidcranor/Documents/libmaple/wirish/wirish_digital.o
                0x08007c60                _Z12digitalWritehh
 .text._Z17delayMicrosecondsj
                0x08007c90        0xe build//Users/davidcranor/Documents/libmaple/wirish/wirish_time.o
                0x08007c90                _Z17delayMicrosecondsj
 .text._Z5delaym
                0x08007c9e       0x18 build//Users/davidcranor/Documents/libmaple/wirish/wirish_time.o
                0x08007c9e                _Z5delaym
 .text._ZN6wirish4priv15board_reset_pllEv
                0x08007cb6        0x2 build//Users/davidcranor/Documents/libmaple/wirish/stm32f1/boards_setup.o
                0x08007cb6                _ZN6wirish4priv15board_reset_pllEv
 .text._ZN6wirish4priv11series_initEv
                0x08007cb8        0x4 build//Users/davidcranor/Documents/libmaple/wirish/stm32f1/boards_setup.o
                0x08007cb8                _ZN6wirish4priv11series_initEv
 .text._ZN6wirish4priv15board_setup_usbEv
                0x08007cbc        0xc build//Users/davidcranor/Documents/libmaple/wirish/stm32f1/boards_setup.o
                0x08007cbc                _ZN6wirish4priv15board_setup_usbEv
 .text._ZN6wirish4priv16board_setup_gpioEv
                0x08007cc8        0x4 build//Users/davidcranor/Documents/libmaple/wirish/stm32f1/boards_setup.o
                0x08007cc8                _ZN6wirish4priv16board_setup_gpioEv
 .text._ZN6wirish4priv28board_setup_clock_prescalersEv
                0x08007ccc       0x20 build//Users/davidcranor/Documents/libmaple/wirish/stm32f1/boards_setup.o
                0x08007ccc                _ZN6wirish4priv28board_setup_clock_prescalersEv
 .text._Z7pinModeh13WiringPinMode
                0x08007cec       0x88 build//Users/davidcranor/Documents/libmaple/wirish/stm32f1/wirish_digital.o
                0x08007cec                _Z7pinModeh13WiringPinMode
 .text._GLOBAL__I_PIN_MAP
                0x08007d74      0x158 build//Users/davidcranor/Documents/libmaple/wirish/boards/maple/board.o
 .text._ZN8WireBase5beginEh
                0x08007ecc       0x14 build//Users/davidcranor/Documents/libmaple/libraries/Wire/WireBase.o
                0x08007ecc                _ZN8WireBase5beginEh
 .text._ZN8WireBaseC2Ev
                0x08007ee0        0xc build//Users/davidcranor/Documents/libmaple/libraries/Wire/HardWire.o
                0x08007ee0                _ZN8WireBaseC2Ev
 .text._ZN8WireBaseD2Ev
                0x08007eec        0xc build//Users/davidcranor/Documents/libmaple/libraries/Wire/HardWire.o
                0x08007eec                _ZN8WireBaseD2Ev
 .text._ZN7TwoWireC1Ehhh
                0x08007ef8       0x28 build//Users/davidcranor/Documents/libmaple/libraries/Wire/Wire.o
                0x08007ef8                _ZN7TwoWireC1Ehhh
 .text._ZN7TwoWireD1Ev
                0x08007f20       0x20 build//Users/davidcranor/Documents/libmaple/libraries/Wire/Wire.o
                0x08007f20                _ZN7TwoWireD1Ev
 .text._ZN7TwoWire7set_sdaEb
                0x08007f40       0x18 build//Users/davidcranor/Documents/libmaple/libraries/Wire/Wire.o
                0x08007f40                _ZN7TwoWire7set_sdaEb
 .text._ZN7TwoWire7set_sclEb
                0x08007f58       0x30 build//Users/davidcranor/Documents/libmaple/libraries/Wire/Wire.o
                0x08007f58                _ZN7TwoWire7set_sclEb
 .text._ZN7TwoWire5beginEh
                0x08007f88       0x3e build//Users/davidcranor/Documents/libmaple/libraries/Wire/Wire.o
                0x08007f88                _ZN7TwoWire5beginEh
 .text._ZN7TwoWire13i2c_shift_outEh
                0x08007fc6       0x2c build//Users/davidcranor/Documents/libmaple/libraries/Wire/Wire.o
                0x08007fc6                _ZN7TwoWire13i2c_shift_outEh
 .text._ZN7TwoWire12i2c_shift_inEv
                0x08007ff2       0x34 build//Users/davidcranor/Documents/libmaple/libraries/Wire/Wire.o
                0x08007ff2                _ZN7TwoWire12i2c_shift_inEv
 .text._ZN7TwoWire13i2c_send_nackEv
                0x08008026       0x1e build//Users/davidcranor/Documents/libmaple/libraries/Wire/Wire.o
                0x08008026                _ZN7TwoWire13i2c_send_nackEv
 .text._ZN7TwoWire12i2c_send_ackEv
                0x08008044       0x1e build//Users/davidcranor/Documents/libmaple/libraries/Wire/Wire.o
                0x08008044                _ZN7TwoWire12i2c_send_ackEv
 .text._ZN7TwoWire11i2c_get_ackEv
                0x08008062       0x36 build//Users/davidcranor/Documents/libmaple/libraries/Wire/Wire.o
                0x08008062                _ZN7TwoWire11i2c_get_ackEv
 .text._ZN7TwoWire8i2c_stopEv
                0x08008098       0x1e build//Users/davidcranor/Documents/libmaple/libraries/Wire/Wire.o
                0x08008098                _ZN7TwoWire8i2c_stopEv
 .text._ZN7TwoWire9i2c_startEv
                0x080080b6       0x16 build//Users/davidcranor/Documents/libmaple/libraries/Wire/Wire.o
                0x080080b6                _ZN7TwoWire9i2c_startEv
 .text._ZN7TwoWire7processEv
                0x080080cc       0x98 build//Users/davidcranor/Documents/libmaple/libraries/Wire/Wire.o
                0x080080cc                _ZN7TwoWire7processEv
 .text._GLOBAL__I__ZN7TwoWire7set_sclEb
                0x08008164       0x2c build//Users/davidcranor/Documents/libmaple/libraries/Wire/Wire.o
 .text.__exc_svc
                0x08008190       0x24 build//Users/davidcranor/Documents/libmaple/libraries/FreeRTOS/utility/port.o
                0x08008190                __exc_svc
 .text.__exc_pendsv
                0x080081b4       0x40 build//Users/davidcranor/Documents/libmaple/libraries/FreeRTOS/utility/port.o
                0x080081b4                __exc_pendsv
 .text.vTaskSwitchContext
                0x080081f4       0xf0 build//Users/davidcranor/Documents/libmaple/libraries/FreeRTOS/utility/tasks.o
                0x080081f4                vTaskSwitchContext
 .text.vApplicationStackOverflowHook
                0x080082e4        0x2 build//Users/davidcranor/Documents/libmaple/libraries/FreeRTOS/MapleFreeRTOS.o
                0x080082e4                vApplicationStackOverflowHook
 .text._ZN12EasyTransfer5beginEPhhP14HardwareSerial
                0x080082e6        0x8 build//Users/davidcranor/Documents/libmaple/libraries/EasyTransfer/EasyTransfer.o
                0x080082e6                _ZN12EasyTransfer5beginEPhhP14HardwareSerial
 .text._ZN12EasyTransfer8sendDataEv
                0x080082ee       0x4a build//Users/davidcranor/Documents/libmaple/libraries/EasyTransfer/EasyTransfer.o
                0x080082ee                _ZN12EasyTransfer8sendDataEv
 .text._ZN12EasyTransfer11receiveDataEv
                0x08008338       0xe0 build//Users/davidcranor/Documents/libmaple/libraries/EasyTransfer/EasyTransfer.o
                0x08008338                _ZN12EasyTransfer11receiveDataEv
 .text._Z11gInitEEpromv
                0x08008418        0x2 build/main.o
                0x08008418                _Z11gInitEEpromv
 *fill*         0x0800841a        0x2 00
 .text._Z14gGetSavedValuesPs
                0x0800841c       0x1c build/main.o
                0x0800841c                _Z14gGetSavedValuesPs
 .text._Z7premainv
                0x08008438        0x4 build/main.o
                0x08008438                _Z7premainv
 .text._Z12gSendCommandhhs
                0x0800843c       0x24 build/main.o
                0x0800843c                _Z12gSendCommandhhs
 .text._Z12gUpdateValues
                0x08008460       0x18 build/main.o
                0x08008460                _Z12gUpdateValues
 .text._Z12gUpdateValuePs
                0x08008478       0x34 build/main.o
                0x08008478                _Z12gUpdateValuePs
 .text._Z10gAddSliderssPKcPs
                0x080084ac       0x98 build/main.o
                0x080084ac                _Z10gAddSliderssPKcPs
 .text._Z9gAddLabelPKcs
                0x08008544       0x5c build/main.o
                0x08008544                _Z9gAddLabelPKcs
 .text._Z15gAddMovingGraphPKcssPss
                0x080085a0       0x78 build/main.o
                0x080085a0                _Z15gAddMovingGraphPKcssPss
 .text._Z5gInitv
                0x08008618       0x34 build/main.o
                0x08008618                _Z5gInitv
 .text._Z6gBegins
                0x0800864c       0x94 build/main.o
                0x0800864c                _Z6gBegins
 .text._Z12guino_updatev
                0x080086e0       0x68 build/main.o
                0x080086e0                _Z12guino_updatev
 .text.main     0x08008748       0x3c build/main.o
                0x08008748                main
 .text.__aeabi_atexit
                0x08008784        0xc /Users/davidcranor/Documents/arm/bin/../lib/gcc/arm-none-eabi/4.4.1/../../../../arm-none-eabi/lib/thumb2/libstdc++.a(atexit_arm.o)
                0x08008784                __aeabi_atexit
 .text.__cxa_atexit
                0x08008790       0x16 /Users/davidcranor/Documents/arm/bin/../lib/gcc/arm-none-eabi/4.4.1/../../../../arm-none-eabi/lib/thumb2/libc.a(lib_a-cxa_atexit.o)
                0x08008790                __cxa_atexit
 *fill*         0x080087a6        0x2 00
 .text.__errno  0x080087a8        0xc /Users/davidcranor/Documents/arm/bin/../lib/gcc/arm-none-eabi/4.4.1/../../../../arm-none-eabi/lib/thumb2/libc.a(lib_a-errno.o)
                0x080087a8                __errno
 .text.__libc_init_array
                0x080087b4       0x4c /Users/davidcranor/Documents/arm/bin/../lib/gcc/arm-none-eabi/4.4.1/../../../../arm-none-eabi/lib/thumb2/libc.a(lib_a-init.o)
                0x080087b4                __libc_init_array
 .text.memcmp   0x08008800       0x22 /Users/davidcranor/Documents/arm/bin/../lib/gcc/arm-none-eabi/4.4.1/../../../../arm-none-eabi/lib/thumb2/libc.a(lib_a-memcmp.o)
                0x08008800                memcmp
 .text.memcpy   0x08008822       0x1a /Users/davidcranor/Documents/arm/bin/../lib/gcc/arm-none-eabi/4.4.1/../../../../arm-none-eabi/lib/thumb2/libc.a(lib_a-memcpy.o)
                0x08008822                memcpy
 .text.strlen   0x0800883c       0x10 /Users/davidcranor/Documents/arm/bin/../lib/gcc/arm-none-eabi/4.4.1/../../../../arm-none-eabi/lib/thumb2/libc.a(lib_a-strlen.o)
                0x0800883c                strlen
 .text.__register_exitproc
                0x0800884c       0xb8 /Users/davidcranor/Documents/arm/bin/../lib/gcc/arm-none-eabi/4.4.1/../../../../arm-none-eabi/lib/thumb2/libc.a(lib_a-__atexit.o)
                0x0800884c                __register_exitproc
 .text._malloc_trim_r
                0x08008904       0x98 /Users/davidcranor/Documents/arm/bin/../lib/gcc/arm-none-eabi/4.4.1/../../../../arm-none-eabi/lib/thumb2/libc.a(lib_a-freer.o)
                0x08008904                _malloc_trim_r
 .text._free_r  0x0800899c      0x19c /Users/davidcranor/Documents/arm/bin/../lib/gcc/arm-none-eabi/4.4.1/../../../../arm-none-eabi/lib/thumb2/libc.a(lib_a-freer.o)
                0x0800899c                _free_r
 .text.malloc   0x08008b38       0x10 /Users/davidcranor/Documents/arm/bin/../lib/gcc/arm-none-eabi/4.4.1/../../../../arm-none-eabi/lib/thumb2/libc.a(lib_a-malloc.o)
                0x08008b38                malloc
 .text._malloc_r
                0x08008b48      0x424 /Users/davidcranor/Documents/arm/bin/../lib/gcc/arm-none-eabi/4.4.1/../../../../arm-none-eabi/lib/thumb2/libc.a(lib_a-mallocr.o)
                0x08008b48                _malloc_r
 .text.__malloc_lock
                0x08008f6c        0x2 /Users/davidcranor/Documents/arm/bin/../lib/gcc/arm-none-eabi/4.4.1/../../../../arm-none-eabi/lib/thumb2/libc.a(lib_a-mlock.o)
                0x08008f6c                __malloc_lock
 .text.__malloc_unlock
                0x08008f6e        0x2 /Users/davidcranor/Documents/arm/bin/../lib/gcc/arm-none-eabi/4.4.1/../../../../arm-none-eabi/lib/thumb2/libc.a(lib_a-mlock.o)
                0x08008f6e                __malloc_unlock
 .text._sbrk_r  0x08008f70       0x24 /Users/davidcranor/Documents/arm/bin/../lib/gcc/arm-none-eabi/4.4.1/../../../../arm-none-eabi/lib/thumb2/libc.a(lib_a-sbrkr.o)
                0x08008f70                _sbrk_r
 *(.plt)
 *(.gnu.warning)
 *(.glue_7t)
 .glue_7t       0x00000000        0x0 linker stubs
 *(.glue_7)
 .glue_7        0x00000000        0x0 linker stubs
 *(.vfp11_veneer)
 .vfp11_veneer  0x00000000        0x0 linker stubs
 *(.ARM.extab* .gnu.linkonce.armextab.*)
 *(.gcc_except_table)
 *(.eh_frame_hdr)
 *(.eh_frame)
                0x08008f94                . = ALIGN (0x4)
 *(.init)
 .init          0x08008f94        0x4 /Users/davidcranor/Documents/arm/bin/../lib/gcc/arm-none-eabi/4.4.1/thumb2/crti.o
                0x08008f94                _init
 .init          0x08008f98        0x8 /Users/davidcranor/Documents/arm/bin/../lib/gcc/arm-none-eabi/4.4.1/thumb2/crtn.o
                0x08008fa0                . = ALIGN (0x4)
                0x08008fa0                __preinit_array_start = .
 *(.preinit_array)
                0x08008fa0                __preinit_array_end = .
                0x08008fa0                . = ALIGN (0x4)
                0x08008fa0                __init_array_start = .
 *(SORT(.init_array.*))
 *(.init_array)
 .init_array    0x08008fa0        0x4 /Users/davidcranor/Documents/arm/bin/../lib/gcc/arm-none-eabi/4.4.1/thumb2/crtbegin.o
 .init_array    0x08008fa4        0x4 build//Users/davidcranor/Documents/libmaple/wirish/HardwareSerial.o
 .init_array    0x08008fa8        0x4 build//Users/davidcranor/Documents/libmaple/wirish/HardwareTimer.o
 .init_array    0x08008fac        0x4 build//Users/davidcranor/Documents/libmaple/wirish/usb_serial.o
 .init_array    0x08008fb0        0x4 build//Users/davidcranor/Documents/libmaple/wirish/boards/maple/board.o
 .init_array    0x08008fb4        0x4 build//Users/davidcranor/Documents/libmaple/libraries/Wire/Wire.o
 .init_array    0x08008fb8        0x4 build/main.o
                0x08008fbc                __init_array_end = .
                0x08008fbc                . = ALIGN (0x4)
 *crtbegin.o(.ctors)
 *(EXCLUDE_FILE(*crtend.o) .ctors)
 *(SORT(.ctors.*))
 *crtend.o(.ctors)
                0x08008fbc                . = ALIGN (0x4)
 *(.fini)
 .fini          0x08008fbc        0x4 /Users/davidcranor/Documents/arm/bin/../lib/gcc/arm-none-eabi/4.4.1/thumb2/crti.o
                0x08008fbc                _fini
 .fini          0x08008fc0        0x8 /Users/davidcranor/Documents/arm/bin/../lib/gcc/arm-none-eabi/4.4.1/thumb2/crtn.o
                0x08008fc8                . = ALIGN (0x4)
                0x08008fc8                __fini_array_start = .
 *(.fini_array)
 .fini_array    0x08008fc8        0x4 /Users/davidcranor/Documents/arm/bin/../lib/gcc/arm-none-eabi/4.4.1/thumb2/crtbegin.o
 *(SORT(.fini_array.*))
                0x08008fcc                __fini_array_end = .
 *crtbegin.o(.dtors)
 *(EXCLUDE_FILE(*crtend.o) .dtors)
 *(SORT(.dtors.*))
 *crtend.o(.dtors)

.v4_bx          0x08008fcc        0x0
 .v4_bx         0x00000000        0x0 linker stubs

.text.align     0x08008fcc        0x4
                0x08008fd0                . = ALIGN (0x8)
 *fill*         0x08008fcc        0x4 00
                0x08008fd0                __text_end__ = .
                0x08008fd0                __exidx_start = .

.ARM.exidx      0x08008fd0        0x8
 *(.ARM.exidx* .gnu.linkonce.armexidx.*)
 .ARM.exidx     0x08008fd0        0x8 build//Users/davidcranor/Documents/libmaple/wirish/start.o
 .ARM.exidx.text.__aeabi_atexit
                0x08008fd8        0x0 /Users/davidcranor/Documents/arm/bin/../lib/gcc/arm-none-eabi/4.4.1/../../../../arm-none-eabi/lib/thumb2/libstdc++.a(atexit_arm.o)
                                  0x8 (size before relaxing)
                0x08008fd8                __exidx_end = .

.data           0x20000c00      0xb50 load address 0x08008fd8
                0x20000c00                . = ALIGN (0x8)
                0x20000c00                __data_start__ = .
 *(.got.plt)
 *(.got)
 *(.data .data.* .gnu.linkonce.d.*)
 .data          0x20000c00        0x4 /Users/davidcranor/Documents/arm/bin/../lib/gcc/arm-none-eabi/4.4.1/thumb2/crtbegin.o
                0x20000c00                __dso_handle
 .data.timer3   0x20000c04       0x24 build//Users/davidcranor/Documents/libmaple/libmaple/timer.o
 .data.timer4   0x20000c28       0x24 build//Users/davidcranor/Documents/libmaple/libmaple/timer.o
 .data.TIMER1   0x20000c4c        0x4 build//Users/davidcranor/Documents/libmaple/libmaple/timer.o
                0x20000c4c                TIMER1
 .data.TIMER2   0x20000c50        0x4 build//Users/davidcranor/Documents/libmaple/libmaple/timer.o
                0x20000c50                TIMER2
 .data.TIMER3   0x20000c54        0x4 build//Users/davidcranor/Documents/libmaple/libmaple/timer.o
                0x20000c54                TIMER3
 .data.TIMER4   0x20000c58        0x4 build//Users/davidcranor/Documents/libmaple/libmaple/timer.o
                0x20000c58                TIMER4
 .data.timer1   0x20000c5c       0x28 build//Users/davidcranor/Documents/libmaple/libmaple/timer.o
 .data.timer2   0x20000c84       0x24 build//Users/davidcranor/Documents/libmaple/libmaple/timer.o
 .data.USBLIB   0x20000ca8        0x4 build//Users/davidcranor/Documents/libmaple/libmaple/usb/stm32f1/usb.o
                0x20000ca8                USBLIB
 .data.usblib   0x20000cac       0x10 build//Users/davidcranor/Documents/libmaple/libmaple/usb/stm32f1/usb.o
 .data.Device_Descriptor
                0x20000cbc        0x8 build//Users/davidcranor/Documents/libmaple/libmaple/usb/stm32f1/usb_cdcacm.o
 .data.Config_Descriptor
                0x20000cc4        0x8 build//Users/davidcranor/Documents/libmaple/libmaple/usb/stm32f1/usb_cdcacm.o
 .data.Device_Property
                0x20000ccc       0x30 build//Users/davidcranor/Documents/libmaple/libmaple/usb/stm32f1/usb_cdcacm.o
                0x20000ccc                Device_Property
 .data.ep_int_in
                0x20000cfc       0x1c build//Users/davidcranor/Documents/libmaple/libmaple/usb/stm32f1/usb_cdcacm.o
 .data.String_Descriptor
                0x20000d18       0x18 build//Users/davidcranor/Documents/libmaple/libmaple/usb/stm32f1/usb_cdcacm.o
 .data.ep_int_out
                0x20000d30       0x1c build//Users/davidcranor/Documents/libmaple/libmaple/usb/stm32f1/usb_cdcacm.o
 .data.User_Standard_Requests
                0x20000d4c       0x24 build//Users/davidcranor/Documents/libmaple/libmaple/usb/stm32f1/usb_cdcacm.o
                0x20000d4c                User_Standard_Requests
 .data.line_coding
                0x20000d70        0x8 build//Users/davidcranor/Documents/libmaple/libmaple/usb/stm32f1/usb_cdcacm.o
 .data.Device_Table
                0x20000d78        0x4 build//Users/davidcranor/Documents/libmaple/libmaple/usb/stm32f1/usb_cdcacm.o
                0x20000d78                Device_Table
 .data.adc1     0x20000d7c        0x8 build//Users/davidcranor/Documents/libmaple/libmaple/stm32f1/adc.o
 .data.adc2     0x20000d84        0x8 build//Users/davidcranor/Documents/libmaple/libmaple/stm32f1/adc.o
 .data.ADC1     0x20000d8c        0x4 build//Users/davidcranor/Documents/libmaple/libmaple/stm32f1/adc.o
                0x20000d8c                ADC1
 .data.ADC2     0x20000d90        0x4 build//Users/davidcranor/Documents/libmaple/libmaple/stm32f1/adc.o
                0x20000d90                ADC2
 .data.DMA1     0x20000d94        0x4 build//Users/davidcranor/Documents/libmaple/libmaple/stm32f1/dma.o
                0x20000d94                DMA1
 .data.dma1     0x20000d98       0x40 build//Users/davidcranor/Documents/libmaple/libmaple/stm32f1/dma.o
 .data.gpioa    0x20000dd8        0x8 build//Users/davidcranor/Documents/libmaple/libmaple/stm32f1/gpio.o
                0x20000dd8                gpioa
 .data.gpiob    0x20000de0        0x8 build//Users/davidcranor/Documents/libmaple/libmaple/stm32f1/gpio.o
                0x20000de0                gpiob
 .data.gpioc    0x20000de8        0x8 build//Users/davidcranor/Documents/libmaple/libmaple/stm32f1/gpio.o
                0x20000de8                gpioc
 .data.gpiod    0x20000df0        0x8 build//Users/davidcranor/Documents/libmaple/libmaple/stm32f1/gpio.o
                0x20000df0                gpiod
 .data.i2c1     0x20000df8       0x34 build//Users/davidcranor/Documents/libmaple/libmaple/stm32f1/i2c.o
 .data.i2c2     0x20000e2c       0x34 build//Users/davidcranor/Documents/libmaple/libmaple/stm32f1/i2c.o
 .data.reset_regs.1599
                0x20000e60        0x8 build//Users/davidcranor/Documents/libmaple/libmaple/stm32f1/rcc.o
 .data.enable_regs.1595
                0x20000e68        0xc build//Users/davidcranor/Documents/libmaple/libmaple/stm32f1/rcc.o
 .data.USART1   0x20000e74        0x4 build//Users/davidcranor/Documents/libmaple/libmaple/stm32f1/usart.o
                0x20000e74                USART1
 .data.USART2   0x20000e78        0x4 build//Users/davidcranor/Documents/libmaple/libmaple/stm32f1/usart.o
                0x20000e78                USART2
 .data.USART3   0x20000e7c        0x4 build//Users/davidcranor/Documents/libmaple/libmaple/stm32f1/usart.o
                0x20000e7c                USART3
 .data.usart1   0x20000e80       0x50 build//Users/davidcranor/Documents/libmaple/libmaple/stm32f1/usart.o
 .data.usart2   0x20000ed0       0x50 build//Users/davidcranor/Documents/libmaple/libmaple/stm32f1/usart.o
 .data.usart3   0x20000f20       0x50 build//Users/davidcranor/Documents/libmaple/libmaple/stm32f1/usart.o
 .data._ZN6wirish4privL8pll_dataE
                0x20000f70        0x4 build//Users/davidcranor/Documents/libmaple/wirish/stm32f1/boards_setup.o
 .data._ZN6wirish4priv9w_adc_smpE
                0x20000f74        0x1 build//Users/davidcranor/Documents/libmaple/wirish/stm32f1/boards_setup.o
                0x20000f74                _ZN6wirish4priv9w_adc_smpE
 *fill*         0x20000f75        0x1 00
 .data._ZN6wirish4priv9w_adc_preE
                0x20000f76        0x2 build//Users/davidcranor/Documents/libmaple/wirish/stm32f1/boards_setup.o
                0x20000f76                _ZN6wirish4priv9w_adc_preE
 .data._ZN6wirish4priv15w_board_pll_cfgE
                0x20000f78        0x8 build//Users/davidcranor/Documents/libmaple/wirish/stm32f1/boards_setup.o
                0x20000f78                _ZN6wirish4priv15w_board_pll_cfgE
 .data.PIN_MAP  0x20000f80      0x2c0 build//Users/davidcranor/Documents/libmaple/wirish/boards/maple/board.o
                0x20000f80                PIN_MAP
 .data.uxPreviousTask
                0x20001240        0x4 build//Users/davidcranor/Documents/libmaple/libraries/FreeRTOS/utility/tasks.o
 .data.eepromKey
                0x20001244        0x2 build/main.o
                0x20001244                eepromKey
 .data.guino_maxGUIItems
                0x20001246        0x2 build/main.o
                0x20001246                guino_maxGUIItems
 .data.internalInit
                0x20001248        0x1 build/main.o
                0x20001248                internalInit
 *fill*         0x20001249        0x3 00
 .data.impure_data
                0x2000124c       0xf0 /Users/davidcranor/Documents/arm/bin/../lib/gcc/arm-none-eabi/4.4.1/../../../../arm-none-eabi/lib/thumb2/libc.a(lib_a-impure.o)
 .data._impure_ptr
                0x2000133c        0x4 /Users/davidcranor/Documents/arm/bin/../lib/gcc/arm-none-eabi/4.4.1/../../../../arm-none-eabi/lib/thumb2/libc.a(lib_a-impure.o)
                0x2000133c                _impure_ptr
 .data.__malloc_av_
                0x20001340      0x408 /Users/davidcranor/Documents/arm/bin/../lib/gcc/arm-none-eabi/4.4.1/../../../../arm-none-eabi/lib/thumb2/libc.a(lib_a-mallocr.o)
                0x20001340                __malloc_av_
 .data.__malloc_trim_threshold
                0x20001748        0x4 /Users/davidcranor/Documents/arm/bin/../lib/gcc/arm-none-eabi/4.4.1/../../../../arm-none-eabi/lib/thumb2/libc.a(lib_a-mallocr.o)
                0x20001748                __malloc_trim_threshold
 .data.__malloc_sbrk_base
                0x2000174c        0x4 /Users/davidcranor/Documents/arm/bin/../lib/gcc/arm-none-eabi/4.4.1/../../../../arm-none-eabi/lib/thumb2/libc.a(lib_a-mallocr.o)
                0x2000174c                __malloc_sbrk_base
                0x20001750                . = ALIGN (0x8)
                0x20001750                __data_end__ = .

.jcr            0x20001750        0x0 load address 0x08009b28
 .jcr           0x20001750        0x0 /Users/davidcranor/Documents/arm/bin/../lib/gcc/arm-none-eabi/4.4.1/thumb2/crtbegin.o

.rodata         0x08009b28      0x550
 *(.rodata .rodata.* .gnu.linkonce.r.*)
 .rodata.str1.1
                0x08009b28       0x8f build//Users/davidcranor/Documents/libmaple/libmaple/timer.o
 .rodata.str1.1
                0x08009bb7       0x3f build//Users/davidcranor/Documents/libmaple/libmaple/util.o
                                 0x42 (size before relaxing)
 .rodata.str1.1
                0x08009bf6       0x71 build//Users/davidcranor/Documents/libmaple/libmaple/i2c.o
                                 0x73 (size before relaxing)
 .rodata.str1.1
                0x08009c67       0x55 build//Users/davidcranor/Documents/libmaple/libmaple/usb/stm32f1/usb.o
 .rodata.usbVcomDescriptor_iProduct
                0x08009cbc        0xc build//Users/davidcranor/Documents/libmaple/libmaple/usb/stm32f1/usb_cdcacm.o
 .rodata.usbVcomDescriptor_iManufacturer
                0x08009cc8       0x14 build//Users/davidcranor/Documents/libmaple/libmaple/usb/stm32f1/usb_cdcacm.o
 .rodata.usbVcomDescriptor_Device
                0x08009cdc       0x14 build//Users/davidcranor/Documents/libmaple/libmaple/usb/stm32f1/usb_cdcacm.o
 .rodata.usbVcomDescriptor_Config
                0x08009cf0       0x44 build//Users/davidcranor/Documents/libmaple/libmaple/usb/stm32f1/usb_cdcacm.o
 .rodata.usbVcomDescriptor_LangID
                0x08009d34        0x4 build//Users/davidcranor/Documents/libmaple/libmaple/usb/stm32f1/usb_cdcacm.o
 .rodata.CSWTCH.39
                0x08009d38        0x8 build//Users/davidcranor/Documents/libmaple/libmaple/usb/stm32f1/usb_cdcacm.o
 .rodata.GPIOA  0x08009d40        0x4 build//Users/davidcranor/Documents/libmaple/libmaple/stm32f1/gpio.o
                0x08009d40                GPIOA
 .rodata.GPIOB  0x08009d44        0x4 build//Users/davidcranor/Documents/libmaple/libmaple/stm32f1/gpio.o
                0x08009d44                GPIOB
 .rodata.GPIOC  0x08009d48        0x4 build//Users/davidcranor/Documents/libmaple/libmaple/stm32f1/gpio.o
                0x08009d48                GPIOC
 .rodata.GPIOD  0x08009d4c        0x4 build//Users/davidcranor/Documents/libmaple/libmaple/stm32f1/gpio.o
                0x08009d4c                GPIOD
 .rodata.masks.1604
                0x08009d50       0x14 build//Users/davidcranor/Documents/libmaple/libmaple/stm32f1/rcc.o
 .rodata.str1.1
                0x08009d64       0x93 build//Users/davidcranor/Documents/libmaple/libmaple/stm32f1/rcc.o
 *fill*         0x08009df7        0x1 00
 .rodata.rcc_dev_table
                0x08009df8       0x5c build//Users/davidcranor/Documents/libmaple/libmaple/stm32f1/rcc.o
                0x08009df8                rcc_dev_table
 .rodata.str1.1
                0x08009e54       0x4b build//Users/davidcranor/Documents/libmaple/libmaple/stm32f1/usart.o
 .rodata.str1.1
                0x08009e9f       0x65 build//Users/davidcranor/Documents/libmaple/wirish/HardwareSerial.o
 *fill*         0x08009f04        0x4 00
 .rodata._ZTV14HardwareSerial
                0x08009f08       0x18 build//Users/davidcranor/Documents/libmaple/wirish/HardwareSerial.o
                0x08009f08                _ZTV14HardwareSerial
 .rodata.str1.1
                0x08009f20       0x51 build//Users/davidcranor/Documents/libmaple/wirish/HardwareTimer.o
 *fill*         0x08009f71        0x7 00
 .rodata._ZTV5Print
                0x08009f78       0x18 build//Users/davidcranor/Documents/libmaple/wirish/Print.o
                0x08009f78                _ZTV5Print
 .rodata.str1.1
                0x08009f90       0x3c build//Users/davidcranor/Documents/libmaple/wirish/usb_serial.o
                                 0x3e (size before relaxing)
 *fill*         0x08009fcc        0x4 00
 .rodata._ZTV9USBSerial
                0x08009fd0       0x18 build//Users/davidcranor/Documents/libmaple/wirish/usb_serial.o
                0x08009fd0                _ZTV9USBSerial
 .rodata.str1.1
                0x08009fe8       0x48 build//Users/davidcranor/Documents/libmaple/wirish/stm32f1/wirish_digital.o
                                 0x4a (size before relaxing)
 .rodata._ZTV8WireBase
                0x0800a030       0x10 build//Users/davidcranor/Documents/libmaple/libraries/Wire/WireBase.o
                0x0800a030                _ZTV8WireBase
 .rodata._ZTV7TwoWire
                0x0800a040       0x10 build//Users/davidcranor/Documents/libmaple/libraries/Wire/Wire.o
                0x0800a040                _ZTV7TwoWire
 .rodata.ucExpectedStackBytes.3388
                0x0800a050       0x14 build//Users/davidcranor/Documents/libmaple/libraries/FreeRTOS/utility/tasks.o
 .rodata.str1.1
                0x0800a064        0x9 build/main.o
 .rodata.str1.1
                0x00000000        0x9 /Users/davidcranor/Documents/arm/bin/../lib/gcc/arm-none-eabi/4.4.1/../../../../arm-none-eabi/lib/thumb2/libc.a(lib_a-impure.o)
                                  0x2 (size before relaxing)
 *fill*         0x0800a06d        0x3 00
 .rodata._global_impure_ptr
                0x0800a070        0x4 /Users/davidcranor/Documents/arm/bin/../lib/gcc/arm-none-eabi/4.4.1/../../../../arm-none-eabi/lib/thumb2/libc.a(lib_a-impure.o)
                0x0800a070                _global_impure_ptr
 *(.USER_FLASH)
                0x0800a074                . = ALIGN (0x4)
                0x0800a074                _lm_rom_img_cfgp = .
                0x0800a074        0x4 LONG 0x8008fd8 LOADADDR (.data)
                [0x20001ca8]                _lm_heap_start = DEFINED (_lm_heap_start)?_lm_heap_start:_end
                [0x20005000]                _lm_heap_end = DEFINED (_lm_heap_end)?_lm_heap_end:__msp_init

.bss            0x20001750      0x558
                0x20001750                . = ALIGN (0x8)
                0x20001750                __bss_start__ = .
 *(.bss .bss.* .gnu.linkonce.b.*)
 .bss           0x20001750        0x1 /Users/davidcranor/Documents/arm/bin/../lib/gcc/arm-none-eabi/4.4.1/thumb2/crtbegin.o
 *fill*         0x20001751        0x3 00
 .bss.exti_channels
                0x20001754       0x80 build//Users/davidcranor/Documents/libmaple/libmaple/exti.o
 .bss.systick_user_callback
                0x200017d4        0x4 build//Users/davidcranor/Documents/libmaple/libmaple/systick.o
 .bss.n_unsent_bytes
                0x200017d8        0x4 build//Users/davidcranor/Documents/libmaple/libmaple/usb/stm32f1/usb_cdcacm.o
 .bss.vcomBufferRx
                0x200017dc       0x40 build//Users/davidcranor/Documents/libmaple/libmaple/usb/stm32f1/usb_cdcacm.o
 .bss.rx_hook   0x2000181c        0x4 build//Users/davidcranor/Documents/libmaple/libmaple/usb/stm32f1/usb_cdcacm.o
 .bss.rx_offset
                0x20001820        0x4 build//Users/davidcranor/Documents/libmaple/libmaple/usb/stm32f1/usb_cdcacm.o
 .bss.line_dtr_rts
                0x20001824        0x1 build//Users/davidcranor/Documents/libmaple/libmaple/usb/stm32f1/usb_cdcacm.o
 .bss.transmitting
                0x20001825        0x1 build//Users/davidcranor/Documents/libmaple/libmaple/usb/stm32f1/usb_cdcacm.o
 *fill*         0x20001826        0x2 00
 .bss.iface_setup_hook
                0x20001828        0x4 build//Users/davidcranor/Documents/libmaple/libmaple/usb/stm32f1/usb_cdcacm.o
 .bss.n_unread_bytes
                0x2000182c        0x4 build//Users/davidcranor/Documents/libmaple/libmaple/usb/stm32f1/usb_cdcacm.o
 .bss.Data_Mul_MaxPacketSize
                0x20001830        0x1 build//Users/davidcranor/Documents/libmaple/libmaple/usb/usb_lib/usb_core.o
                0x20001830                Data_Mul_MaxPacketSize
 *fill*         0x20001831        0x3 00
 .bss.usart1_rb
                0x20001834        0xc build//Users/davidcranor/Documents/libmaple/libmaple/stm32f1/usart.o
 .bss.usart2_rb
                0x20001840        0xc build//Users/davidcranor/Documents/libmaple/libmaple/stm32f1/usart.o
 .bss.usart3_rb
                0x2000184c        0xc build//Users/davidcranor/Documents/libmaple/libmaple/stm32f1/usart.o
 .bss.pbreak.1616
                0x20001858        0x4 build//Users/davidcranor/Documents/libmaple/wirish/syscalls.o
 .bss.Serial1   0x2000185c        0xc build//Users/davidcranor/Documents/libmaple/wirish/HardwareSerial.o
                0x2000185c                Serial1
 .bss.Serial2   0x20001868        0xc build//Users/davidcranor/Documents/libmaple/wirish/HardwareSerial.o
                0x20001868                Serial2
 .bss.Serial3   0x20001874        0xc build//Users/davidcranor/Documents/libmaple/wirish/HardwareSerial.o
                0x20001874                Serial3
 .bss.Timer1    0x20001880        0x4 build//Users/davidcranor/Documents/libmaple/wirish/HardwareTimer.o
                0x20001880                Timer1
 .bss.Timer2    0x20001884        0x4 build//Users/davidcranor/Documents/libmaple/wirish/HardwareTimer.o
                0x20001884                Timer2
 .bss.Timer3    0x20001888        0x4 build//Users/davidcranor/Documents/libmaple/wirish/HardwareTimer.o
                0x20001888                Timer3
 .bss.Timer4    0x2000188c        0x4 build//Users/davidcranor/Documents/libmaple/wirish/HardwareTimer.o
                0x2000188c                Timer4
 .bss._ZL7this_id
                0x20001890        0x1 build//Users/davidcranor/Documents/libmaple/wirish/HardwareTimer.o
 *fill*         0x20001891        0x3 00
 .bss._ZL9this_devp
                0x20001894        0x4 build//Users/davidcranor/Documents/libmaple/wirish/HardwareTimer.o
 .bss._ZL11reset_state
                0x20001898        0x1 build//Users/davidcranor/Documents/libmaple/wirish/usb_serial.o
 *fill*         0x20001899        0x3 00
 .bss.SerialUSB
                0x2000189c        0x4 build//Users/davidcranor/Documents/libmaple/wirish/usb_serial.o
                0x2000189c                SerialUSB
 .bss.Wire      0x200018a0       0x58 build//Users/davidcranor/Documents/libmaple/libraries/Wire/Wire.o
                0x200018a0                Wire
 .bss.uxTopReadyPriority
                0x200018f8        0x4 build//Users/davidcranor/Documents/libmaple/libraries/FreeRTOS/utility/tasks.o
 .bss.xTickCount
                0x200018fc        0x4 build//Users/davidcranor/Documents/libmaple/libraries/FreeRTOS/utility/tasks.o
 .bss.pxReadyTasksLists
                0x20001900       0x64 build//Users/davidcranor/Documents/libmaple/libraries/FreeRTOS/utility/tasks.o
 .bss.xTracing  0x20001964        0x4 build//Users/davidcranor/Documents/libmaple/libraries/FreeRTOS/utility/tasks.o
 .bss.xMissedYield
                0x20001968        0x4 build//Users/davidcranor/Documents/libmaple/libraries/FreeRTOS/utility/tasks.o
 .bss.pcTraceBuffer
                0x2000196c        0x4 build//Users/davidcranor/Documents/libmaple/libraries/FreeRTOS/utility/tasks.o
 .bss.pxCurrentTCB
                0x20001970        0x4 build//Users/davidcranor/Documents/libmaple/libraries/FreeRTOS/utility/tasks.o
                0x20001970                pxCurrentTCB
 .bss.uxSchedulerSuspended
                0x20001974        0x4 build//Users/davidcranor/Documents/libmaple/libraries/FreeRTOS/utility/tasks.o
 .bss.pcTraceBufferEnd
                0x20001978        0x4 build//Users/davidcranor/Documents/libmaple/libraries/FreeRTOS/utility/tasks.o
 .bss.gTmpInt   0x2000197c        0x2 build/main.o
                0x2000197c                gTmpInt
 .bss.potMeter  0x2000197e        0x2 build/main.o
                0x2000197e                potMeter
 .bss.guidino_initialized
                0x20001980        0x1 build/main.o
                0x20001980                guidino_initialized
 *fill*         0x20001981        0x3 00
 .bss.guino_item_values
                0x20001984      0x190 build/main.o
                0x20001984                guino_item_values
 .bss.ET        0x20001b14      0x10c build/main.o
                0x20001b14                ET
 .bss.guino_data
                0x20001c20        0x4 build/main.o
                0x20001c20                guino_data
 .bss.guino_item_counter
                0x20001c24        0x2 build/main.o
                0x20001c24                guino_item_counter
 *fill*         0x20001c26        0x2 00
 .bss.__malloc_max_total_mem
                0x20001c28        0x4 /Users/davidcranor/Documents/arm/bin/../lib/gcc/arm-none-eabi/4.4.1/../../../../arm-none-eabi/lib/thumb2/libc.a(lib_a-mallocr.o)
                0x20001c28                __malloc_max_total_mem
 .bss.__malloc_max_sbrked_mem
                0x20001c2c        0x4 /Users/davidcranor/Documents/arm/bin/../lib/gcc/arm-none-eabi/4.4.1/../../../../arm-none-eabi/lib/thumb2/libc.a(lib_a-mallocr.o)
                0x20001c2c                __malloc_max_sbrked_mem
 .bss.__malloc_top_pad
                0x20001c30        0x4 /Users/davidcranor/Documents/arm/bin/../lib/gcc/arm-none-eabi/4.4.1/../../../../arm-none-eabi/lib/thumb2/libc.a(lib_a-mallocr.o)
                0x20001c30                __malloc_top_pad
 .bss.__malloc_current_mallinfo
                0x20001c34       0x28 /Users/davidcranor/Documents/arm/bin/../lib/gcc/arm-none-eabi/4.4.1/../../../../arm-none-eabi/lib/thumb2/libc.a(lib_a-mallocr.o)
                0x20001c34                __malloc_current_mallinfo
 *(COMMON)
 COMMON         0x20001c5c        0x4 build//Users/davidcranor/Documents/libmaple/libmaple/systick.o
                0x20001c5c                systick_uptime_millis
 COMMON         0x20001c60        0x6 build//Users/davidcranor/Documents/libmaple/libmaple/usb/stm32f1/usb.o
                0x20001c60                SaveRState
                0x20001c62                SaveTState
                0x20001c64                ResumeS
 *fill*         0x20001c66        0x2 00
 COMMON         0x20001c68        0x2 build//Users/davidcranor/Documents/libmaple/libmaple/usb/usb_lib/usb_core.o
                0x20001c68                StatusInfo
 *fill*         0x20001c6a        0x2 00
 COMMON         0x20001c6c       0x32 build//Users/davidcranor/Documents/libmaple/libmaple/usb/usb_lib/usb_init.o
                0x20001c6c                SaveState
                0x20001c70                pProperty
                0x20001c74                EPindex
                0x20001c78                Device_Info
                0x20001c94                pUser_Standard_Requests
                0x20001c98                pInformation
                0x20001c9c                wInterrupt_Mask
 *fill*         0x20001c9e        0x2 00
 COMMON         0x20001ca0        0x4 /Users/davidcranor/Documents/arm/bin/../lib/gcc/arm-none-eabi/4.4.1/../../../../arm-none-eabi/lib/thumb2/libc.a(lib_a-reent.o)
                0x20001ca0                errno
                0x20001ca8                . = ALIGN (0x8)
 *fill*         0x20001ca4        0x4 00
                0x20001ca8                __bss_end__ = .
                0x20001ca8                _end = __bss_end__

.stab
 *(.stab)

.stabstr
 *(.stabstr)

.debug
 *(.debug)

.line
 *(.line)

.debug_srcinfo
 *(.debug_srcinfo)

.debug_sfnames
 *(.debug_sfnames)

.comment        0x00000000      0x7ce
 .comment       0x00000000       0x12 /Users/davidcranor/Documents/arm/bin/../lib/gcc/arm-none-eabi/4.4.1/thumb2/crtbegin.o
 .comment       0x00000012       0x12 build//Users/davidcranor/Documents/libmaple/libmaple/adc.o
 .comment       0x00000024       0x12 build//Users/davidcranor/Documents/libmaple/libmaple/dac.o
 .comment       0x00000036       0x12 build//Users/davidcranor/Documents/libmaple/libmaple/dma.o
 .comment       0x00000048       0x12 build//Users/davidcranor/Documents/libmaple/libmaple/exti.o
 .comment       0x0000005a       0x12 build//Users/davidcranor/Documents/libmaple/libmaple/flash.o
 .comment       0x0000006c       0x12 build//Users/davidcranor/Documents/libmaple/libmaple/gpio.o
 .comment       0x0000007e       0x12 build//Users/davidcranor/Documents/libmaple/libmaple/iwdg.o
 .comment       0x00000090       0x12 build//Users/davidcranor/Documents/libmaple/libmaple/nvic.o
 .comment       0x000000a2       0x12 build//Users/davidcranor/Documents/libmaple/libmaple/pwr.o
 .comment       0x000000b4       0x12 build//Users/davidcranor/Documents/libmaple/libmaple/rcc.o
 .comment       0x000000c6       0x12 build//Users/davidcranor/Documents/libmaple/libmaple/spi.o
 .comment       0x000000d8       0x12 build//Users/davidcranor/Documents/libmaple/libmaple/systick.o
 .comment       0x000000ea       0x12 build//Users/davidcranor/Documents/libmaple/libmaple/timer.o
 .comment       0x000000fc       0x12 build//Users/davidcranor/Documents/libmaple/libmaple/usart.o
 .comment       0x0000010e       0x12 build//Users/davidcranor/Documents/libmaple/libmaple/usart_private.o
 .comment       0x00000120       0x12 build//Users/davidcranor/Documents/libmaple/libmaple/util.o
 .comment       0x00000132       0x12 build//Users/davidcranor/Documents/libmaple/libmaple/i2c.o
 .comment       0x00000144       0x12 build//Users/davidcranor/Documents/libmaple/libmaple/usb/stm32f1/usb.o
 .comment       0x00000156       0x12 build//Users/davidcranor/Documents/libmaple/libmaple/usb/stm32f1/usb_reg_map.o
 .comment       0x00000168       0x12 build//Users/davidcranor/Documents/libmaple/libmaple/usb/stm32f1/usb_cdcacm.o
 .comment       0x0000017a       0x12 build//Users/davidcranor/Documents/libmaple/libmaple/usb/usb_lib/usb_core.o
 .comment       0x0000018c       0x12 build//Users/davidcranor/Documents/libmaple/libmaple/usb/usb_lib/usb_init.o
 .comment       0x0000019e       0x12 build//Users/davidcranor/Documents/libmaple/libmaple/usb/usb_lib/usb_mem.o
 .comment       0x000001b0       0x12 build//Users/davidcranor/Documents/libmaple/libmaple/usb/usb_lib/usb_regs.o
 .comment       0x000001c2       0x12 build//Users/davidcranor/Documents/libmaple/libmaple/stm32f1/adc.o
 .comment       0x000001d4       0x12 build//Users/davidcranor/Documents/libmaple/libmaple/stm32f1/bkp.o
 .comment       0x000001e6       0x12 build//Users/davidcranor/Documents/libmaple/libmaple/stm32f1/dma.o
 .comment       0x000001f8       0x12 build//Users/davidcranor/Documents/libmaple/libmaple/stm32f1/exti.o
 .comment       0x0000020a       0x12 build//Users/davidcranor/Documents/libmaple/libmaple/stm32f1/fsmc.o
 .comment       0x0000021c       0x12 build//Users/davidcranor/Documents/libmaple/libmaple/stm32f1/gpio.o
 .comment       0x0000022e       0x12 build//Users/davidcranor/Documents/libmaple/libmaple/stm32f1/i2c.o
 .comment       0x00000240       0x12 build//Users/davidcranor/Documents/libmaple/libmaple/stm32f1/rcc.o
 .comment       0x00000252       0x12 build//Users/davidcranor/Documents/libmaple/libmaple/stm32f1/spi.o
 .comment       0x00000264       0x12 build//Users/davidcranor/Documents/libmaple/libmaple/stm32f1/timer.o
 .comment       0x00000276       0x12 build//Users/davidcranor/Documents/libmaple/libmaple/stm32f1/usart.o
 .comment       0x00000288       0x12 build//Users/davidcranor/Documents/libmaple/wirish/start_c.o
 .comment       0x0000029a       0x12 build//Users/davidcranor/Documents/libmaple/wirish/syscalls.o
 .comment       0x000002ac       0x12 build//Users/davidcranor/Documents/libmaple/wirish/stm32f1/util_hooks.o
 .comment       0x000002be       0x12 build//Users/davidcranor/Documents/libmaple/wirish/boards.o
 .comment       0x000002d0       0x12 build//Users/davidcranor/Documents/libmaple/wirish/cxxabi-compat.o
 .comment       0x000002e2       0x12 build//Users/davidcranor/Documents/libmaple/wirish/ext_interrupts.o
 .comment       0x000002f4       0x12 build//Users/davidcranor/Documents/libmaple/wirish/HardwareSerial.o
 .comment       0x00000306       0x12 build//Users/davidcranor/Documents/libmaple/wirish/HardwareTimer.o
 .comment       0x00000318       0x12 build//Users/davidcranor/Documents/libmaple/wirish/Print.o
 .comment       0x0000032a       0x12 build//Users/davidcranor/Documents/libmaple/wirish/pwm.o
 .comment       0x0000033c       0x12 build//Users/davidcranor/Documents/libmaple/wirish/usb_serial.o
 .comment       0x0000034e       0x12 build//Users/davidcranor/Documents/libmaple/wirish/HardwareSPI.o
 .comment       0x00000360       0x12 build//Users/davidcranor/Documents/libmaple/wirish/wirish_analog.o
 .comment       0x00000372       0x12 build//Users/davidcranor/Documents/libmaple/wirish/wirish_digital.o
 .comment       0x00000384       0x12 build//Users/davidcranor/Documents/libmaple/wirish/wirish_math.o
 .comment       0x00000396       0x12 build//Users/davidcranor/Documents/libmaple/wirish/wirish_shift.o
 .comment       0x000003a8       0x12 build//Users/davidcranor/Documents/libmaple/wirish/wirish_time.o
 .comment       0x000003ba       0x12 build//Users/davidcranor/Documents/libmaple/wirish/stm32f1/boards_setup.o
 .comment       0x000003cc       0x12 build//Users/davidcranor/Documents/libmaple/wirish/stm32f1/wirish_digital.o
 .comment       0x000003de       0x12 build//Users/davidcranor/Documents/libmaple/wirish/stm32f1/wirish_debug.o
 .comment       0x000003f0       0x12 build//Users/davidcranor/Documents/libmaple/wirish/boards/maple/board.o
 .comment       0x00000402       0x12 build//Users/davidcranor/Documents/libmaple/libraries/Servo/Servo.o
 .comment       0x00000414       0x12 build//Users/davidcranor/Documents/libmaple/libraries/LiquidCrystal/LiquidCrystal.o
 .comment       0x00000426       0x12 build//Users/davidcranor/Documents/libmaple/libraries/Wire/WireBase.o
 .comment       0x00000438       0x12 build//Users/davidcranor/Documents/libmaple/libraries/Wire/HardWire.o
 .comment       0x0000044a       0x12 build//Users/davidcranor/Documents/libmaple/libraries/Wire/Wire.o
 .comment       0x0000045c       0x12 build//Users/davidcranor/Documents/libmaple/libraries/FreeRTOS/utility/croutine.o
 .comment       0x0000046e       0x12 build//Users/davidcranor/Documents/libmaple/libraries/FreeRTOS/utility/heap_2.o
 .comment       0x00000480       0x12 build//Users/davidcranor/Documents/libmaple/libraries/FreeRTOS/utility/list.o
 .comment       0x00000492       0x12 build//Users/davidcranor/Documents/libmaple/libraries/FreeRTOS/utility/port.o
 .comment       0x000004a4       0x12 build//Users/davidcranor/Documents/libmaple/libraries/FreeRTOS/utility/queue.o
 .comment       0x000004b6       0x12 build//Users/davidcranor/Documents/libmaple/libraries/FreeRTOS/utility/timers.o
 .comment       0x000004c8       0x12 build//Users/davidcranor/Documents/libmaple/libraries/FreeRTOS/utility/tasks.o
 .comment       0x000004da       0x12 build//Users/davidcranor/Documents/libmaple/libraries/FreeRTOS/MapleFreeRTOS.o
 .comment       0x000004ec       0x12 build//Users/davidcranor/Documents/libmaple/libraries/MCP2035/MCP2035.o
 .comment       0x000004fe       0x12 build//Users/davidcranor/Documents/libmaple/libraries/PlotSender/plotSender.o
 .comment       0x00000510       0x12 build//Users/davidcranor/Documents/libmaple/libraries/EasyTransfer/EasyTransfer.o
 .comment       0x00000522       0x12 build/main.o
 .comment       0x00000534       0x12 /Users/davidcranor/Documents/arm/bin/../lib/gcc/arm-none-eabi/4.4.1/../../../../arm-none-eabi/lib/thumb2/libstdc++.a(atexit_arm.o)
 .comment       0x00000546       0x12 /Users/davidcranor/Documents/arm/bin/../lib/gcc/arm-none-eabi/4.4.1/thumb2/libgcc.a(_fixdfdi.o)
 .comment       0x00000558       0x12 /Users/davidcranor/Documents/arm/bin/../lib/gcc/arm-none-eabi/4.4.1/thumb2/libgcc.a(_fixunsdfdi.o)
 .comment       0x0000056a       0x12 /Users/davidcranor/Documents/arm/bin/../lib/gcc/arm-none-eabi/4.4.1/thumb2/libgcc.a(bpabi.o)
 .comment       0x0000057c       0x12 /Users/davidcranor/Documents/arm/bin/../lib/gcc/arm-none-eabi/4.4.1/thumb2/libgcc.a(_divdi3.o)
 .comment       0x0000058e       0x12 /Users/davidcranor/Documents/arm/bin/../lib/gcc/arm-none-eabi/4.4.1/thumb2/libgcc.a(_udivdi3.o)
 .comment       0x000005a0       0x12 /Users/davidcranor/Documents/arm/bin/../lib/gcc/arm-none-eabi/4.4.1/../../../../arm-none-eabi/lib/thumb2/libc.a(lib_a-cxa_atexit.o)
 .comment       0x000005b2       0x12 /Users/davidcranor/Documents/arm/bin/../lib/gcc/arm-none-eabi/4.4.1/../../../../arm-none-eabi/lib/thumb2/libc.a(lib_a-errno.o)
 .comment       0x000005c4       0x12 /Users/davidcranor/Documents/arm/bin/../lib/gcc/arm-none-eabi/4.4.1/../../../../arm-none-eabi/lib/thumb2/libc.a(lib_a-impure.o)
 .comment       0x000005d6       0x12 /Users/davidcranor/Documents/arm/bin/../lib/gcc/arm-none-eabi/4.4.1/../../../../arm-none-eabi/lib/thumb2/libc.a(lib_a-init.o)
 .comment       0x000005e8       0x12 /Users/davidcranor/Documents/arm/bin/../lib/gcc/arm-none-eabi/4.4.1/../../../../arm-none-eabi/lib/thumb2/libc.a(lib_a-memcmp.o)
 .comment       0x000005fa       0x12 /Users/davidcranor/Documents/arm/bin/../lib/gcc/arm-none-eabi/4.4.1/../../../../arm-none-eabi/lib/thumb2/libc.a(lib_a-memcpy.o)
 .comment       0x0000060c       0x12 /Users/davidcranor/Documents/arm/bin/../lib/gcc/arm-none-eabi/4.4.1/../../../../arm-none-eabi/lib/thumb2/libc.a(lib_a-memset.o)
 .comment       0x0000061e       0x12 /Users/davidcranor/Documents/arm/bin/../lib/gcc/arm-none-eabi/4.4.1/../../../../arm-none-eabi/lib/thumb2/libc.a(lib_a-rand.o)
 .comment       0x00000630       0x12 /Users/davidcranor/Documents/arm/bin/../lib/gcc/arm-none-eabi/4.4.1/../../../../arm-none-eabi/lib/thumb2/libc.a(lib_a-sprintf.o)
 .comment       0x00000642       0x12 /Users/davidcranor/Documents/arm/bin/../lib/gcc/arm-none-eabi/4.4.1/../../../../arm-none-eabi/lib/thumb2/libc.a(lib_a-strcat.o)
 .comment       0x00000654       0x12 /Users/davidcranor/Documents/arm/bin/../lib/gcc/arm-none-eabi/4.4.1/../../../../arm-none-eabi/lib/thumb2/libc.a(lib_a-strlen.o)
 .comment       0x00000666       0x12 /Users/davidcranor/Documents/arm/bin/../lib/gcc/arm-none-eabi/4.4.1/../../../../arm-none-eabi/lib/thumb2/libc.a(lib_a-strncpy.o)
 .comment       0x00000678       0x12 /Users/davidcranor/Documents/arm/bin/../lib/gcc/arm-none-eabi/4.4.1/../../../../arm-none-eabi/lib/thumb2/libc.a(lib_a-svfprintf.o)
 .comment       0x0000068a       0x12 /Users/davidcranor/Documents/arm/bin/../lib/gcc/arm-none-eabi/4.4.1/../../../../arm-none-eabi/lib/thumb2/libc.a(lib_a-__atexit.o)
 .comment       0x0000069c       0x12 /Users/davidcranor/Documents/arm/bin/../lib/gcc/arm-none-eabi/4.4.1/../../../../arm-none-eabi/lib/thumb2/libc.a(lib_a-dtoa.o)
 .comment       0x000006ae       0x12 /Users/davidcranor/Documents/arm/bin/../lib/gcc/arm-none-eabi/4.4.1/../../../../arm-none-eabi/lib/thumb2/libc.a(lib_a-freer.o)
 .comment       0x000006c0       0x12 /Users/davidcranor/Documents/arm/bin/../lib/gcc/arm-none-eabi/4.4.1/../../../../arm-none-eabi/lib/thumb2/libc.a(lib_a-locale.o)
 .comment       0x000006d2       0x12 /Users/davidcranor/Documents/arm/bin/../lib/gcc/arm-none-eabi/4.4.1/../../../../arm-none-eabi/lib/thumb2/libc.a(lib_a-malloc.o)
 .comment       0x000006e4       0x12 /Users/davidcranor/Documents/arm/bin/../lib/gcc/arm-none-eabi/4.4.1/../../../../arm-none-eabi/lib/thumb2/libc.a(lib_a-mallocr.o)
 .comment       0x000006f6       0x12 /Users/davidcranor/Documents/arm/bin/../lib/gcc/arm-none-eabi/4.4.1/../../../../arm-none-eabi/lib/thumb2/libc.a(lib_a-memchr.o)
 .comment       0x00000708       0x12 /Users/davidcranor/Documents/arm/bin/../lib/gcc/arm-none-eabi/4.4.1/../../../../arm-none-eabi/lib/thumb2/libc.a(lib_a-memmove.o)
 .comment       0x0000071a       0x12 /Users/davidcranor/Documents/arm/bin/../lib/gcc/arm-none-eabi/4.4.1/../../../../arm-none-eabi/lib/thumb2/libc.a(lib_a-mlock.o)
 .comment       0x0000072c       0x12 /Users/davidcranor/Documents/arm/bin/../lib/gcc/arm-none-eabi/4.4.1/../../../../arm-none-eabi/lib/thumb2/libc.a(lib_a-mprec.o)
 .comment       0x0000073e       0x12 /Users/davidcranor/Documents/arm/bin/../lib/gcc/arm-none-eabi/4.4.1/../../../../arm-none-eabi/lib/thumb2/libc.a(lib_a-reallocr.o)
 .comment       0x00000750       0x12 /Users/davidcranor/Documents/arm/bin/../lib/gcc/arm-none-eabi/4.4.1/../../../../arm-none-eabi/lib/thumb2/libc.a(lib_a-s_isinfd.o)
 .comment       0x00000762       0x12 /Users/davidcranor/Documents/arm/bin/../lib/gcc/arm-none-eabi/4.4.1/../../../../arm-none-eabi/lib/thumb2/libc.a(lib_a-s_isnand.o)
 .comment       0x00000774       0x12 /Users/davidcranor/Documents/arm/bin/../lib/gcc/arm-none-eabi/4.4.1/../../../../arm-none-eabi/lib/thumb2/libc.a(lib_a-sbrkr.o)
 .comment       0x00000786       0x12 /Users/davidcranor/Documents/arm/bin/../lib/gcc/arm-none-eabi/4.4.1/../../../../arm-none-eabi/lib/thumb2/libc.a(lib_a-strcmp.o)
 .comment       0x00000798       0x12 /Users/davidcranor/Documents/arm/bin/../lib/gcc/arm-none-eabi/4.4.1/../../../../arm-none-eabi/lib/thumb2/libc.a(lib_a-callocr.o)
 .comment       0x000007aa       0x12 /Users/davidcranor/Documents/arm/bin/../lib/gcc/arm-none-eabi/4.4.1/../../../../arm-none-eabi/lib/thumb2/libc.a(lib_a-reent.o)
 .comment       0x000007bc       0x12 /Users/davidcranor/Documents/arm/bin/../lib/gcc/arm-none-eabi/4.4.1/thumb2/crtend.o

.debug_aranges  0x00000000     0x1e50
 *(.debug_aranges)
 .debug_aranges
                0x00000000       0x28 /Users/davidcranor/Documents/arm/bin/../lib/gcc/arm-none-eabi/4.4.1/thumb2/crti.o
 .debug_aranges
                0x00000028       0x38 build//Users/davidcranor/Documents/libmaple/libmaple/adc.o
 .debug_aranges
                0x00000060       0x38 build//Users/davidcranor/Documents/libmaple/libmaple/dac.o
 .debug_aranges
                0x00000098       0x28 build//Users/davidcranor/Documents/libmaple/libmaple/dma.o
 .debug_aranges
                0x000000c0       0x80 build//Users/davidcranor/Documents/libmaple/libmaple/exti.o
 .debug_aranges
                0x00000140       0x20 build//Users/davidcranor/Documents/libmaple/libmaple/flash.o
 .debug_aranges
                0x00000160       0x20 build//Users/davidcranor/Documents/libmaple/libmaple/gpio.o
 .debug_aranges
                0x00000180       0x28 build//Users/davidcranor/Documents/libmaple/libmaple/iwdg.o
 .debug_aranges
                0x000001a8       0x38 build//Users/davidcranor/Documents/libmaple/libmaple/nvic.o
 .debug_aranges
                0x000001e0       0x20 build//Users/davidcranor/Documents/libmaple/libmaple/pwr.o
 .debug_aranges
                0x00000200       0x58 build//Users/davidcranor/Documents/libmaple/libmaple/rcc.o
 .debug_aranges
                0x00000258       0x78 build//Users/davidcranor/Documents/libmaple/libmaple/spi.o
 .debug_aranges
                0x000002d0       0x40 build//Users/davidcranor/Documents/libmaple/libmaple/systick.o
 .debug_aranges
                0x00000310       0x78 build//Users/davidcranor/Documents/libmaple/libmaple/timer.o
 .debug_aranges
                0x00000388       0x48 build//Users/davidcranor/Documents/libmaple/libmaple/usart.o
 .debug_aranges
                0x000003d0       0x20 build//Users/davidcranor/Documents/libmaple/libmaple/usart_private.o
 .debug_aranges
                0x000003f0       0x58 build//Users/davidcranor/Documents/libmaple/libmaple/util.o
 .debug_aranges
                0x00000448       0xc8 build//Users/davidcranor/Documents/libmaple/libmaple/i2c.o
 .debug_aranges
                0x00000510       0x58 build//Users/davidcranor/Documents/libmaple/libmaple/usb/stm32f1/usb.o
 .debug_aranges
                0x00000568       0x50 build//Users/davidcranor/Documents/libmaple/libmaple/usb/stm32f1/usb_reg_map.o
 .debug_aranges
                0x000005b8      0x140 build//Users/davidcranor/Documents/libmaple/libmaple/usb/stm32f1/usb_cdcacm.o
 .debug_aranges
                0x000006f8       0x98 build//Users/davidcranor/Documents/libmaple/libmaple/usb/usb_lib/usb_core.o
 .debug_aranges
                0x00000790       0x20 build//Users/davidcranor/Documents/libmaple/libmaple/usb/usb_lib/usb_init.o
 .debug_aranges
                0x000007b0       0x28 build//Users/davidcranor/Documents/libmaple/libmaple/usb/usb_lib/usb_mem.o
 .debug_aranges
                0x000007d8      0x1f0 build//Users/davidcranor/Documents/libmaple/libmaple/usb/usb_lib/usb_regs.o
 .debug_aranges
                0x000009c8       0x48 build//Users/davidcranor/Documents/libmaple/libmaple/stm32f1/adc.o
 .debug_aranges
                0x00000a10       0x50 build//Users/davidcranor/Documents/libmaple/libmaple/stm32f1/bkp.o
 .debug_aranges
                0x00000a60       0xe0 build//Users/davidcranor/Documents/libmaple/libmaple/stm32f1/dma.o
 .debug_aranges
                0x00000b40       0x20 build//Users/davidcranor/Documents/libmaple/libmaple/stm32f1/exti.o
 .debug_aranges
                0x00000b60       0x38 build//Users/davidcranor/Documents/libmaple/libmaple/stm32f1/gpio.o