Archive member included because of file (symbol)

/Users/davidcranor/Documents/arm/bin/../lib/gcc/arm-none-eabi/4.4.1/../../../../arm-none-eabi/lib/thumb2/libstdc++.a(atexit_arm.o)
                              build//Users/davidcranor/Documents/libmaple/libraries/Wire/Wire.o (__aeabi_atexit)
/Users/davidcranor/Documents/arm/bin/../lib/gcc/arm-none-eabi/4.4.1/thumb2/libgcc.a(_arm_addsubdf3.o)
                              build//Users/davidcranor/Documents/libmaple/wirish/Print.o (__aeabi_dsub)
/Users/davidcranor/Documents/arm/bin/../lib/gcc/arm-none-eabi/4.4.1/thumb2/libgcc.a(_arm_muldivdf3.o)
                              build//Users/davidcranor/Documents/libmaple/wirish/Print.o (__aeabi_dmul)
/Users/davidcranor/Documents/arm/bin/../lib/gcc/arm-none-eabi/4.4.1/thumb2/libgcc.a(_arm_cmpdf2.o)
                              build//Users/davidcranor/Documents/libmaple/wirish/Print.o (__aeabi_dcmplt)
/Users/davidcranor/Documents/arm/bin/../lib/gcc/arm-none-eabi/4.4.1/thumb2/libgcc.a(_arm_fixdfsi.o)
                              build//Users/davidcranor/Documents/libmaple/wirish/Print.o (__aeabi_d2iz)
/Users/davidcranor/Documents/arm/bin/../lib/gcc/arm-none-eabi/4.4.1/thumb2/libgcc.a(_aeabi_uldivmod.o)
                              build//Users/davidcranor/Documents/libmaple/wirish/Print.o (__aeabi_uldivmod)
/Users/davidcranor/Documents/arm/bin/../lib/gcc/arm-none-eabi/4.4.1/thumb2/libgcc.a(_fixdfdi.o)
                              build//Users/davidcranor/Documents/libmaple/wirish/Print.o (__aeabi_d2lz)
/Users/davidcranor/Documents/arm/bin/../lib/gcc/arm-none-eabi/4.4.1/thumb2/libgcc.a(_fixunsdfdi.o)
                              /Users/davidcranor/Documents/arm/bin/../lib/gcc/arm-none-eabi/4.4.1/thumb2/libgcc.a(_fixdfdi.o) (__aeabi_d2ulz)
/Users/davidcranor/Documents/arm/bin/../lib/gcc/arm-none-eabi/4.4.1/thumb2/libgcc.a(bpabi.o)
                              /Users/davidcranor/Documents/arm/bin/../lib/gcc/arm-none-eabi/4.4.1/thumb2/libgcc.a(_aeabi_uldivmod.o) (__gnu_uldivmod_helper)
/Users/davidcranor/Documents/arm/bin/../lib/gcc/arm-none-eabi/4.4.1/thumb2/libgcc.a(_dvmd_tls.o)
                              /Users/davidcranor/Documents/arm/bin/../lib/gcc/arm-none-eabi/4.4.1/thumb2/libgcc.a(_aeabi_uldivmod.o) (__aeabi_ldiv0)
/Users/davidcranor/Documents/arm/bin/../lib/gcc/arm-none-eabi/4.4.1/thumb2/libgcc.a(_arm_fixunsdfsi.o)
                              /Users/davidcranor/Documents/arm/bin/../lib/gcc/arm-none-eabi/4.4.1/thumb2/libgcc.a(_fixunsdfdi.o) (__aeabi_d2uiz)
/Users/davidcranor/Documents/arm/bin/../lib/gcc/arm-none-eabi/4.4.1/thumb2/libgcc.a(_divdi3.o)
                              /Users/davidcranor/Documents/arm/bin/../lib/gcc/arm-none-eabi/4.4.1/thumb2/libgcc.a(bpabi.o) (__divdi3)
/Users/davidcranor/Documents/arm/bin/../lib/gcc/arm-none-eabi/4.4.1/thumb2/libgcc.a(_udivdi3.o)
                              /Users/davidcranor/Documents/arm/bin/../lib/gcc/arm-none-eabi/4.4.1/thumb2/libgcc.a(bpabi.o) (__udivdi3)
/Users/davidcranor/Documents/arm/bin/../lib/gcc/arm-none-eabi/4.4.1/thumb2/libgcc.a(_udivsi3.o)
                              /Users/davidcranor/Documents/arm/bin/../lib/gcc/arm-none-eabi/4.4.1/thumb2/libgcc.a(_divdi3.o) (__aeabi_uidiv)
/Users/davidcranor/Documents/arm/bin/../lib/gcc/arm-none-eabi/4.4.1/../../../../arm-none-eabi/lib/thumb2/libc.a(lib_a-cxa_atexit.o)
                              /Users/davidcranor/Documents/arm/bin/../lib/gcc/arm-none-eabi/4.4.1/../../../../arm-none-eabi/lib/thumb2/libstdc++.a(atexit_arm.o) (__cxa_atexit)
/Users/davidcranor/Documents/arm/bin/../lib/gcc/arm-none-eabi/4.4.1/../../../../arm-none-eabi/lib/thumb2/libc.a(lib_a-errno.o)
                              build//Users/davidcranor/Documents/libmaple/wirish/syscalls.o (__errno)
/Users/davidcranor/Documents/arm/bin/../lib/gcc/arm-none-eabi/4.4.1/../../../../arm-none-eabi/lib/thumb2/libc.a(lib_a-impure.o)
                              /Users/davidcranor/Documents/arm/bin/../lib/gcc/arm-none-eabi/4.4.1/../../../../arm-none-eabi/lib/thumb2/libc.a(lib_a-errno.o) (_impure_ptr)
/Users/davidcranor/Documents/arm/bin/../lib/gcc/arm-none-eabi/4.4.1/../../../../arm-none-eabi/lib/thumb2/libc.a(lib_a-init.o)
                              build//Users/davidcranor/Documents/libmaple/wirish/start_c.o (__libc_init_array)
/Users/davidcranor/Documents/arm/bin/../lib/gcc/arm-none-eabi/4.4.1/../../../../arm-none-eabi/lib/thumb2/libc.a(lib_a-memcmp.o)
                              build//Users/davidcranor/Documents/libmaple/libraries/FreeRTOS/utility/tasks.o (memcmp)
/Users/davidcranor/Documents/arm/bin/../lib/gcc/arm-none-eabi/4.4.1/../../../../arm-none-eabi/lib/thumb2/libc.a(lib_a-memcpy.o)
                              build//Users/davidcranor/Documents/libmaple/libraries/FreeRTOS/utility/queue.o (memcpy)
/Users/davidcranor/Documents/arm/bin/../lib/gcc/arm-none-eabi/4.4.1/../../../../arm-none-eabi/lib/thumb2/libc.a(lib_a-memset.o)
[...]
Memory Configuration

Name             Origin             Length             Attributes
ram              0x20000c00         0x00004400         xrw
rom              0x08005000         0x0001b000         xr
*default*        0x00000000         0xffffffff

Linker script and memory map

LOAD /Users/davidcranor/Documents/arm/bin/../lib/gcc/arm-none-eabi/4.4.1/thumb2/crti.o
LOAD /Users/davidcranor/Documents/arm/bin/../lib/gcc/arm-none-eabi/4.4.1/thumb2/crtbegin.o
START GROUP
LOAD /Users/davidcranor/Documents/arm/bin/../lib/gcc/arm-none-eabi/4.4.1/thumb2/libgcc.a
LOAD /Users/davidcranor/Documents/arm/bin/../lib/gcc/arm-none-eabi/4.4.1/../../../../arm-none-eabi/lib/thumb2/libc.a
LOAD /Users/davidcranor/Documents/arm/bin/../lib/gcc/arm-none-eabi/4.4.1/../../../../arm-none-eabi/lib/thumb2/libm.a
END GROUP
                0x20005000                PROVIDE (__msp_init, 0x20005000)
                0x08007624                PROVIDE (__exc_reset, __start__)

.text           0x08005000     0x4e78
                0x08005000                __text_start__ = .
 *(.stm32.interrupt_vector)
 .stm32.interrupt_vector
                0x08005000       0xec build//Users/davidcranor/Documents/libmaple/libmaple/stm32f1/performance/vector_table.o
                0x08005000                __stm32_vector_table
 *(.text .text.* .gnu.linkonce.t.*)
 .text          0x080050ec       0x30 /Users/davidcranor/Documents/arm/bin/../lib/gcc/arm-none-eabi/4.4.1/thumb2/crtbegin.o
 .text.adc_set_extsel
                0x0800511c       0x10 build//Users/davidcranor/Documents/libmaple/libmaple/adc.o
                0x0800511c                adc_set_extsel
 .text.adc_set_sample_rate
                0x0800512c       0x2e build//Users/davidcranor/Documents/libmaple/libmaple/adc.o
                0x0800512c                adc_set_sample_rate
 .text.adc_init
                0x0800515a       0x14 build//Users/davidcranor/Documents/libmaple/libmaple/adc.o
                0x0800515a                adc_init
 *fill*         0x0800516e        0x2 00
 .text.__irq_exti0
                0x08005170       0x20 build//Users/davidcranor/Documents/libmaple/libmaple/exti.o
                0x08005170                __irq_exti0
 .text.__irq_exti1
                0x08005190       0x20 build//Users/davidcranor/Documents/libmaple/libmaple/exti.o
                0x08005190                __irq_exti1
 .text.__irq_exti2
                0x080051b0       0x20 build//Users/davidcranor/Documents/libmaple/libmaple/exti.o
                0x080051b0                __irq_exti2
 .text.__irq_exti3
                0x080051d0       0x20 build//Users/davidcranor/Documents/libmaple/libmaple/exti.o
                0x080051d0                __irq_exti3
 .text.__irq_exti4
                0x080051f0       0x20 build//Users/davidcranor/Documents/libmaple/libmaple/exti.o
                0x080051f0                __irq_exti4
 .text.__irq_exti9_5
                0x08005210       0x40 build//Users/davidcranor/Documents/libmaple/libmaple/exti.o
                0x08005210                __irq_exti9_5
 .text.__irq_exti15_10
                0x08005250       0x40 build//Users/davidcranor/Documents/libmaple/libmaple/exti.o
                0x08005250                __irq_exti15_10
 .text.flash_set_latency
                0x08005290       0x14 build//Users/davidcranor/Documents/libmaple/libmaple/flash.o
                0x08005290                flash_set_latency
 .text.gpio_init
                0x080052a4       0x14 build//Users/davidcranor/Documents/libmaple/libmaple/gpio.o
                0x080052a4                gpio_init
 .text.nvic_irq_set_priority
                0x080052b8       0x2c build//Users/davidcranor/Documents/libmaple/libmaple/nvic.o
                0x080052b8                nvic_irq_set_priority
 .text.nvic_set_vector_table
                0x080052e4       0x14 build//Users/davidcranor/Documents/libmaple/libmaple/nvic.o
                0x080052e4                nvic_set_vector_table
 .text.nvic_init
                0x080052f8       0x24 build//Users/davidcranor/Documents/libmaple/libmaple/nvic.o
                0x080052f8                nvic_init
 .text.nvic_sys_reset
                0x0800531c       0x20 build//Users/davidcranor/Documents/libmaple/libmaple/nvic.o
                0x0800531c                nvic_sys_reset
 .text.rcc_dev_clk
                0x0800533c        0xc build//Users/davidcranor/Documents/libmaple/libmaple/rcc.o
                0x0800533c                rcc_dev_clk
 .text.rcc_switch_sysclk
                0x08005348       0x24 build//Users/davidcranor/Documents/libmaple/libmaple/rcc.o
                0x08005348                rcc_switch_sysclk
 .text.rcc_clk_reg
                0x0800536c        0xc build//Users/davidcranor/Documents/libmaple/libmaple/rcc.o
 .text.rcc_clk_on_mask
                0x08005378        0xa build//Users/davidcranor/Documents/libmaple/libmaple/rcc.o
 .text.rcc_turn_on_clk
                0x08005382       0x1a build//Users/davidcranor/Documents/libmaple/libmaple/rcc.o
                0x08005382                rcc_turn_on_clk
 .text.rcc_turn_off_clk
                0x0800539c       0x1a build//Users/davidcranor/Documents/libmaple/libmaple/rcc.o
                0x0800539c                rcc_turn_off_clk
 .text.rcc_is_clk_on
                0x080053b6       0x1a build//Users/davidcranor/Documents/libmaple/libmaple/rcc.o
                0x080053b6                rcc_is_clk_on
 .text.rcc_is_clk_ready
                0x080053d0       0x16 build//Users/davidcranor/Documents/libmaple/libmaple/rcc.o
                0x080053d0                rcc_is_clk_ready
 *fill*         0x080053e6        0x2 00
 .text.systick_enable
                0x080053e8        0xc build//Users/davidcranor/Documents/libmaple/libmaple/systick.o
                0x080053e8                systick_enable
 .text.systick_init
                0x080053f4        0xc build//Users/davidcranor/Documents/libmaple/libmaple/systick.o
                0x080053f4                systick_init
 .text.__exc_systick
                0x08005400       0x1c build//Users/davidcranor/Documents/libmaple/libmaple/systick.o
                0x08005400                __exc_systick
 .text.nvic_irq_enable
                0x0800541c       0x1c build//Users/davidcranor/Documents/libmaple/libmaple/timer.o
 .text.timer_oc_set_mode
                0x08005438       0x38 build//Users/davidcranor/Documents/libmaple/libmaple/timer.o
 .text.timer_foreach
                0x08005470       0x30 build//Users/davidcranor/Documents/libmaple/libmaple/timer.o
                0x08005470                timer_foreach
 .text.timer_disable
                0x080054a0       0x12 build//Users/davidcranor/Documents/libmaple/libmaple/timer.o
                0x080054a0                timer_disable
 *fill*         0x080054b2        0x2 00
 .text.timer_has_cc_channel
                0x080054b4       0x50 build//Users/davidcranor/Documents/libmaple/libmaple/timer.o
                0x080054b4                timer_has_cc_channel
 .text.timer_init
                0x08005504       0x14 build//Users/davidcranor/Documents/libmaple/libmaple/timer.o
                0x08005504                timer_init
 .text.bb_perip
                0x08005518        0xc build//Users/davidcranor/Documents/libmaple/libmaple/timer.o
 .text.timer_attach_interrupt
                0x08005524       0xcc build//Users/davidcranor/Documents/libmaple/libmaple/timer.o
                0x08005524                timer_attach_interrupt
 .text.timer_disable_irq
                0x080055f0       0x10 build//Users/davidcranor/Documents/libmaple/libmaple/timer.o
 .text.timer_detach_interrupt
                0x08005600       0x14 build//Users/davidcranor/Documents/libmaple/libmaple/timer.o
                0x08005600                timer_detach_interrupt
 .text.timer_cc_enable
                0x08005614       0x14 build//Users/davidcranor/Documents/libmaple/libmaple/timer.o
 .text.timer_set_mode
                0x08005628       0x90 build//Users/davidcranor/Documents/libmaple/libmaple/timer.o
                0x08005628                timer_set_mode
 .text.usart_enable
                0x080056b8       0x10 build//Users/davidcranor/Documents/libmaple/libmaple/usart.o
                0x080056b8                usart_enable
 .text.usart_disable
                0x080056c8       0x22 build//Users/davidcranor/Documents/libmaple/libmaple/usart.o
                0x080056c8                usart_disable
 .text.usart_tx
                0x080056ea       0x1c build//Users/davidcranor/Documents/libmaple/libmaple/usart.o
                0x080056ea                usart_tx
 .text.usart_putudec
                0x08005706       0x44 build//Users/davidcranor/Documents/libmaple/libmaple/usart.o
                0x08005706                usart_putudec
 *fill*         0x0800574a        0x2 00
 .text.usart_init
                0x0800574c       0x44 build//Users/davidcranor/Documents/libmaple/libmaple/usart.o
                0x0800574c                usart_init
 .text._usart_clock_freq
                0x08005790       0x24 build//Users/davidcranor/Documents/libmaple/libmaple/usart_private.o
                0x08005790                _usart_clock_freq
 .text.usart_putc
                0x080057b4       0x1a build//Users/davidcranor/Documents/libmaple/libmaple/util.o
 .text.usart_putstr
                0x080057ce       0x1a build//Users/davidcranor/Documents/libmaple/libmaple/util.o
 .text.T.10     0x080057e8       0x16 build//Users/davidcranor/Documents/libmaple/libmaple/util.o
 *fill*         0x080057fe        0x2 00
 .text.throb    0x08005800       0x4c build//Users/davidcranor/Documents/libmaple/libmaple/util.o
                0x08005800                throb
 .text.__error  0x0800584c       0x14 build//Users/davidcranor/Documents/libmaple/libmaple/util.o
                0x0800584c                __error
 .text._fail    0x08005860       0x64 build//Users/davidcranor/Documents/libmaple/libmaple/util.o
                0x08005860                _fail
 .text.i2c_start_condition
                0x080058c4       0x14 build//Users/davidcranor/Documents/libmaple/libmaple/i2c.o
 .text.i2c_stop_condition
                0x080058d8       0x1c build//Users/davidcranor/Documents/libmaple/libmaple/i2c.o
 .text.i2c_disable_irq
                0x080058f4        0xc build//Users/davidcranor/Documents/libmaple/libmaple/i2c.o
 .text.i2c_enable_ack
                0x08005900        0xc build//Users/davidcranor/Documents/libmaple/libmaple/i2c.o
 .text.i2c_disable_ack
                0x0800590c        0xc build//Users/davidcranor/Documents/libmaple/libmaple/i2c.o
 .text.i2c_write
                0x08005918        0x6 build//Users/davidcranor/Documents/libmaple/libmaple/i2c.o
 .text._i2c_irq_error_handler
                0x0800591e       0x6a build//Users/davidcranor/Documents/libmaple/libmaple/i2c.o
                0x0800591e                _i2c_irq_error_handler
 .text.i2c_enable_irq
                0x08005988       0x14 build//Users/davidcranor/Documents/libmaple/libmaple/i2c.o
 .text._i2c_irq_handler
                0x0800599c      0x2bc build//Users/davidcranor/Documents/libmaple/libmaple/i2c.o
                0x0800599c                _i2c_irq_handler
 *fill*         0x08005c58        0x8 00
 .text          0x08005c60       0x60 build//Users/davidcranor/Documents/libmaple/libmaple/exc.o
                0x08005c60                __exc_nmi
                0x08005c64                __exc_hardfault
                0x08005c68                __exc_memmanage
                0x08005c6c                __exc_busfault
                0x08005c70                __exc_usagefault
 .text.usb_clear_ctr_rx
                0x08005cc0       0x18 build//Users/davidcranor/Documents/libmaple/libmaple/usb/stm32f1/usb.o
 .text.usb_clear_ctr_tx
                0x08005cd8       0x18 build//Users/davidcranor/Documents/libmaple/libmaple/usb/stm32f1/usb.o
 .text.usb_resume_init
                0x08005cf0       0x1c build//Users/davidcranor/Documents/libmaple/libmaple/usb/stm32f1/usb.o
 .text.usb_resume
                0x08005d0c       0xa8 build//Users/davidcranor/Documents/libmaple/libmaple/usb/stm32f1/usb.o
 .text.handle_in0
                0x08005db4        0x4 build//Users/davidcranor/Documents/libmaple/libmaple/usb/stm32f1/usb.o
 .text.usb_init_usblib
                0x08005db8       0x48 build//Users/davidcranor/Documents/libmaple/libmaple/usb/stm32f1/usb.o
                0x08005db8                usb_init_usblib
 .text.set_rx_tx_status0
                0x08005e00       0x38 build//Users/davidcranor/Documents/libmaple/libmaple/usb/stm32f1/usb.o
 .text.__irq_usb_lp_can_rx0
                0x08005e38      0x19c build//Users/davidcranor/Documents/libmaple/libmaple/usb/stm32f1/usb.o
                0x08005e38                __irq_usb_lp_can_rx0
 .text.usb_pma_ptr
                0x08005fd4        0xc build//Users/davidcranor/Documents/libmaple/libmaple/usb/stm32f1/usb_reg_map.o
 .text.usb_btable_ptr
                0x08005fe0       0x10 build//Users/davidcranor/Documents/libmaple/libmaple/usb/stm32f1/usb_reg_map.o
 .text.usb_copy_to_pma
                0x08005ff0       0x44 build//Users/davidcranor/Documents/libmaple/libmaple/usb/stm32f1/usb_reg_map.o
                0x08005ff0                usb_copy_to_pma
 .text.usb_copy_from_pma
                0x08006034       0x30 build//Users/davidcranor/Documents/libmaple/libmaple/usb/stm32f1/usb_reg_map.o
                0x08006034                usb_copy_from_pma
 .text.usb_set_ep_rx_count_common
                0x08006064       0x28 build//Users/davidcranor/Documents/libmaple/libmaple/usb/stm32f1/usb_reg_map.o
 .text.usb_set_ep_rx_count
                0x0800608c       0x16 build//Users/davidcranor/Documents/libmaple/libmaple/usb/stm32f1/usb_reg_map.o
                0x0800608c                usb_set_ep_rx_count
 .text.gpio_write_bit
                0x080060a2       0x18 build//Users/davidcranor/Documents/libmaple/libmaple/usb/stm32f1/usb_cdcacm.o
 *fill*         0x080060ba        0x2 00
 .text.usb_set_ep_rx_stat
                0x080060bc       0x24 build//Users/davidcranor/Documents/libmaple/libmaple/usb/stm32f1/usb_cdcacm.o
 .text.usb_set_ep_tx_stat
                0x080060e0       0x24 build//Users/davidcranor/Documents/libmaple/libmaple/usb/stm32f1/usb_cdcacm.o
 .text.usb_set_ep_type
                0x08006104       0x1c build//Users/davidcranor/Documents/libmaple/libmaple/usb/stm32f1/usb_cdcacm.o
 .text.usb_btable_ptr
                0x08006120       0x18 build//Users/davidcranor/Documents/libmaple/libmaple/usb/stm32f1/usb_cdcacm.o
 .text.usb_set_ep_tx_addr
                0x08006138       0x12 build//Users/davidcranor/Documents/libmaple/libmaple/usb/stm32f1/usb_cdcacm.o
 .text.usb_set_ep_rx_addr
                0x0800614a       0x14 build//Users/davidcranor/Documents/libmaple/libmaple/usb/stm32f1/usb_cdcacm.o
 *fill*         0x0800615e        0x2 00
 .text.usb_cdcacm_set_hooks
                0x08006160       0x20 build//Users/davidcranor/Documents/libmaple/libmaple/usb/stm32f1/usb_cdcacm.o
                0x08006160                usb_cdcacm_set_hooks
 .text.usb_cdcacm_data_available
                0x08006180        0xc build//Users/davidcranor/Documents/libmaple/libmaple/usb/stm32f1/usb_cdcacm.o
                0x08006180                usb_cdcacm_data_available
 .text.usb_cdcacm_is_transmitting
                0x0800618c        0xc build//Users/davidcranor/Documents/libmaple/libmaple/usb/stm32f1/usb_cdcacm.o
                0x0800618c                usb_cdcacm_is_transmitting
 .text.usb_cdcacm_peek
                0x08006198       0x34 build//Users/davidcranor/Documents/libmaple/libmaple/usb/stm32f1/usb_cdcacm.o
                0x08006198                usb_cdcacm_peek
 .text.usb_cdcacm_get_dtr
                0x080061cc       0x10 build//Users/davidcranor/Documents/libmaple/libmaple/usb/stm32f1/usb_cdcacm.o
                0x080061cc                usb_cdcacm_get_dtr
 .text.vcomDataTxCb
                0x080061dc       0x14 build//Users/davidcranor/Documents/libmaple/libmaple/usb/stm32f1/usb_cdcacm.o
 .text.vcomGetSetLineCoding
                0x080061f0       0x18 build//Users/davidcranor/Documents/libmaple/libmaple/usb/stm32f1/usb_cdcacm.o
 .text.usbDataSetup
                0x08006208       0x5c build//Users/davidcranor/Documents/libmaple/libmaple/usb/stm32f1/usb_cdcacm.o
 .text.usbNoDataSetup
                0x08006264       0x4c build//Users/davidcranor/Documents/libmaple/libmaple/usb/stm32f1/usb_cdcacm.o
 .text.usbGetInterfaceSetting
                0x080062b0        0xe build//Users/davidcranor/Documents/libmaple/libmaple/usb/stm32f1/usb_cdcacm.o
 *fill*         0x080062be        0x2 00
 .text.usbSetConfiguration
                0x080062c0       0x1c build//Users/davidcranor/Documents/libmaple/libmaple/usb/stm32f1/usb_cdcacm.o
 .text.usbSetDeviceAddress
                0x080062dc       0x10 build//Users/davidcranor/Documents/libmaple/libmaple/usb/stm32f1/usb_cdcacm.o
 .text.usbGetStringDescriptor
                0x080062ec       0x20 build//Users/davidcranor/Documents/libmaple/libmaple/usb/stm32f1/usb_cdcacm.o
 .text.usbGetConfigDescriptor
                0x0800630c        0xc build//Users/davidcranor/Documents/libmaple/libmaple/usb/stm32f1/usb_cdcacm.o
 .text.usbGetDeviceDescriptor
                0x08006318        0xc build//Users/davidcranor/Documents/libmaple/libmaple/usb/stm32f1/usb_cdcacm.o
 .text.usb_cdcacm_enable
                0x08006324       0x34 build//Users/davidcranor/Documents/libmaple/libmaple/usb/stm32f1/usb_cdcacm.o
                0x08006324                usb_cdcacm_enable
 .text.usbInit  0x08006358       0x44 build//Users/davidcranor/Documents/libmaple/libmaple/usb/stm32f1/usb_cdcacm.o
 .text.vcomDataRxCb
                0x0800639c       0x64 build//Users/davidcranor/Documents/libmaple/libmaple/usb/stm32f1/usb_cdcacm.o
 .text.usbReset
                0x08006400      0x104 build//Users/davidcranor/Documents/libmaple/libmaple/usb/stm32f1/usb_cdcacm.o
 .text.usb_cdcacm_tx
                0x08006504       0x48 build//Users/davidcranor/Documents/libmaple/libmaple/usb/stm32f1/usb_cdcacm.o
                0x08006504                usb_cdcacm_tx
 .text.Standard_GetConfiguration
                0x0800654c       0x28 build//Users/davidcranor/Documents/libmaple/libmaple/usb/usb_lib/usb_core.o
                0x0800654c                Standard_GetConfiguration
 .text.Standard_SetConfiguration
                0x08006574       0x38 build//Users/davidcranor/Documents/libmaple/libmaple/usb/usb_lib/usb_core.o
                0x08006574                Standard_SetConfiguration
 .text.Standard_GetInterface
                0x080065ac       0x28 build//Users/davidcranor/Documents/libmaple/libmaple/usb/usb_lib/usb_core.o
                0x080065ac                Standard_GetInterface
 .text.Standard_SetInterface
                0x080065d4       0x48 build//Users/davidcranor/Documents/libmaple/libmaple/usb/usb_lib/usb_core.o
                0x080065d4                Standard_SetInterface
 .text.Standard_GetStatus
                0x0800661c       0xa4 build//Users/davidcranor/Documents/libmaple/libmaple/usb/usb_lib/usb_core.o
                0x0800661c                Standard_GetStatus
 .text.Standard_SetEndPointFeature
                0x080066c0       0x84 build//Users/davidcranor/Documents/libmaple/libmaple/usb/usb_lib/usb_core.o
                0x080066c0                Standard_SetEndPointFeature
 .text.Standard_SetDeviceFeature
                0x08006744       0x24 build//Users/davidcranor/Documents/libmaple/libmaple/usb/usb_lib/usb_core.o
                0x08006744                Standard_SetDeviceFeature
 .text.Standard_GetDescriptorData
                0x08006768       0x1c build//Users/davidcranor/Documents/libmaple/libmaple/usb/usb_lib/usb_core.o
                0x08006768                Standard_GetDescriptorData
 .text.SetDeviceAddress
                0x08006784       0x44 build//Users/davidcranor/Documents/libmaple/libmaple/usb/usb_lib/usb_core.o
                0x08006784                SetDeviceAddress
 .text.NOP_Process
                0x080067c8        0x2 build//Users/davidcranor/Documents/libmaple/libmaple/usb/usb_lib/usb_core.o
                0x080067c8                NOP_Process
 *fill*         0x080067ca        0x2 00
 .text.Post0_Process
                0x080067cc       0x44 build//Users/davidcranor/Documents/libmaple/libmaple/usb/usb_lib/usb_core.o
                0x080067cc                Post0_Process
 .text.Out0_Process
                0x08006810       0xd4 build//Users/davidcranor/Documents/libmaple/libmaple/usb/usb_lib/usb_core.o
                0x08006810                Out0_Process
 .text.DataStageIn
                0x080068e4       0xac build//Users/davidcranor/Documents/libmaple/libmaple/usb/usb_lib/usb_core.o
 .text.In0_Process
                0x08006990       0x60 build//Users/davidcranor/Documents/libmaple/libmaple/usb/usb_lib/usb_core.o
                0x08006990                In0_Process
 .text.Standard_ClearFeature
                0x080069f0       0xd4 build//Users/davidcranor/Documents/libmaple/libmaple/usb/usb_lib/usb_core.o
                0x080069f0                Standard_ClearFeature
 .text.Setup0_Process
                0x08006ac4      0x304 build//Users/davidcranor/Documents/libmaple/libmaple/usb/usb_lib/usb_core.o
                0x08006ac4                Setup0_Process
 .text.UserToPMABufferCopy
                0x08006dc8       0x2e build//Users/davidcranor/Documents/libmaple/libmaple/usb/usb_lib/usb_mem.o
                0x08006dc8                UserToPMABufferCopy
 .text.PMAToUserBufferCopy
                0x08006df6       0x24 build//Users/davidcranor/Documents/libmaple/libmaple/usb/usb_lib/usb_mem.o
                0x08006df6                PMAToUserBufferCopy
 .text.SetEPTxStatus
                0x08006e1a       0x2c build//Users/davidcranor/Documents/libmaple/libmaple/usb/usb_lib/usb_regs.o
                0x08006e1a                SetEPTxStatus
 .text.ClearDTOG_RX
                0x08006e46       0x24 build//Users/davidcranor/Documents/libmaple/libmaple/usb/usb_lib/usb_regs.o
                0x08006e46                ClearDTOG_RX
 .text.ClearDTOG_TX
                0x08006e6a       0x24 build//Users/davidcranor/Documents/libmaple/libmaple/usb/usb_lib/usb_regs.o
                0x08006e6a                ClearDTOG_TX
 *fill*         0x08006e8e        0x2 00
 .text.GetEPTxAddr
                0x08006e90       0x1c build//Users/davidcranor/Documents/libmaple/libmaple/usb/usb_lib/usb_regs.o
                0x08006e90                GetEPTxAddr
 .text.GetEPRxAddr
                0x08006eac       0x1c build//Users/davidcranor/Documents/libmaple/libmaple/usb/usb_lib/usb_regs.o
                0x08006eac                GetEPRxAddr
 .text.SetEPTxCount
                0x08006ec8       0x1c build//Users/davidcranor/Documents/libmaple/libmaple/usb/usb_lib/usb_regs.o
                0x08006ec8                SetEPTxCount
 .text.SetEPRxCount
                0x08006ee4       0x40 build//Users/davidcranor/Documents/libmaple/libmaple/usb/usb_lib/usb_regs.o
                0x08006ee4                SetEPRxCount
 .text.ByteSwap
                0x08006f24        0xa build//Users/davidcranor/Documents/libmaple/libmaple/usb/usb_lib/usb_regs.o
                0x08006f24                ByteSwap
 .text          0x08006f2e        0x2 build//Users/davidcranor/Documents/libmaple/libmaple/stm32f1/performance/isrs.o
                0x08006f2e                __irq_rcc
                0x08006f2e                __exc_debug_monitor
                0x08006f2e                __irq_adc
                0x08006f2e                __irq_can_rx1
                0x08006f2e                __irq_spi2
                0x08006f2e                __irq_can_sce
                0x08006f2e                __irq_pvd
                0x08006f2e                __irq_tamper
                0x08006f2e                __default_handler
                0x08006f2e                __irq_wwdg
                0x08006f2e                __stm32reservedexception10
                0x08006f2e                __irq_flash
                0x08006f2e                __stm32reservedexception13
                0x08006f2e                __irq_rtc
                0x08006f2e                __irq_spi1
                0x08006f2e                __stm32reservedexception7
                0x08006f2e                __irq_usb_hp_can_tx
                0x08006f2e                __irq_rtcalarm
                0x08006f2e                __stm32reservedexception8
                0x08006f2e                __irq_usbwakeup
                0x08006f2e                __stm32reservedexception9
 .text.adc_foreach
                0x08006f30       0x1c build//Users/davidcranor/Documents/libmaple/libmaple/stm32f1/adc.o
                0x08006f30                adc_foreach
 .text.adc_set_prescaler
                0x08006f4c        0x8 build//Users/davidcranor/Documents/libmaple/libmaple/stm32f1/adc.o
                0x08006f4c                adc_set_prescaler
 .text.bb_perip
                0x08006f54        0xc build//Users/davidcranor/Documents/libmaple/libmaple/stm32f1/adc.o
 .text.adc_calibrate
                0x08006f60       0x2e build//Users/davidcranor/Documents/libmaple/libmaple/stm32f1/adc.o
                0x08006f60                adc_calibrate
 .text.adc_enable_single_swstart
                0x08006f8e       0x36 build//Users/davidcranor/Documents/libmaple/libmaple/stm32f1/adc.o
                0x08006f8e                adc_enable_single_swstart
 .text.dma_clear_isr_bits
                0x08006fc4       0x10 build//Users/davidcranor/Documents/libmaple/libmaple/stm32f1/dma.o
 .text.__irq_dma1_channel1
                0x08006fd4       0x20 build//Users/davidcranor/Documents/libmaple/libmaple/stm32f1/dma.o
                0x08006fd4                __irq_dma1_channel1
 .text.__irq_dma1_channel2
                0x08006ff4       0x20 build//Users/davidcranor/Documents/libmaple/libmaple/stm32f1/dma.o
                0x08006ff4                __irq_dma1_channel2
 .text.__irq_dma1_channel3
                0x08007014       0x20 build//Users/davidcranor/Documents/libmaple/libmaple/stm32f1/dma.o
                0x08007014                __irq_dma1_channel3
 .text.__irq_dma1_channel4
                0x08007034       0x20 build//Users/davidcranor/Documents/libmaple/libmaple/stm32f1/dma.o
                0x08007034                __irq_dma1_channel4
 .text.__irq_dma1_channel5
                0x08007054       0x20 build//Users/davidcranor/Documents/libmaple/libmaple/stm32f1/dma.o
                0x08007054                __irq_dma1_channel5
 .text.__irq_dma1_channel6
                0x08007074       0x20 build//Users/davidcranor/Documents/libmaple/libmaple/stm32f1/dma.o
                0x08007074                __irq_dma1_channel6
 .text.__irq_dma1_channel7
                0x08007094       0x20 build//Users/davidcranor/Documents/libmaple/libmaple/stm32f1/dma.o
                0x08007094                __irq_dma1_channel7
 .text.gpio_set_mode
                0x080070b4       0x56 build//Users/davidcranor/Documents/libmaple/libmaple/stm32f1/gpio.o
                0x080070b4                gpio_set_mode
 .text.afio_init
                0x0800710a       0x12 build//Users/davidcranor/Documents/libmaple/libmaple/stm32f1/gpio.o
                0x0800710a                afio_init
 .text.gpio_init_all
                0x0800711c       0x30 build//Users/davidcranor/Documents/libmaple/libmaple/stm32f1/gpio.o
                0x0800711c                gpio_init_all
 .text._i2c_irq_priority_fixup
                0x0800714c       0x1c build//Users/davidcranor/Documents/libmaple/libmaple/stm32f1/i2c.o
                0x0800714c                _i2c_irq_priority_fixup
 .text.__irq_i2c2_er
                0x08007168        0xc build//Users/davidcranor/Documents/libmaple/libmaple/stm32f1/i2c.o
                0x08007168                __irq_i2c2_er
 .text.__irq_i2c1_er
                0x08007174        0xc build//Users/davidcranor/Documents/libmaple/libmaple/stm32f1/i2c.o
                0x08007174                __irq_i2c1_er
 .text.__irq_i2c2_ev
                0x08007180        0xc build//Users/davidcranor/Documents/libmaple/libmaple/stm32f1/i2c.o
                0x08007180                __irq_i2c2_ev
 .text.__irq_i2c1_ev
                0x0800718c        0xc build//Users/davidcranor/Documents/libmaple/libmaple/stm32f1/i2c.o
                0x0800718c                __irq_i2c1_ev
 .text.rcc_configure_pll
                0x08007198       0x38 build//Users/davidcranor/Documents/libmaple/libmaple/stm32f1/rcc.o
                0x08007198                rcc_configure_pll
 .text.rcc_set_prescaler
                0x080071d0       0x20 build//Users/davidcranor/Documents/libmaple/libmaple/stm32f1/rcc.o
                0x080071d0                rcc_set_prescaler
 .text.bb_peri_set_bit
                0x080071f0        0xe build//Users/davidcranor/Documents/libmaple/libmaple/stm32f1/rcc.o
 *fill*         0x080071fe        0x2 00
 .text.rcc_clk_enable
                0x08007200       0x28 build//Users/davidcranor/Documents/libmaple/libmaple/stm32f1/rcc.o
                0x08007200                rcc_clk_enable
 .text.rcc_reset_dev
                0x08007228       0x38 build//Users/davidcranor/Documents/libmaple/libmaple/stm32f1/rcc.o
                0x08007228                rcc_reset_dev
 .text.__irq_tim1_brk
                0x08007260       0x2c build//Users/davidcranor/Documents/libmaple/libmaple/stm32f1/timer.o
                0x08007260                __irq_tim1_brk
 .text.__irq_tim1_up
                0x0800728c       0x2c build//Users/davidcranor/Documents/libmaple/libmaple/stm32f1/timer.o
                0x0800728c                __irq_tim1_up
 .text.__irq_tim1_trg_com
                0x080072b8       0x40 build//Users/davidcranor/Documents/libmaple/libmaple/stm32f1/timer.o
                0x080072b8                __irq_tim1_trg_com
 .text.__irq_tim1_cc
                0x080072f8       0x60 build//Users/davidcranor/Documents/libmaple/libmaple/stm32f1/timer.o
                0x080072f8                __irq_tim1_cc
 .text.__irq_tim2
                0x08007358       0x8c build//Users/davidcranor/Documents/libmaple/libmaple/stm32f1/timer.o
                0x08007358                __irq_tim2
 .text.__irq_tim3
                0x080073e4       0x8c build//Users/davidcranor/Documents/libmaple/libmaple/stm32f1/timer.o
                0x080073e4                __irq_tim3
 .text.__irq_tim4
                0x08007470       0x8c build//Users/davidcranor/Documents/libmaple/libmaple/stm32f1/timer.o
                0x08007470                __irq_tim4
 .text.rb_push_insert
                0x080074fc       0x52 build//Users/davidcranor/Documents/libmaple/libmaple/stm32f1/usart.o
 *fill*         0x0800754e        0x2 00
 .text.usart_foreach
                0x08007550       0x24 build//Users/davidcranor/Documents/libmaple/libmaple/stm32f1/usart.o
                0x08007550                usart_foreach
 .text.__irq_usart1
                0x08007574       0x14 build//Users/davidcranor/Documents/libmaple/libmaple/stm32f1/usart.o
                0x08007574                __irq_usart1
 .text.__irq_usart2
                0x08007588       0x14 build//Users/davidcranor/Documents/libmaple/libmaple/stm32f1/usart.o
                0x08007588                __irq_usart2
 .text.__irq_usart3
                0x0800759c       0x14 build//Users/davidcranor/Documents/libmaple/libmaple/stm32f1/usart.o
                0x0800759c                __irq_usart3
 .text.usart_set_baud_rate
                0x080075b0       0x54 build//Users/davidcranor/Documents/libmaple/libmaple/stm32f1/usart.o
                0x080075b0                usart_set_baud_rate
 .text.usart_config_gpios_async
                0x08007604       0x20 build//Users/davidcranor/Documents/libmaple/libmaple/stm32f1/usart.o
                0x08007604                usart_config_gpios_async
 .text          0x08007624       0x10 build//Users/davidcranor/Documents/libmaple/wirish/start.o
                0x08007624                __start__
 .text.start_c  0x08007634       0x64 build//Users/davidcranor/Documents/libmaple/wirish/start_c.o
                0x08007634                start_c
 .text._sbrk    0x08007698       0x44 build//Users/davidcranor/Documents/libmaple/wirish/syscalls.o
                0x08007698                _sbrk
 .text.nvic_irq_enable
                0x080076dc       0x1c build//Users/davidcranor/Documents/libmaple/wirish/stm32f1/util_hooks.o
 .text.__lm_enable_error_usart
                0x080076f8       0x30 build//Users/davidcranor/Documents/libmaple/wirish/stm32f1/util_hooks.o
                0x080076f8                __lm_enable_error_usart
 .text.__lm_error
                0x08007728       0x44 build//Users/davidcranor/Documents/libmaple/wirish/stm32f1/util_hooks.o
                0x08007728                __lm_error
 .text.adc_disable
                0x0800776c       0x12 build//Users/davidcranor/Documents/libmaple/wirish/stm32f1/util_hooks.o
 *fill*         0x0800777e        0x2 00
 .text._ZL18adc_default_configPK7adc_dev
                0x08007780       0x1c build//Users/davidcranor/Documents/libmaple/wirish/boards.o
 .text._Z4initv
                0x0800779c       0xc0 build//Users/davidcranor/Documents/libmaple/wirish/boards.o
                0x0800779c                _Z4initv
 .text.T.10     0x0800785c        0x8 build//Users/davidcranor/Documents/libmaple/wirish/boards.o
 .text._ZL20timer_default_configP9timer_dev
                0x08007864       0xa2 build//Users/davidcranor/Documents/libmaple/wirish/boards.o
 .text.__cxa_pure_virtual
                0x08007906        0x2 build//Users/davidcranor/Documents/libmaple/wirish/cxxabi-compat.o
                0x08007906                __cxa_pure_virtual
 .text._ZN5PrintC2Ev
                0x08007908        0xc build//Users/davidcranor/Documents/libmaple/wirish/HardwareSerial.o
                0x08007908                _ZN5PrintC2Ev
 .text._ZN14HardwareSerialC1EP9usart_devhh
                0x08007914       0x20 build//Users/davidcranor/Documents/libmaple/wirish/HardwareSerial.o
                0x08007914                _ZN14HardwareSerialC1EP9usart_devhh
 .text._ZN14HardwareSerial5writeEh
                0x08007934       0x1a build//Users/davidcranor/Documents/libmaple/wirish/HardwareSerial.o
                0x08007934                _ZN14HardwareSerial5writeEh
 *fill*         0x0800794e        0x2 00
 .text._ZN14HardwareSerial5beginEj
                0x08007950       0x88 build//Users/davidcranor/Documents/libmaple/wirish/HardwareSerial.o
                0x08007950                _ZN14HardwareSerial5beginEj
 .text._GLOBAL__I_Serial1
                0x080079d8       0x48 build//Users/davidcranor/Documents/libmaple/wirish/HardwareSerial.o
 .text.set_this_dev
                0x08007a20       0x1c build//Users/davidcranor/Documents/libmaple/wirish/HardwareTimer.o
 .text._ZN13HardwareTimer17setPrescaleFactorEj
                0x08007a3c        0xc build//Users/davidcranor/Documents/libmaple/wirish/HardwareTimer.o
                0x08007a3c                _ZN13HardwareTimer17setPrescaleFactorEj
 .text._ZN13HardwareTimer11setOverflowEt
                0x08007a48        0x8 build//Users/davidcranor/Documents/libmaple/wirish/HardwareTimer.o
                0x08007a48                _ZN13HardwareTimer11setOverflowEt
 .text._ZN13HardwareTimer9setPeriodEj
                0x08007a50       0x4a build//Users/davidcranor/Documents/libmaple/wirish/HardwareTimer.o
                0x08007a50                _ZN13HardwareTimer9setPeriodEj
 .text._ZN13HardwareTimer10setCompareEit
                0x08007a9a       0x1a build//Users/davidcranor/Documents/libmaple/wirish/HardwareTimer.o
                0x08007a9a                _ZN13HardwareTimer10setCompareEit
 .text._ZN13HardwareTimer15attachInterruptEiPFvvE
                0x08007ab4        0x8 build//Users/davidcranor/Documents/libmaple/wirish/HardwareTimer.o
                0x08007ab4                _ZN13HardwareTimer15attachInterruptEiPFvvE
 .text._ZN13HardwareTimer7setModeEi10timer_mode
                0x08007abc        0x8 build//Users/davidcranor/Documents/libmaple/wirish/HardwareTimer.o
                0x08007abc                _ZN13HardwareTimer7setModeEi10timer_mode
 .text._ZN13HardwareTimerC1Eh
                0x08007ac4       0x44 build//Users/davidcranor/Documents/libmaple/wirish/HardwareTimer.o
                0x08007ac4                _ZN13HardwareTimerC1Eh
 .text._GLOBAL__I__ZN13HardwareTimerC2Eh
                0x08007b08       0x38 build//Users/davidcranor/Documents/libmaple/wirish/HardwareTimer.o
 .text.T.10     0x08007b40        0x8 build//Users/davidcranor/Documents/libmaple/wirish/HardwareTimer.o
 .text._ZN13HardwareTimer7refreshEv
                0x08007b48       0x12 build//Users/davidcranor/Documents/libmaple/wirish/HardwareTimer.o
                0x08007b48                _ZN13HardwareTimer7refreshEv
 .text._ZN13HardwareTimer6resumeEv
                0x08007b5a       0x10 build//Users/davidcranor/Documents/libmaple/wirish/HardwareTimer.o
                0x08007b5a                _ZN13HardwareTimer6resumeEv
 .text._ZN13HardwareTimer5pauseEv
                0x08007b6a       0x10 build//Users/davidcranor/Documents/libmaple/wirish/HardwareTimer.o
                0x08007b6a                _ZN13HardwareTimer5pauseEv
 .text._ZN5Print5writeEPKc
                0x08007b7a       0x1c build//Users/davidcranor/Documents/libmaple/wirish/Print.o
                0x08007b7a                _ZN5Print5writeEPKc
 .text._ZN5Print5writeEPKvj
                0x08007b96       0x20 build//Users/davidcranor/Documents/libmaple/wirish/Print.o
                0x08007b96                _ZN5Print5writeEPKvj
 .text._ZN5Print5printEc
                0x08007bb6        0xa build//Users/davidcranor/Documents/libmaple/wirish/Print.o
                0x08007bb6                _ZN5Print5printEc
 .text._ZN5Print7printlnEv
                0x08007bc0       0x16 build//Users/davidcranor/Documents/libmaple/wirish/Print.o
                0x08007bc0                _ZN5Print7printlnEv
 .text._ZN5Print11printNumberEyh
                0x08007bd6       0x7c build//Users/davidcranor/Documents/libmaple/wirish/Print.o
                0x08007bd6                _ZN5Print11printNumberEyh
 .text._ZN5Print5printExi
                0x08007c52       0x40 build//Users/davidcranor/Documents/libmaple/wirish/Print.o
                0x08007c52                _ZN5Print5printExi
 .text._ZN5Print5printEii
                0x08007c92       0x10 build//Users/davidcranor/Documents/libmaple/wirish/Print.o
                0x08007c92                _ZN5Print5printEii
 *fill*         0x08007ca2        0x2 00
 .text._ZN9USBSerialC1Ev
                0x08007ca4       0x14 build//Users/davidcranor/Documents/libmaple/wirish/usb_serial.o
                0x08007ca4                _ZN9USBSerialC1Ev
 .text._ZN9USBSerial5writeEh
                0x08007cb8       0x14 build//Users/davidcranor/Documents/libmaple/wirish/usb_serial.o
                0x08007cb8                _ZN9USBSerial5writeEh
 .text._ZN9USBSerial11isConnectedEv
                0x08007ccc       0x18 build//Users/davidcranor/Documents/libmaple/wirish/usb_serial.o
                0x08007ccc                _ZN9USBSerial11isConnectedEv
 .text._ZL14ifaceSetupHookjPv
                0x08007ce4       0x40 build//Users/davidcranor/Documents/libmaple/wirish/usb_serial.o
 .text._ZN9USBSerial5writeEPKvj
                0x08007d24       0x70 build//Users/davidcranor/Documents/libmaple/wirish/usb_serial.o
                0x08007d24                _ZN9USBSerial5writeEPKvj
 .text._ZN9USBSerial5writeEPKc
                0x08007d94       0x1a build//Users/davidcranor/Documents/libmaple/wirish/usb_serial.o
                0x08007d94                _ZN9USBSerial5writeEPKc
 *fill*         0x08007dae        0x2 00
 .text._ZN9USBSerial5beginEv
                0x08007db0       0x2c build//Users/davidcranor/Documents/libmaple/wirish/usb_serial.o
                0x08007db0                _ZN9USBSerial5beginEv
 .text._ZL6rxHookjPv
                0x08007ddc       0x90 build//Users/davidcranor/Documents/libmaple/wirish/usb_serial.o
 .text._GLOBAL__I__ZN9USBSerialC2Ev
                0x08007e6c        0xc build//Users/davidcranor/Documents/libmaple/wirish/usb_serial.o
 .text._ZL10wait_resetv
                0x08007e78       0x10 build//Users/davidcranor/Documents/libmaple/wirish/usb_serial.o
 .text._Z11digitalReadh
                0x08007e88       0x2c build//Users/davidcranor/Documents/libmaple/wirish/wirish_digital.o
                0x08007e88                _Z11digitalReadh
 .text._Z12digitalWritehh
                0x08007eb4       0x30 build//Users/davidcranor/Documents/libmaple/wirish/wirish_digital.o
                0x08007eb4                _Z12digitalWritehh
 .text._Z17delayMicrosecondsj
                0x08007ee4        0xe build//Users/davidcranor/Documents/libmaple/wirish/wirish_time.o
                0x08007ee4                _Z17delayMicrosecondsj
 .text._Z5delaym
                0x08007ef2       0x18 build//Users/davidcranor/Documents/libmaple/wirish/wirish_time.o
                0x08007ef2                _Z5delaym
 .text._ZN6wirish4priv15board_reset_pllEv
                0x08007f0a        0x2 build//Users/davidcranor/Documents/libmaple/wirish/stm32f1/boards_setup.o
                0x08007f0a                _ZN6wirish4priv15board_reset_pllEv
 .text._ZN6wirish4priv11series_initEv
                0x08007f0c        0x4 build//Users/davidcranor/Documents/libmaple/wirish/stm32f1/boards_setup.o
                0x08007f0c                _ZN6wirish4priv11series_initEv
 .text._ZN6wirish4priv15board_setup_usbEv
                0x08007f10        0xc build//Users/davidcranor/Documents/libmaple/wirish/stm32f1/boards_setup.o
                0x08007f10                _ZN6wirish4priv15board_setup_usbEv
 .text._ZN6wirish4priv16board_setup_gpioEv
                0x08007f1c        0x4 build//Users/davidcranor/Documents/libmaple/wirish/stm32f1/boards_setup.o
                0x08007f1c                _ZN6wirish4priv16board_setup_gpioEv
 .text._ZN6wirish4priv28board_setup_clock_prescalersEv
                0x08007f20       0x20 build//Users/davidcranor/Documents/libmaple/wirish/stm32f1/boards_setup.o
                0x08007f20                _ZN6wirish4priv28board_setup_clock_prescalersEv
 .text._Z7pinModeh13WiringPinMode
                0x08007f40       0x88 build//Users/davidcranor/Documents/libmaple/wirish/stm32f1/wirish_digital.o
                0x08007f40                _Z7pinModeh13WiringPinMode
 .text.afio_cfg_debug_ports
                0x08007fc8       0x14 build//Users/davidcranor/Documents/libmaple/wirish/stm32f1/wirish_debug.o
 .text._Z17disableDebugPortsv
                0x08007fdc        0x8 build//Users/davidcranor/Documents/libmaple/wirish/stm32f1/wirish_debug.o
                0x08007fdc                _Z17disableDebugPortsv
 .text._Z9boardInitv
                0x08007fe4        0x4 build//Users/davidcranor/Documents/libmaple/wirish/boards/maple_mini/board.o
                0x08007fe4                _Z9boardInitv
 .text._GLOBAL__I__Z9boardInitv
                0x08007fe8      0x118 build//Users/davidcranor/Documents/libmaple/wirish/boards/maple_mini/board.o
 .text._ZN8WireBase5beginEh
                0x08008100       0x14 build//Users/davidcranor/Documents/libmaple/libraries/Wire/WireBase.o
                0x08008100                _ZN8WireBase5beginEh
 .text._ZN8WireBaseC2Ev
                0x08008114        0xc build//Users/davidcranor/Documents/libmaple/libraries/Wire/HardWire.o
                0x08008114                _ZN8WireBaseC2Ev
 .text._ZN8WireBaseD2Ev
                0x08008120        0xc build//Users/davidcranor/Documents/libmaple/libraries/Wire/HardWire.o
                0x08008120                _ZN8WireBaseD2Ev
 .text._ZN7TwoWireC1Ehhh
                0x0800812c       0x28 build//Users/davidcranor/Documents/libmaple/libraries/Wire/Wire.o
                0x0800812c                _ZN7TwoWireC1Ehhh
 .text._ZN7TwoWireD1Ev
                0x08008154       0x20 build//Users/davidcranor/Documents/libmaple/libraries/Wire/Wire.o
                0x08008154                _ZN7TwoWireD1Ev
 .text._ZN7TwoWire7set_sdaEb
                0x08008174       0x18 build//Users/davidcranor/Documents/libmaple/libraries/Wire/Wire.o
                0x08008174                _ZN7TwoWire7set_sdaEb
 .text._ZN7TwoWire7set_sclEb
                0x0800818c       0x30 build//Users/davidcranor/Documents/libmaple/libraries/Wire/Wire.o
                0x0800818c                _ZN7TwoWire7set_sclEb
 .text._ZN7TwoWire5beginEh
                0x080081bc       0x3e build//Users/davidcranor/Documents/libmaple/libraries/Wire/Wire.o
                0x080081bc                _ZN7TwoWire5beginEh
 .text._ZN7TwoWire13i2c_shift_outEh
                0x080081fa       0x2c build//Users/davidcranor/Documents/libmaple/libraries/Wire/Wire.o
                0x080081fa                _ZN7TwoWire13i2c_shift_outEh
 .text._ZN7TwoWire12i2c_shift_inEv
                0x08008226       0x34 build//Users/davidcranor/Documents/libmaple/libraries/Wire/Wire.o
                0x08008226                _ZN7TwoWire12i2c_shift_inEv
 .text._ZN7TwoWire13i2c_send_nackEv
                0x0800825a       0x1e build//Users/davidcranor/Documents/libmaple/libraries/Wire/Wire.o
                0x0800825a                _ZN7TwoWire13i2c_send_nackEv
 .text._ZN7TwoWire12i2c_send_ackEv
                0x08008278       0x1e build//Users/davidcranor/Documents/libmaple/libraries/Wire/Wire.o
                0x08008278                _ZN7TwoWire12i2c_send_ackEv
 .text._ZN7TwoWire11i2c_get_ackEv
                0x08008296       0x36 build//Users/davidcranor/Documents/libmaple/libraries/Wire/Wire.o
                0x08008296                _ZN7TwoWire11i2c_get_ackEv
 .text._ZN7TwoWire8i2c_stopEv
                0x080082cc       0x1e build//Users/davidcranor/Documents/libmaple/libraries/Wire/Wire.o
                0x080082cc                _ZN7TwoWire8i2c_stopEv
 .text._ZN7TwoWire9i2c_startEv
                0x080082ea       0x16 build//Users/davidcranor/Documents/libmaple/libraries/Wire/Wire.o
                0x080082ea                _ZN7TwoWire9i2c_startEv
 .text._ZN7TwoWire7processEv
                0x08008300       0x98 build//Users/davidcranor/Documents/libmaple/libraries/Wire/Wire.o
                0x08008300                _ZN7TwoWire7processEv
 .text._GLOBAL__I__ZN7TwoWire7set_sclEb
                0x08008398       0x2c build//Users/davidcranor/Documents/libmaple/libraries/Wire/Wire.o
 .text.__exc_svc
                0x080083c4       0x24 build//Users/davidcranor/Documents/libmaple/libraries/FreeRTOS/utility/port.o
                0x080083c4                __exc_svc
 .text.__exc_pendsv
                0x080083e8       0x40 build//Users/davidcranor/Documents/libmaple/libraries/FreeRTOS/utility/port.o
                0x080083e8                __exc_pendsv
 .text.vTaskSwitchContext
                0x08008428       0xf0 build//Users/davidcranor/Documents/libmaple/libraries/FreeRTOS/utility/tasks.o
                0x08008428                vTaskSwitchContext
 .text.vApplicationStackOverflowHook
                0x08008518        0x2 build//Users/davidcranor/Documents/libmaple/libraries/FreeRTOS/MapleFreeRTOS.o
                0x08008518                vApplicationStackOverflowHook
 .text._ZN7MCP2035C1Ev
                0x0800851a        0x2 build//Users/davidcranor/Documents/libmaple/libraries/MCP2035/MCP2035.o
                0x0800851a                _ZN7MCP2035C1Ev
 .text._ZN7MCP203516computeRowParityEt
                0x0800851c       0x18 build//Users/davidcranor/Documents/libmaple/libraries/MCP2035/MCP2035.o
                0x0800851c                _ZN7MCP203516computeRowParityEt
 .text._ZN7MCP203513writeRegisterEhh
                0x08008534       0x94 build//Users/davidcranor/Documents/libmaple/libraries/MCP2035/MCP2035.o
                0x08008534                _ZN7MCP203513writeRegisterEhh
 .text._ZN7MCP203511sendCommandEh
                0x080085c8       0xb0 build//Users/davidcranor/Documents/libmaple/libraries/MCP2035/MCP2035.o
                0x080085c8                _ZN7MCP203511sendCommandEh
 .text._ZN7MCP20359softResetEv
                0x08008678        0x6 build//Users/davidcranor/Documents/libmaple/libraries/MCP2035/MCP2035.o
                0x08008678                _ZN7MCP20359softResetEv
 .text._ZN7MCP203512readRegisterEh
                0x0800867e      0x124 build//Users/davidcranor/Documents/libmaple/libraries/MCP2035/MCP2035.o
                0x0800867e                _ZN7MCP203512readRegisterEh
 *fill*         0x080087a2        0x2 00
 .text._ZN7MCP203518updateColumnParityEv
                0x080087a4       0xb4 build//Users/davidcranor/Documents/libmaple/libraries/MCP2035/MCP2035.o
                0x080087a4                _ZN7MCP203518updateColumnParityEv
 .text._ZN7MCP203514clearRegistersEv
                0x08008858       0x48 build//Users/davidcranor/Documents/libmaple/libraries/MCP2035/MCP2035.o
                0x08008858                _ZN7MCP203514clearRegistersEv
 .text._ZN7MCP203525setMinimumModulationDepthEh
                0x080088a0       0x22 build//Users/davidcranor/Documents/libmaple/libraries/MCP2035/MCP2035.o
                0x080088a0                _ZN7MCP203525setMinimumModulationDepthEh
 .text._ZN7MCP203520setDemodulatorOutputEh
                0x080088c2       0x22 build//Users/davidcranor/Documents/libmaple/libraries/MCP2035/MCP2035.o
                0x080088c2                _ZN7MCP203520setDemodulatorOutputEh
 .text._ZN7MCP203523setSensitivityReductionEh
                0x080088e4       0x22 build//Users/davidcranor/Documents/libmaple/libraries/MCP2035/MCP2035.o
                0x080088e4                _ZN7MCP203523setSensitivityReductionEh
 .text._ZN7MCP203521setCarrierClockDivideEh
                0x08008906       0x22 build//Users/davidcranor/Documents/libmaple/libraries/MCP2035/MCP2035.o
                0x08008906                _ZN7MCP203521setCarrierClockDivideEh
 .text._ZN7MCP203513setRSSIMosfetEh
                0x08008928       0x22 build//Users/davidcranor/Documents/libmaple/libraries/MCP2035/MCP2035.o
                0x08008928                _ZN7MCP203513setRSSIMosfetEh
 .text._ZN7MCP203512setTuningCapEh
                0x0800894a       0x1e build//Users/davidcranor/Documents/libmaple/libraries/MCP2035/MCP2035.o
                0x0800894a                _ZN7MCP203512setTuningCapEh
 .text._ZN7MCP203519setLFDATAOutputTypeEh
                0x08008968       0x22 build//Users/davidcranor/Documents/libmaple/libraries/MCP2035/MCP2035.o
                0x08008968                _ZN7MCP203519setLFDATAOutputTypeEh
 .text._ZN7MCP203515setInputChannelEh
                0x0800898a       0x1e build//Users/davidcranor/Documents/libmaple/libraries/MCP2035/MCP2035.o
                0x0800898a                _ZN7MCP203515setInputChannelEh
 .text._ZN7MCP203515setAlertTriggerEh
                0x080089a8       0x22 build//Users/davidcranor/Documents/libmaple/libraries/MCP2035/MCP2035.o
                0x080089a8                _ZN7MCP203515setAlertTriggerEh
 .text._ZN7MCP203522setOutputEnableLowTimeEh
                0x080089ca       0x22 build//Users/davidcranor/Documents/libmaple/libraries/MCP2035/MCP2035.o
                0x080089ca                _ZN7MCP203522setOutputEnableLowTimeEh
 .text._ZN7MCP203523setOutputEnableHighTimeEh
                0x080089ec       0x22 build//Users/davidcranor/Documents/libmaple/libraries/MCP2035/MCP2035.o
                0x080089ec                _ZN7MCP203523setOutputEnableHighTimeEh
 .text._ZN7MCP20355setupEv
                0x08008a0e       0x70 build//Users/davidcranor/Documents/libmaple/libraries/MCP2035/MCP2035.o
                0x08008a0e                _ZN7MCP20355setupEv
 .text._ZN7MCP20355beginEhhh
                0x08008a7e       0x3a build//Users/davidcranor/Documents/libmaple/libraries/MCP2035/MCP2035.o
                0x08008a7e                _ZN7MCP20355beginEhhh
 .text._Z7premainv
                0x08008ab8        0x4 build/main.o
                0x08008ab8                _Z7premainv
 .text._Z14processSamplesPhhh
                0x08008abc       0x98 build/main.o
                0x08008abc                _Z14processSamplesPhhh
 .text._Z13beginSamplingv
                0x08008b54        0xc build/main.o
                0x08008b54                _Z13beginSamplingv
 .text._Z13resetSamplingv
                0x08008b60       0x38 build/main.o
                0x08008b60                _Z13resetSamplingv
 .text._Z18handler_sampleTimev
                0x08008b98       0x58 build/main.o
                0x08008b98                _Z18handler_sampleTimev
 .text._GLOBAL__I_debugPinState
                0x08008bf0       0x1c build/main.o
 .text._Z15initSampleTimerv
                0x08008c0c       0x44 build/main.o
                0x08008c0c                _Z15initSampleTimerv
 .text.main     0x08008c50       0x90 build/main.o
                0x08008c50                main
 .text.__aeabi_atexit
                0x08008ce0        0xc /Users/davidcranor/Documents/arm/bin/../lib/gcc/arm-none-eabi/4.4.1/../../../../arm-none-eabi/lib/thumb2/libstdc++.a(atexit_arm.o)
                0x08008ce0                __aeabi_atexit
 .text          0x08008cec       0x2c /Users/davidcranor/Documents/arm/bin/../lib/gcc/arm-none-eabi/4.4.1/thumb2/libgcc.a(_aeabi_uldivmod.o)
                0x08008cec                __aeabi_uldivmod
 .text          0x08008d18       0x58 /Users/davidcranor/Documents/arm/bin/../lib/gcc/arm-none-eabi/4.4.1/thumb2/libgcc.a(bpabi.o)
                0x08008d18                __gnu_uldivmod_helper
                0x08008d44                __gnu_ldivmod_helper
 .text          0x08008d70        0x4 /Users/davidcranor/Documents/arm/bin/../lib/gcc/arm-none-eabi/4.4.1/thumb2/libgcc.a(_dvmd_tls.o)
                0x08008d70                __aeabi_ldiv0
                0x08008d70                __aeabi_idiv0
 .text          0x08008d74      0x364 /Users/davidcranor/Documents/arm/bin/../lib/gcc/arm-none-eabi/4.4.1/thumb2/libgcc.a(_divdi3.o)
                0x08008d74                __divdi3
 .text          0x080090d8      0x300 /Users/davidcranor/Documents/arm/bin/../lib/gcc/arm-none-eabi/4.4.1/thumb2/libgcc.a(_udivdi3.o)
                0x080090d8                __udivdi3
 .text          0x080093d8      0x278 /Users/davidcranor/Documents/arm/bin/../lib/gcc/arm-none-eabi/4.4.1/thumb2/libgcc.a(_udivsi3.o)
                0x080093d8                __udivsi3
                0x080093d8                __aeabi_uidiv
                0x08009634                __aeabi_uidivmod
 .text.__cxa_atexit
                0x08009650       0x16 /Users/davidcranor/Documents/arm/bin/../lib/gcc/arm-none-eabi/4.4.1/../../../../arm-none-eabi/lib/thumb2/libc.a(lib_a-cxa_atexit.o)
                0x08009650                __cxa_atexit
 *fill*         0x08009666        0x2 00
 .text.__errno  0x08009668        0xc /Users/davidcranor/Documents/arm/bin/../lib/gcc/arm-none-eabi/4.4.1/../../../../arm-none-eabi/lib/thumb2/libc.a(lib_a-errno.o)
                0x08009668                __errno
 .text.__libc_init_array
                0x08009674       0x4c /Users/davidcranor/Documents/arm/bin/../lib/gcc/arm-none-eabi/4.4.1/../../../../arm-none-eabi/lib/thumb2/libc.a(lib_a-init.o)
                0x08009674                __libc_init_array
 .text.memcmp   0x080096c0       0x22 /Users/davidcranor/Documents/arm/bin/../lib/gcc/arm-none-eabi/4.4.1/../../../../arm-none-eabi/lib/thumb2/libc.a(lib_a-memcmp.o)
                0x080096c0                memcmp
 .text.strlen   0x080096e2       0x10 /Users/davidcranor/Documents/arm/bin/../lib/gcc/arm-none-eabi/4.4.1/../../../../arm-none-eabi/lib/thumb2/libc.a(lib_a-strlen.o)
                0x080096e2                strlen
 *fill*         0x080096f2        0x2 00
 .text.__register_exitproc
                0x080096f4       0xb8 /Users/davidcranor/Documents/arm/bin/../lib/gcc/arm-none-eabi/4.4.1/../../../../arm-none-eabi/lib/thumb2/libc.a(lib_a-__atexit.o)
                0x080096f4                __register_exitproc
 .text._malloc_trim_r
                0x080097ac       0x98 /Users/davidcranor/Documents/arm/bin/../lib/gcc/arm-none-eabi/4.4.1/../../../../arm-none-eabi/lib/thumb2/libc.a(lib_a-freer.o)
                0x080097ac                _malloc_trim_r
 .text._free_r  0x08009844      0x19c /Users/davidcranor/Documents/arm/bin/../lib/gcc/arm-none-eabi/4.4.1/../../../../arm-none-eabi/lib/thumb2/libc.a(lib_a-freer.o)
                0x08009844                _free_r
 .text.malloc   0x080099e0       0x10 /Users/davidcranor/Documents/arm/bin/../lib/gcc/arm-none-eabi/4.4.1/../../../../arm-none-eabi/lib/thumb2/libc.a(lib_a-malloc.o)
                0x080099e0                malloc
 .text._malloc_r
                0x080099f0      0x424 /Users/davidcranor/Documents/arm/bin/../lib/gcc/arm-none-eabi/4.4.1/../../../../arm-none-eabi/lib/thumb2/libc.a(lib_a-mallocr.o)
                0x080099f0                _malloc_r
 .text.__malloc_lock
                0x08009e14        0x2 /Users/davidcranor/Documents/arm/bin/../lib/gcc/arm-none-eabi/4.4.1/../../../../arm-none-eabi/lib/thumb2/libc.a(lib_a-mlock.o)
                0x08009e14                __malloc_lock
 .text.__malloc_unlock
                0x08009e16        0x2 /Users/davidcranor/Documents/arm/bin/../lib/gcc/arm-none-eabi/4.4.1/../../../../arm-none-eabi/lib/thumb2/libc.a(lib_a-mlock.o)
                0x08009e16                __malloc_unlock
 .text._sbrk_r  0x08009e18       0x24 /Users/davidcranor/Documents/arm/bin/../lib/gcc/arm-none-eabi/4.4.1/../../../../arm-none-eabi/lib/thumb2/libc.a(lib_a-sbrkr.o)
                0x08009e18                _sbrk_r
 *(.plt)
 *(.gnu.warning)
 *(.glue_7t)
 .glue_7t       0x00000000        0x0 linker stubs
 *(.glue_7)
 .glue_7        0x00000000        0x0 linker stubs
 *(.vfp11_veneer)
 .vfp11_veneer  0x00000000        0x0 linker stubs
 *(.ARM.extab* .gnu.linkonce.armextab.*)
 *(.gcc_except_table)
 *(.eh_frame_hdr)
 *(.eh_frame)
                0x08009e3c                . = ALIGN (0x4)
 *(.init)
 .init          0x08009e3c        0x4 /Users/davidcranor/Documents/arm/bin/../lib/gcc/arm-none-eabi/4.4.1/thumb2/crti.o
                0x08009e3c                _init
 .init          0x08009e40        0x8 /Users/davidcranor/Documents/arm/bin/../lib/gcc/arm-none-eabi/4.4.1/thumb2/crtn.o
                0x08009e48                . = ALIGN (0x4)
                0x08009e48                __preinit_array_start = .
 *(.preinit_array)
                0x08009e48                __preinit_array_end = .
                0x08009e48                . = ALIGN (0x4)
                0x08009e48                __init_array_start = .
 *(SORT(.init_array.*))
 *(.init_array)
 .init_array    0x08009e48        0x4 /Users/davidcranor/Documents/arm/bin/../lib/gcc/arm-none-eabi/4.4.1/thumb2/crtbegin.o
 .init_array    0x08009e4c        0x4 build//Users/davidcranor/Documents/libmaple/wirish/HardwareSerial.o
 .init_array    0x08009e50        0x4 build//Users/davidcranor/Documents/libmaple/wirish/HardwareTimer.o
 .init_array    0x08009e54        0x4 build//Users/davidcranor/Documents/libmaple/wirish/usb_serial.o
 .init_array    0x08009e58        0x4 build//Users/davidcranor/Documents/libmaple/wirish/boards/maple_mini/board.o
 .init_array    0x08009e5c        0x4 build//Users/davidcranor/Documents/libmaple/libraries/Wire/Wire.o
 .init_array    0x08009e60        0x8 build/main.o
                0x08009e68                __init_array_end = .
                0x08009e68                . = ALIGN (0x4)
 *crtbegin.o(.ctors)
 *(EXCLUDE_FILE(*crtend.o) .ctors)
 *(SORT(.ctors.*))
 *crtend.o(.ctors)
                0x08009e68                . = ALIGN (0x4)
 *(.fini)
 .fini          0x08009e68        0x4 /Users/davidcranor/Documents/arm/bin/../lib/gcc/arm-none-eabi/4.4.1/thumb2/crti.o
                0x08009e68                _fini
 .fini          0x08009e6c        0x8 /Users/davidcranor/Documents/arm/bin/../lib/gcc/arm-none-eabi/4.4.1/thumb2/crtn.o
                0x08009e74                . = ALIGN (0x4)
                0x08009e74                __fini_array_start = .
 *(.fini_array)
 .fini_array    0x08009e74        0x4 /Users/davidcranor/Documents/arm/bin/../lib/gcc/arm-none-eabi/4.4.1/thumb2/crtbegin.o
 *(SORT(.fini_array.*))
                0x08009e78                __fini_array_end = .
 *crtbegin.o(.dtors)
 *(EXCLUDE_FILE(*crtend.o) .dtors)
 *(SORT(.dtors.*))
 *crtend.o(.dtors)

.v4_bx          0x08009e78        0x0
 .v4_bx         0x00000000        0x0 linker stubs

.text.align     0x08009e78        0x0
                0x08009e78                . = ALIGN (0x8)
                0x08009e78                __text_end__ = .
                0x08009e78                __exidx_start = .

.ARM.exidx      0x08009e78        0x8
 *(.ARM.exidx* .gnu.linkonce.armexidx.*)
 .ARM.exidx     0x08009e78        0x8 build//Users/davidcranor/Documents/libmaple/wirish/start.o
 .ARM.exidx.text.__aeabi_atexit
                0x08009e80        0x0 /Users/davidcranor/Documents/arm/bin/../lib/gcc/arm-none-eabi/4.4.1/../../../../arm-none-eabi/lib/thumb2/libstdc++.a(atexit_arm.o)
                                  0x8 (size before relaxing)
 .ARM.exidx     0x08009e80        0x0 /Users/davidcranor/Documents/arm/bin/../lib/gcc/arm-none-eabi/4.4.1/thumb2/libgcc.a(_divdi3.o)
                                  0x8 (size before relaxing)
 .ARM.exidx     0x08009e80        0x0 /Users/davidcranor/Documents/arm/bin/../lib/gcc/arm-none-eabi/4.4.1/thumb2/libgcc.a(_udivdi3.o)
                                  0x8 (size before relaxing)
                0x08009e80                __exidx_end = .

.data           0x20000c00      0xaa8 load address 0x08009e80
                0x20000c00                . = ALIGN (0x8)
                0x20000c00                __data_start__ = .
 *(.got.plt)
 *(.got)
 *(.data .data.* .gnu.linkonce.d.*)
 .data          0x20000c00        0x4 /Users/davidcranor/Documents/arm/bin/../lib/gcc/arm-none-eabi/4.4.1/thumb2/crtbegin.o
                0x20000c00                __dso_handle
 .data.timer3   0x20000c04       0x24 build//Users/davidcranor/Documents/libmaple/libmaple/timer.o
 .data.timer4   0x20000c28       0x24 build//Users/davidcranor/Documents/libmaple/libmaple/timer.o
 .data.TIMER1   0x20000c4c        0x4 build//Users/davidcranor/Documents/libmaple/libmaple/timer.o
                0x20000c4c                TIMER1
 .data.TIMER2   0x20000c50        0x4 build//Users/davidcranor/Documents/libmaple/libmaple/timer.o
                0x20000c50                TIMER2
 .data.TIMER3   0x20000c54        0x4 build//Users/davidcranor/Documents/libmaple/libmaple/timer.o
                0x20000c54                TIMER3
 .data.TIMER4   0x20000c58        0x4 build//Users/davidcranor/Documents/libmaple/libmaple/timer.o
                0x20000c58                TIMER4
 .data.timer1   0x20000c5c       0x28 build//Users/davidcranor/Documents/libmaple/libmaple/timer.o
 .data.timer2   0x20000c84       0x24 build//Users/davidcranor/Documents/libmaple/libmaple/timer.o
 .data.USBLIB   0x20000ca8        0x4 build//Users/davidcranor/Documents/libmaple/libmaple/usb/stm32f1/usb.o
                0x20000ca8                USBLIB
 .data.usblib   0x20000cac       0x10 build//Users/davidcranor/Documents/libmaple/libmaple/usb/stm32f1/usb.o
 .data.Device_Descriptor
                0x20000cbc        0x8 build//Users/davidcranor/Documents/libmaple/libmaple/usb/stm32f1/usb_cdcacm.o
 .data.Config_Descriptor
                0x20000cc4        0x8 build//Users/davidcranor/Documents/libmaple/libmaple/usb/stm32f1/usb_cdcacm.o
 .data.Device_Property
                0x20000ccc       0x30 build//Users/davidcranor/Documents/libmaple/libmaple/usb/stm32f1/usb_cdcacm.o
                0x20000ccc                Device_Property
 .data.ep_int_in
                0x20000cfc       0x1c build//Users/davidcranor/Documents/libmaple/libmaple/usb/stm32f1/usb_cdcacm.o
 .data.String_Descriptor
                0x20000d18       0x18 build//Users/davidcranor/Documents/libmaple/libmaple/usb/stm32f1/usb_cdcacm.o
 .data.ep_int_out
                0x20000d30       0x1c build//Users/davidcranor/Documents/libmaple/libmaple/usb/stm32f1/usb_cdcacm.o
 .data.User_Standard_Requests
                0x20000d4c       0x24 build//Users/davidcranor/Documents/libmaple/libmaple/usb/stm32f1/usb_cdcacm.o
                0x20000d4c                User_Standard_Requests
 .data.line_coding
                0x20000d70        0x8 build//Users/davidcranor/Documents/libmaple/libmaple/usb/stm32f1/usb_cdcacm.o
 .data.Device_Table
                0x20000d78        0x4 build//Users/davidcranor/Documents/libmaple/libmaple/usb/stm32f1/usb_cdcacm.o
                0x20000d78                Device_Table
 .data.adc1     0x20000d7c        0x8 build//Users/davidcranor/Documents/libmaple/libmaple/stm32f1/adc.o
 .data.adc2     0x20000d84        0x8 build//Users/davidcranor/Documents/libmaple/libmaple/stm32f1/adc.o
 .data.ADC1     0x20000d8c        0x4 build//Users/davidcranor/Documents/libmaple/libmaple/stm32f1/adc.o
                0x20000d8c                ADC1
 .data.ADC2     0x20000d90        0x4 build//Users/davidcranor/Documents/libmaple/libmaple/stm32f1/adc.o
                0x20000d90                ADC2
 .data.DMA1     0x20000d94        0x4 build//Users/davidcranor/Documents/libmaple/libmaple/stm32f1/dma.o
                0x20000d94                DMA1
 .data.dma1     0x20000d98       0x40 build//Users/davidcranor/Documents/libmaple/libmaple/stm32f1/dma.o
 .data.gpioa    0x20000dd8        0x8 build//Users/davidcranor/Documents/libmaple/libmaple/stm32f1/gpio.o
                0x20000dd8                gpioa
 .data.gpiob    0x20000de0        0x8 build//Users/davidcranor/Documents/libmaple/libmaple/stm32f1/gpio.o
                0x20000de0                gpiob
 .data.gpioc    0x20000de8        0x8 build//Users/davidcranor/Documents/libmaple/libmaple/stm32f1/gpio.o
                0x20000de8                gpioc
 .data.gpiod    0x20000df0        0x8 build//Users/davidcranor/Documents/libmaple/libmaple/stm32f1/gpio.o
                0x20000df0                gpiod
 .data.i2c1     0x20000df8       0x34 build//Users/davidcranor/Documents/libmaple/libmaple/stm32f1/i2c.o
 .data.i2c2     0x20000e2c       0x34 build//Users/davidcranor/Documents/libmaple/libmaple/stm32f1/i2c.o
 .data.reset_regs.1599
                0x20000e60        0x8 build//Users/davidcranor/Documents/libmaple/libmaple/stm32f1/rcc.o
 .data.enable_regs.1595
                0x20000e68        0xc build//Users/davidcranor/Documents/libmaple/libmaple/stm32f1/rcc.o
 .data.USART1   0x20000e74        0x4 build//Users/davidcranor/Documents/libmaple/libmaple/stm32f1/usart.o
                0x20000e74                USART1
 .data.USART2   0x20000e78        0x4 build//Users/davidcranor/Documents/libmaple/libmaple/stm32f1/usart.o
                0x20000e78                USART2
 .data.USART3   0x20000e7c        0x4 build//Users/davidcranor/Documents/libmaple/libmaple/stm32f1/usart.o
                0x20000e7c                USART3
 .data.usart1   0x20000e80       0x50 build//Users/davidcranor/Documents/libmaple/libmaple/stm32f1/usart.o
 .data.usart2   0x20000ed0       0x50 build//Users/davidcranor/Documents/libmaple/libmaple/stm32f1/usart.o
 .data.usart3   0x20000f20       0x50 build//Users/davidcranor/Documents/libmaple/libmaple/stm32f1/usart.o
 .data._ZN6wirish4privL8pll_dataE
                0x20000f70        0x4 build//Users/davidcranor/Documents/libmaple/wirish/stm32f1/boards_setup.o
 .data._ZN6wirish4priv9w_adc_smpE
                0x20000f74        0x1 build//Users/davidcranor/Documents/libmaple/wirish/stm32f1/boards_setup.o
                0x20000f74                _ZN6wirish4priv9w_adc_smpE
 *fill*         0x20000f75        0x1 00
 .data._ZN6wirish4priv9w_adc_preE
                0x20000f76        0x2 build//Users/davidcranor/Documents/libmaple/wirish/stm32f1/boards_setup.o
                0x20000f76                _ZN6wirish4priv9w_adc_preE
 .data._ZN6wirish4priv15w_board_pll_cfgE
                0x20000f78        0x8 build//Users/davidcranor/Documents/libmaple/wirish/stm32f1/boards_setup.o
                0x20000f78                _ZN6wirish4priv15w_board_pll_cfgE
 .data.PIN_MAP  0x20000f80      0x220 build//Users/davidcranor/Documents/libmaple/wirish/boards/maple_mini/board.o
                0x20000f80                PIN_MAP
 .data.uxPreviousTask
                0x200011a0        0x4 build//Users/davidcranor/Documents/libmaple/libraries/FreeRTOS/utility/tasks.o
 .data.impure_data
                0x200011a4       0xf0 /Users/davidcranor/Documents/arm/bin/../lib/gcc/arm-none-eabi/4.4.1/../../../../arm-none-eabi/lib/thumb2/libc.a(lib_a-impure.o)
 .data._impure_ptr
                0x20001294        0x4 /Users/davidcranor/Documents/arm/bin/../lib/gcc/arm-none-eabi/4.4.1/../../../../arm-none-eabi/lib/thumb2/libc.a(lib_a-impure.o)
                0x20001294                _impure_ptr
 .data.__malloc_av_
                0x20001298      0x408 /Users/davidcranor/Documents/arm/bin/../lib/gcc/arm-none-eabi/4.4.1/../../../../arm-none-eabi/lib/thumb2/libc.a(lib_a-mallocr.o)
                0x20001298                __malloc_av_
 .data.__malloc_trim_threshold
                0x200016a0        0x4 /Users/davidcranor/Documents/arm/bin/../lib/gcc/arm-none-eabi/4.4.1/../../../../arm-none-eabi/lib/thumb2/libc.a(lib_a-mallocr.o)
                0x200016a0                __malloc_trim_threshold
 .data.__malloc_sbrk_base
                0x200016a4        0x4 /Users/davidcranor/Documents/arm/bin/../lib/gcc/arm-none-eabi/4.4.1/../../../../arm-none-eabi/lib/thumb2/libc.a(lib_a-mallocr.o)
                0x200016a4                __malloc_sbrk_base
                0x200016a8                . = ALIGN (0x8)
                0x200016a8                __data_end__ = .

.jcr            0x200016a8        0x0 load address 0x0800a928
 .jcr           0x200016a8        0x0 /Users/davidcranor/Documents/arm/bin/../lib/gcc/arm-none-eabi/4.4.1/thumb2/crtbegin.o

.rodata         0x0800a928      0x544
 *(.rodata .rodata.* .gnu.linkonce.r.*)
 .rodata.str1.1
                0x0800a928       0x8f build//Users/davidcranor/Documents/libmaple/libmaple/timer.o
 .rodata.str1.1
                0x0800a9b7       0x3f build//Users/davidcranor/Documents/libmaple/libmaple/util.o
                                 0x42 (size before relaxing)
 .rodata.str1.1
                0x0800a9f6       0x71 build//Users/davidcranor/Documents/libmaple/libmaple/i2c.o
                                 0x73 (size before relaxing)
 .rodata.str1.1
                0x0800aa67       0x55 build//Users/davidcranor/Documents/libmaple/libmaple/usb/stm32f1/usb.o
 .rodata.usbVcomDescriptor_iProduct
                0x0800aabc        0xc build//Users/davidcranor/Documents/libmaple/libmaple/usb/stm32f1/usb_cdcacm.o
 .rodata.usbVcomDescriptor_iManufacturer
                0x0800aac8       0x14 build//Users/davidcranor/Documents/libmaple/libmaple/usb/stm32f1/usb_cdcacm.o
 .rodata.usbVcomDescriptor_Device
                0x0800aadc       0x14 build//Users/davidcranor/Documents/libmaple/libmaple/usb/stm32f1/usb_cdcacm.o
 .rodata.usbVcomDescriptor_Config
                0x0800aaf0       0x44 build//Users/davidcranor/Documents/libmaple/libmaple/usb/stm32f1/usb_cdcacm.o
 .rodata.usbVcomDescriptor_LangID
                0x0800ab34        0x4 build//Users/davidcranor/Documents/libmaple/libmaple/usb/stm32f1/usb_cdcacm.o
 .rodata.CSWTCH.39
                0x0800ab38        0x8 build//Users/davidcranor/Documents/libmaple/libmaple/usb/stm32f1/usb_cdcacm.o
 .rodata.GPIOA  0x0800ab40        0x4 build//Users/davidcranor/Documents/libmaple/libmaple/stm32f1/gpio.o
                0x0800ab40                GPIOA
 .rodata.GPIOB  0x0800ab44        0x4 build//Users/davidcranor/Documents/libmaple/libmaple/stm32f1/gpio.o
                0x0800ab44                GPIOB
 .rodata.GPIOC  0x0800ab48        0x4 build//Users/davidcranor/Documents/libmaple/libmaple/stm32f1/gpio.o
                0x0800ab48                GPIOC
 .rodata.masks.1604
                0x0800ab4c       0x14 build//Users/davidcranor/Documents/libmaple/libmaple/stm32f1/rcc.o
 .rodata.str1.1
                0x0800ab60       0x93 build//Users/davidcranor/Documents/libmaple/libmaple/stm32f1/rcc.o
 *fill*         0x0800abf3        0x1 00
 .rodata.rcc_dev_table
                0x0800abf4       0x5c build//Users/davidcranor/Documents/libmaple/libmaple/stm32f1/rcc.o
                0x0800abf4                rcc_dev_table
 .rodata.str1.1
                0x0800ac50       0x4b build//Users/davidcranor/Documents/libmaple/libmaple/stm32f1/usart.o
 .rodata.str1.1
                0x0800ac9b       0x65 build//Users/davidcranor/Documents/libmaple/wirish/HardwareSerial.o
 .rodata._ZTV14HardwareSerial
                0x0800ad00       0x18 build//Users/davidcranor/Documents/libmaple/wirish/HardwareSerial.o
                0x0800ad00                _ZTV14HardwareSerial
 .rodata.str1.1
                0x0800ad18       0x51 build//Users/davidcranor/Documents/libmaple/wirish/HardwareTimer.o
 *fill*         0x0800ad69        0x7 00
 .rodata._ZTV5Print
                0x0800ad70       0x18 build//Users/davidcranor/Documents/libmaple/wirish/Print.o
                0x0800ad70                _ZTV5Print
 .rodata.str1.1
                0x0800ad88       0x3c build//Users/davidcranor/Documents/libmaple/wirish/usb_serial.o
                                 0x3e (size before relaxing)
 *fill*         0x0800adc4        0x4 00
 .rodata._ZTV9USBSerial
                0x0800adc8       0x18 build//Users/davidcranor/Documents/libmaple/wirish/usb_serial.o
                0x0800adc8                _ZTV9USBSerial
 .rodata.str1.1
                0x0800ade0       0x48 build//Users/davidcranor/Documents/libmaple/wirish/stm32f1/wirish_digital.o
                                 0x4a (size before relaxing)
 .rodata._ZTV8WireBase
                0x0800ae28       0x10 build//Users/davidcranor/Documents/libmaple/libraries/Wire/WireBase.o
                0x0800ae28                _ZTV8WireBase
 .rodata._ZTV7TwoWire
                0x0800ae38       0x10 build//Users/davidcranor/Documents/libmaple/libraries/Wire/Wire.o
                0x0800ae38                _ZTV7TwoWire
 .rodata.ucExpectedStackBytes.3388
                0x0800ae48       0x14 build//Users/davidcranor/Documents/libmaple/libraries/FreeRTOS/utility/tasks.o
 .rodata._ZZN7MCP203518updateColumnParityEvE4C.31
                0x0800ae5c        0x8 build//Users/davidcranor/Documents/libmaple/libraries/MCP2035/MCP2035.o
 .rodata.str1.1
                0x00000000       0x48 /Users/davidcranor/Documents/arm/bin/../lib/gcc/arm-none-eabi/4.4.1/../../../../arm-none-eabi/lib/thumb2/libc.a(lib_a-impure.o)
                                  0x2 (size before relaxing)
 .rodata._global_impure_ptr
                0x0800ae64        0x4 /Users/davidcranor/Documents/arm/bin/../lib/gcc/arm-none-eabi/4.4.1/../../../../arm-none-eabi/lib/thumb2/libc.a(lib_a-impure.o)
                0x0800ae64                _global_impure_ptr
 *(.USER_FLASH)
                0x0800ae68                . = ALIGN (0x4)
                0x0800ae68                _lm_rom_img_cfgp = .
                0x0800ae68        0x4 LONG 0x8009e80 LOADADDR (.data)
                [0x20001a28]                _lm_heap_start = DEFINED (_lm_heap_start)?_lm_heap_start:_end
                [0x20005000]                _lm_heap_end = DEFINED (_lm_heap_end)?_lm_heap_end:__msp_init

.bss            0x200016a8      0x380
                0x200016a8                . = ALIGN (0x8)
                0x200016a8                __bss_start__ = .
 *(.bss .bss.* .gnu.linkonce.b.*)
 .bss           0x200016a8        0x1 /Users/davidcranor/Documents/arm/bin/../lib/gcc/arm-none-eabi/4.4.1/thumb2/crtbegin.o
 *fill*         0x200016a9        0x3 00
 .bss.exti_channels
                0x200016ac       0x80 build//Users/davidcranor/Documents/libmaple/libmaple/exti.o
 .bss.systick_user_callback
                0x2000172c        0x4 build//Users/davidcranor/Documents/libmaple/libmaple/systick.o
 .bss.n_unsent_bytes
                0x20001730        0x4 build//Users/davidcranor/Documents/libmaple/libmaple/usb/stm32f1/usb_cdcacm.o
 .bss.vcomBufferRx
                0x20001734       0x40 build//Users/davidcranor/Documents/libmaple/libmaple/usb/stm32f1/usb_cdcacm.o
 .bss.rx_hook   0x20001774        0x4 build//Users/davidcranor/Documents/libmaple/libmaple/usb/stm32f1/usb_cdcacm.o
 .bss.rx_offset
                0x20001778        0x4 build//Users/davidcranor/Documents/libmaple/libmaple/usb/stm32f1/usb_cdcacm.o
 .bss.line_dtr_rts
                0x2000177c        0x1 build//Users/davidcranor/Documents/libmaple/libmaple/usb/stm32f1/usb_cdcacm.o
 .bss.transmitting
                0x2000177d        0x1 build//Users/davidcranor/Documents/libmaple/libmaple/usb/stm32f1/usb_cdcacm.o
 *fill*         0x2000177e        0x2 00
 .bss.iface_setup_hook
                0x20001780        0x4 build//Users/davidcranor/Documents/libmaple/libmaple/usb/stm32f1/usb_cdcacm.o
 .bss.n_unread_bytes
                0x20001784        0x4 build//Users/davidcranor/Documents/libmaple/libmaple/usb/stm32f1/usb_cdcacm.o
 .bss.Data_Mul_MaxPacketSize
                0x20001788        0x1 build//Users/davidcranor/Documents/libmaple/libmaple/usb/usb_lib/usb_core.o
                0x20001788                Data_Mul_MaxPacketSize
 *fill*         0x20001789        0x3 00
 .bss.usart1_rb
                0x2000178c        0xc build//Users/davidcranor/Documents/libmaple/libmaple/stm32f1/usart.o
 .bss.usart2_rb
                0x20001798        0xc build//Users/davidcranor/Documents/libmaple/libmaple/stm32f1/usart.o
 .bss.usart3_rb
                0x200017a4        0xc build//Users/davidcranor/Documents/libmaple/libmaple/stm32f1/usart.o
 .bss.pbreak.1616
                0x200017b0        0x4 build//Users/davidcranor/Documents/libmaple/wirish/syscalls.o
 .bss.Serial1   0x200017b4        0xc build//Users/davidcranor/Documents/libmaple/wirish/HardwareSerial.o
                0x200017b4                Serial1
 .bss.Serial2   0x200017c0        0xc build//Users/davidcranor/Documents/libmaple/wirish/HardwareSerial.o
                0x200017c0                Serial2
 .bss.Serial3   0x200017cc        0xc build//Users/davidcranor/Documents/libmaple/wirish/HardwareSerial.o
                0x200017cc                Serial3
 .bss.Timer1    0x200017d8        0x4 build//Users/davidcranor/Documents/libmaple/wirish/HardwareTimer.o
                0x200017d8                Timer1
 .bss.Timer2    0x200017dc        0x4 build//Users/davidcranor/Documents/libmaple/wirish/HardwareTimer.o
                0x200017dc                Timer2
 .bss.Timer3    0x200017e0        0x4 build//Users/davidcranor/Documents/libmaple/wirish/HardwareTimer.o
                0x200017e0                Timer3
 .bss.Timer4    0x200017e4        0x4 build//Users/davidcranor/Documents/libmaple/wirish/HardwareTimer.o
                0x200017e4                Timer4
 .bss._ZL7this_id
                0x200017e8        0x1 build//Users/davidcranor/Documents/libmaple/wirish/HardwareTimer.o
 *fill*         0x200017e9        0x3 00
 .bss._ZL9this_devp
                0x200017ec        0x4 build//Users/davidcranor/Documents/libmaple/wirish/HardwareTimer.o
 .bss._ZL11reset_state
                0x200017f0        0x1 build//Users/davidcranor/Documents/libmaple/wirish/usb_serial.o
 *fill*         0x200017f1        0x3 00
 .bss.SerialUSB
                0x200017f4        0x4 build//Users/davidcranor/Documents/libmaple/wirish/usb_serial.o
                0x200017f4                SerialUSB
 .bss.Wire      0x200017f8       0x58 build//Users/davidcranor/Documents/libmaple/libraries/Wire/Wire.o
                0x200017f8                Wire
 .bss.uxTopReadyPriority
                0x20001850        0x4 build//Users/davidcranor/Documents/libmaple/libraries/FreeRTOS/utility/tasks.o
 .bss.xTickCount
                0x20001854        0x4 build//Users/davidcranor/Documents/libmaple/libraries/FreeRTOS/utility/tasks.o
 .bss.pxReadyTasksLists
                0x20001858       0x64 build//Users/davidcranor/Documents/libmaple/libraries/FreeRTOS/utility/tasks.o
 .bss.xTracing  0x200018bc        0x4 build//Users/davidcranor/Documents/libmaple/libraries/FreeRTOS/utility/tasks.o
 .bss.xMissedYield
                0x200018c0        0x4 build//Users/davidcranor/Documents/libmaple/libraries/FreeRTOS/utility/tasks.o
 .bss.pcTraceBuffer
                0x200018c4        0x4 build//Users/davidcranor/Documents/libmaple/libraries/FreeRTOS/utility/tasks.o
 .bss.pxCurrentTCB
                0x200018c8        0x4 build//Users/davidcranor/Documents/libmaple/libraries/FreeRTOS/utility/tasks.o
                0x200018c8                pxCurrentTCB
 .bss.uxSchedulerSuspended
                0x200018cc        0x4 build//Users/davidcranor/Documents/libmaple/libraries/FreeRTOS/utility/tasks.o
 .bss.pcTraceBufferEnd
                0x200018d0        0x4 build//Users/davidcranor/Documents/libmaple/libraries/FreeRTOS/utility/tasks.o
 .bss.samplePointer
                0x200018d4        0x2 build/main.o
                0x200018d4                samplePointer
 *fill*         0x200018d6        0x2 00
 .bss.Receiver  0x200018d8        0x4 build/main.o
                0x200018d8                Receiver
 .bss.samplesReady
                0x200018dc        0x1 build/main.o
                0x200018dc                samplesReady
 *fill*         0x200018dd        0x1 00
 .bss.data      0x200018de        0x2 build/main.o
                0x200018de                data
 .bss.sampleArray
                0x200018e0       0xc0 build/main.o
                0x200018e0                sampleArray
 .bss.debugPinState
                0x200019a0        0x1 build/main.o
                0x200019a0                debugPinState
 *fill*         0x200019a1        0x3 00
 .bss.timer     0x200019a4        0x4 build/main.o
                0x200019a4                timer
 .bss.currentSample
                0x200019a8        0x1 build/main.o
                0x200019a8                currentSample
 *fill*         0x200019a9        0x3 00
 .bss.__malloc_max_total_mem
                0x200019ac        0x4 /Users/davidcranor/Documents/arm/bin/../lib/gcc/arm-none-eabi/4.4.1/../../../../arm-none-eabi/lib/thumb2/libc.a(lib_a-mallocr.o)
                0x200019ac                __malloc_max_total_mem
 .bss.__malloc_max_sbrked_mem
                0x200019b0        0x4 /Users/davidcranor/Documents/arm/bin/../lib/gcc/arm-none-eabi/4.4.1/../../../../arm-none-eabi/lib/thumb2/libc.a(lib_a-mallocr.o)
                0x200019b0                __malloc_max_sbrked_mem
 .bss.__malloc_top_pad
                0x200019b4        0x4 /Users/davidcranor/Documents/arm/bin/../lib/gcc/arm-none-eabi/4.4.1/../../../../arm-none-eabi/lib/thumb2/libc.a(lib_a-mallocr.o)
                0x200019b4                __malloc_top_pad
 .bss.__malloc_current_mallinfo
                0x200019b8       0x28 /Users/davidcranor/Documents/arm/bin/../lib/gcc/arm-none-eabi/4.4.1/../../../../arm-none-eabi/lib/thumb2/libc.a(lib_a-mallocr.o)
                0x200019b8                __malloc_current_mallinfo
 *(COMMON)
 COMMON         0x200019e0        0x4 build//Users/davidcranor/Documents/libmaple/libmaple/systick.o
                0x200019e0                systick_uptime_millis
 COMMON         0x200019e4        0x6 build//Users/davidcranor/Documents/libmaple/libmaple/usb/stm32f1/usb.o
                0x200019e4                SaveRState
                0x200019e6                SaveTState
                0x200019e8                ResumeS
 *fill*         0x200019ea        0x2 00
 COMMON         0x200019ec        0x2 build//Users/davidcranor/Documents/libmaple/libmaple/usb/usb_lib/usb_core.o
                0x200019ec                StatusInfo
 *fill*         0x200019ee        0x2 00
 COMMON         0x200019f0       0x32 build//Users/davidcranor/Documents/libmaple/libmaple/usb/usb_lib/usb_init.o
                0x200019f0                SaveState
                0x200019f4                pProperty
                0x200019f8                EPindex
                0x200019fc                Device_Info
                0x20001a18                pUser_Standard_Requests
                0x20001a1c                pInformation
                0x20001a20                wInterrupt_Mask
 *fill*         0x20001a22        0x2 00
 COMMON         0x20001a24        0x4 /Users/davidcranor/Documents/arm/bin/../lib/gcc/arm-none-eabi/4.4.1/../../../../arm-none-eabi/lib/thumb2/libc.a(lib_a-reent.o)
                0x20001a24                errno
                0x20001a28                . = ALIGN (0x8)
                0x20001a28                __bss_end__ = .
                0x20001a28                _end = __bss_end__

.stab
 *(.stab)

.stabstr
 *(.stabstr)

.debug
 *(.debug)

.line
 *(.line)

.debug_srcinfo
 *(.debug_srcinfo)

.debug_sfnames
 *(.debug_sfnames)

.comment        0x00000000      0x7aa
 .comment       0x00000000       0x12 /Users/davidcranor/Documents/arm/bin/../lib/gcc/arm-none-eabi/4.4.1/thumb2/crtbegin.o
 .comment       0x00000012       0x12 build//Users/davidcranor/Documents/libmaple/libmaple/adc.o
 .comment       0x00000024       0x12 build//Users/davidcranor/Documents/libmaple/libmaple/dac.o
 .comment       0x00000036       0x12 build//Users/davidcranor/Documents/libmaple/libmaple/dma.o
 .comment       0x00000048       0x12 build//Users/davidcranor/Documents/libmaple/libmaple/exti.o
 .comment       0x0000005a       0x12 build//Users/davidcranor/Documents/libmaple/libmaple/flash.o
 .comment       0x0000006c       0x12 build//Users/davidcranor/Documents/libmaple/libmaple/gpio.o
 .comment       0x0000007e       0x12 build//Users/davidcranor/Documents/libmaple/libmaple/iwdg.o
 .comment       0x00000090       0x12 build//Users/davidcranor/Documents/libmaple/libmaple/nvic.o
 .comment       0x000000a2       0x12 build//Users/davidcranor/Documents/libmaple/libmaple/pwr.o
 .comment       0x000000b4       0x12 build//Users/davidcranor/Documents/libmaple/libmaple/rcc.o
 .comment       0x000000c6       0x12 build//Users/davidcranor/Documents/libmaple/libmaple/spi.o
 .comment       0x000000d8       0x12 build//Users/davidcranor/Documents/libmaple/libmaple/systick.o
 .comment       0x000000ea       0x12 build//Users/davidcranor/Documents/libmaple/libmaple/timer.o
 .comment       0x000000fc       0x12 build//Users/davidcranor/Documents/libmaple/libmaple/usart.o
 .comment       0x0000010e       0x12 build//Users/davidcranor/Documents/libmaple/libmaple/usart_private.o
 .comment       0x00000120       0x12 build//Users/davidcranor/Documents/libmaple/libmaple/util.o
 .comment       0x00000132       0x12 build//Users/davidcranor/Documents/libmaple/libmaple/i2c.o
 .comment       0x00000144       0x12 build//Users/davidcranor/Documents/libmaple/libmaple/usb/stm32f1/usb.o
 .comment       0x00000156       0x12 build//Users/davidcranor/Documents/libmaple/libmaple/usb/stm32f1/usb_reg_map.o
 .comment       0x00000168       0x12 build//Users/davidcranor/Documents/libmaple/libmaple/usb/stm32f1/usb_cdcacm.o
 .comment       0x0000017a       0x12 build//Users/davidcranor/Documents/libmaple/libmaple/usb/usb_lib/usb_core.o
 .comment       0x0000018c       0x12 build//Users/davidcranor/Documents/libmaple/libmaple/usb/usb_lib/usb_init.o
 .comment       0x0000019e       0x12 build//Users/davidcranor/Documents/libmaple/libmaple/usb/usb_lib/usb_mem.o
 .comment       0x000001b0       0x12 build//Users/davidcranor/Documents/libmaple/libmaple/usb/usb_lib/usb_regs.o
 .comment       0x000001c2       0x12 build//Users/davidcranor/Documents/libmaple/libmaple/stm32f1/adc.o
 .comment       0x000001d4       0x12 build//Users/davidcranor/Documents/libmaple/libmaple/stm32f1/bkp.o
 .comment       0x000001e6       0x12 build//Users/davidcranor/Documents/libmaple/libmaple/stm32f1/dma.o
 .comment       0x000001f8       0x12 build//Users/davidcranor/Documents/libmaple/libmaple/stm32f1/exti.o
 .comment       0x0000020a       0x12 build//Users/davidcranor/Documents/libmaple/libmaple/stm32f1/fsmc.o
 .comment       0x0000021c       0x12 build//Users/davidcranor/Documents/libmaple/libmaple/stm32f1/gpio.o
 .comment       0x0000022e       0x12 build//Users/davidcranor/Documents/libmaple/libmaple/stm32f1/i2c.o
 .comment       0x00000240       0x12 build//Users/davidcranor/Documents/libmaple/libmaple/stm32f1/rcc.o
 .comment       0x00000252       0x12 build//Users/davidcranor/Documents/libmaple/libmaple/stm32f1/spi.o
 .comment       0x00000264       0x12 build//Users/davidcranor/Documents/libmaple/libmaple/stm32f1/timer.o
 .comment       0x00000276       0x12 build//Users/davidcranor/Documents/libmaple/libmaple/stm32f1/usart.o
 .comment       0x00000288       0x12 build//Users/davidcranor/Documents/libmaple/wirish/start_c.o
 .comment       0x0000029a       0x12 build//Users/davidcranor/Documents/libmaple/wirish/syscalls.o
 .comment       0x000002ac       0x12 build//Users/davidcranor/Documents/libmaple/wirish/stm32f1/util_hooks.o
 .comment       0x000002be       0x12 build//Users/davidcranor/Documents/libmaple/wirish/boards.o
 .comment       0x000002d0       0x12 build//Users/davidcranor/Documents/libmaple/wirish/cxxabi-compat.o
 .comment       0x000002e2       0x12 build//Users/davidcranor/Documents/libmaple/wirish/ext_interrupts.o
 .comment       0x000002f4       0x12 build//Users/davidcranor/Documents/libmaple/wirish/HardwareSerial.o
 .comment       0x00000306       0x12 build//Users/davidcranor/Documents/libmaple/wirish/HardwareTimer.o
 .comment       0x00000318       0x12 build//Users/davidcranor/Documents/libmaple/wirish/Print.o
 .comment       0x0000032a       0x12 build//Users/davidcranor/Documents/libmaple/wirish/pwm.o
 .comment       0x0000033c       0x12 build//Users/davidcranor/Documents/libmaple/wirish/usb_serial.o
 .comment       0x0000034e       0x12 build//Users/davidcranor/Documents/libmaple/wirish/HardwareSPI.o
 .comment       0x00000360       0x12 build//Users/davidcranor/Documents/libmaple/wirish/wirish_analog.o
 .comment       0x00000372       0x12 build//Users/davidcranor/Documents/libmaple/wirish/wirish_digital.o
 .comment       0x00000384       0x12 build//Users/davidcranor/Documents/libmaple/wirish/wirish_math.o
 .comment       0x00000396       0x12 build//Users/davidcranor/Documents/libmaple/wirish/wirish_shift.o
 .comment       0x000003a8       0x12 build//Users/davidcranor/Documents/libmaple/wirish/wirish_time.o
 .comment       0x000003ba       0x12 build//Users/davidcranor/Documents/libmaple/wirish/stm32f1/boards_setup.o
 .comment       0x000003cc       0x12 build//Users/davidcranor/Documents/libmaple/wirish/stm32f1/wirish_digital.o
 .comment       0x000003de       0x12 build//Users/davidcranor/Documents/libmaple/wirish/stm32f1/wirish_debug.o
 .comment       0x000003f0       0x12 build//Users/davidcranor/Documents/libmaple/wirish/boards/maple_mini/board.o
 .comment       0x00000402       0x12 build//Users/davidcranor/Documents/libmaple/libraries/Servo/Servo.o
 .comment       0x00000414       0x12 build//Users/davidcranor/Documents/libmaple/libraries/LiquidCrystal/LiquidCrystal.o
 .comment       0x00000426       0x12 build//Users/davidcranor/Documents/libmaple/libraries/Wire/WireBase.o
 .comment       0x00000438       0x12 build//Users/davidcranor/Documents/libmaple/libraries/Wire/HardWire.o
 .comment       0x0000044a       0x12 build//Users/davidcranor/Documents/libmaple/libraries/Wire/Wire.o
 .comment       0x0000045c       0x12 build//Users/davidcranor/Documents/libmaple/libraries/FreeRTOS/utility/croutine.o
 .comment       0x0000046e       0x12 build//Users/davidcranor/Documents/libmaple/libraries/FreeRTOS/utility/heap_2.o
 .comment       0x00000480       0x12 build//Users/davidcranor/Documents/libmaple/libraries/FreeRTOS/utility/list.o
 .comment       0x00000492       0x12 build//Users/davidcranor/Documents/libmaple/libraries/FreeRTOS/utility/port.o
 .comment       0x000004a4       0x12 build//Users/davidcranor/Documents/libmaple/libraries/FreeRTOS/utility/queue.o
 .comment       0x000004b6       0x12 build//Users/davidcranor/Documents/libmaple/libraries/FreeRTOS/utility/timers.o
 .comment       0x000004c8       0x12 build//Users/davidcranor/Documents/libmaple/libraries/FreeRTOS/utility/tasks.o
 .comment       0x000004da       0x12 build//Users/davidcranor/Documents/libmaple/libraries/FreeRTOS/MapleFreeRTOS.o
 .comment       0x000004ec       0x12 build//Users/davidcranor/Documents/libmaple/libraries/MCP2035/MCP2035.o
 .comment       0x000004fe       0x12 build/main.o
 .comment       0x00000510       0x12 /Users/davidcranor/Documents/arm/bin/../lib/gcc/arm-none-eabi/4.4.1/../../../../arm-none-eabi/lib/thumb2/libstdc++.a(atexit_arm.o)
 .comment       0x00000522       0x12 /Users/davidcranor/Documents/arm/bin/../lib/gcc/arm-none-eabi/4.4.1/thumb2/libgcc.a(_fixdfdi.o)
 .comment       0x00000534       0x12 /Users/davidcranor/Documents/arm/bin/../lib/gcc/arm-none-eabi/4.4.1/thumb2/libgcc.a(_fixunsdfdi.o)
 .comment       0x00000546       0x12 /Users/davidcranor/Documents/arm/bin/../lib/gcc/arm-none-eabi/4.4.1/thumb2/libgcc.a(bpabi.o)
 .comment       0x00000558       0x12 /Users/davidcranor/Documents/arm/bin/../lib/gcc/arm-none-eabi/4.4.1/thumb2/libgcc.a(_divdi3.o)
 .comment       0x0000056a       0x12 /Users/davidcranor/Documents/arm/bin/../lib/gcc/arm-none-eabi/4.4.1/thumb2/libgcc.a(_udivdi3.o)
 .comment       0x0000057c       0x12 /Users/davidcranor/Documents/arm/bin/../lib/gcc/arm-none-eabi/4.4.1/../../../../arm-none-eabi/lib/thumb2/libc.a(lib_a-cxa_atexit.o)
 .comment       0x0000058e       0x12 /Users/davidcranor/Documents/arm/bin/../lib/gcc/arm-none-eabi/4.4.1/../../../../arm-none-eabi/lib/thumb2/libc.a(lib_a-errno.o)
 .comment       0x000005a0       0x12 /Users/davidcranor/Documents/arm/bin/../lib/gcc/arm-none-eabi/4.4.1/../../../../arm-none-eabi/lib/thumb2/libc.a(lib_a-impure.o)
 .comment       0x000005b2       0x12 /Users/davidcranor/Documents/arm/bin/../lib/gcc/arm-none-eabi/4.4.1/../../../../arm-none-eabi/lib/thumb2/libc.a(lib_a-init.o)
 .comment       0x000005c4       0x12 /Users/davidcranor/Documents/arm/bin/../lib/gcc/arm-none-eabi/4.4.1/../../../../arm-none-eabi/lib/thumb2/libc.a(lib_a-memcmp.o)
 .comment       0x000005d6       0x12 /Users/davidcranor/Documents/arm/bin/../lib/gcc/arm-none-eabi/4.4.1/../../../../arm-none-eabi/lib/thumb2/libc.a(lib_a-memcpy.o)
 .comment       0x000005e8       0x12 /Users/davidcranor/Documents/arm/bin/../lib/gcc/arm-none-eabi/4.4.1/../../../../arm-none-eabi/lib/thumb2/libc.a(lib_a-memset.o)